Archive member included to satisfy reference by file (symbol)

.pio/build/teensy41/lib466/libEtherkit Si5351.a(si5351.cpp.o)
                              .pio/build/teensy41/src/RA8875_DX_FT8_21.ino.cpp.o (Si5351::Si5351(unsigned char))
.pio/build/teensy41/lib16a/libRa8876LiteTeensy.a(RA8876_t3.cpp.o)
                              .pio/build/teensy41/src/RA8875_DX_FT8_21.ino.cpp.o (RA8876_t3::RA8876_t3(unsigned char, unsigned char, unsigned char, unsigned char, unsigned char))
.pio/build/teensy41/lib16a/libRa8876LiteTeensy.a(glcdfont.c.o)
                              .pio/build/teensy41/lib16a/libRa8876LiteTeensy.a(RA8876_t3.cpp.o) (glcdfont)
.pio/build/teensy41/lib269/libSdFat.a(ExFatFile.cpp.o)
                              .pio/build/teensy41/src/ADIF.cpp.o (ExFatFile::getCreateDateTime(unsigned short*, unsigned short*))
.pio/build/teensy41/lib269/libSdFat.a(ExFatFileWrite.cpp.o)
                              .pio/build/teensy41/lib269/libSdFat.a(ExFatFile.cpp.o) (ExFatFile::remove())
.pio/build/teensy41/lib269/libSdFat.a(ExFatName.cpp.o)
                              .pio/build/teensy41/lib269/libSdFat.a(ExFatFile.cpp.o) (ExFatFile::cmpName(DirName_t const*, ExName_t*))
.pio/build/teensy41/lib269/libSdFat.a(ExFatPartition.cpp.o)
                              .pio/build/teensy41/lib269/libSdFat.a(ExFatFileWrite.cpp.o) (ExFatPartition::bitmapFind(unsigned long, unsigned long))
.pio/build/teensy41/lib269/libSdFat.a(ExFatVolume.cpp.o)
                              .pio/build/teensy41/lib269/libSdFat.a(ExFatFile.cpp.o) (ExFatVolume::m_cwv)
.pio/build/teensy41/lib269/libSdFat.a(FatFile.cpp.o)
                              .pio/build/teensy41/src/ADIF.cpp.o (FatFile::getCreateDateTime(unsigned short*, unsigned short*))
.pio/build/teensy41/lib269/libSdFat.a(FatFileLFN.cpp.o)
                              .pio/build/teensy41/lib269/libSdFat.a(FatFile.cpp.o) (FatFile::open(FatFile*, FatLfn_t*, int))
.pio/build/teensy41/lib269/libSdFat.a(FatName.cpp.o)
                              .pio/build/teensy41/lib269/libSdFat.a(FatFileLFN.cpp.o) (FatFile::getLfnChar(DirLfn_t*, unsigned char))
.pio/build/teensy41/lib269/libSdFat.a(FatPartition.cpp.o)
                              .pio/build/teensy41/lib269/libSdFat.a(FatFile.cpp.o) (FatPartition::allocateCluster(unsigned long, unsigned long*))
.pio/build/teensy41/lib269/libSdFat.a(FatVolume.cpp.o)
                              .pio/build/teensy41/lib269/libSdFat.a(FatFile.cpp.o) (FatVolume::m_cwv)
.pio/build/teensy41/lib269/libSdFat.a(FsFile.cpp.o)
                              .pio/build/teensy41/src/ADIF.cpp.o (FsBaseFile::FsBaseFile(FsBaseFile const&))
.pio/build/teensy41/lib269/libSdFat.a(FsNew.cpp.o)
                              .pio/build/teensy41/lib269/libSdFat.a(FsFile.cpp.o) (operator new(unsigned int, unsigned long*))
.pio/build/teensy41/lib269/libSdFat.a(FsVolume.cpp.o)
                              .pio/build/teensy41/src/ADIF.cpp.o (FsVolume::open(char const*, int))
.pio/build/teensy41/lib269/libSdFat.a(FsCache.cpp.o)
                              .pio/build/teensy41/lib269/libSdFat.a(ExFatFile.cpp.o) (FsCache::sync())
.pio/build/teensy41/lib269/libSdFat.a(FsDateTime.cpp.o)
                              .pio/build/teensy41/lib269/libSdFat.a(ExFatFile.cpp.o) (FsDateTime::callback)
.pio/build/teensy41/lib269/libSdFat.a(FsName.cpp.o)
                              .pio/build/teensy41/lib269/libSdFat.a(ExFatFile.cpp.o) (FsName::get16())
.pio/build/teensy41/lib269/libSdFat.a(FsUtf.cpp.o)
                              .pio/build/teensy41/lib269/libSdFat.a(ExFatName.cpp.o) (FsUtf::cpToMb(unsigned long, char*, char*))
.pio/build/teensy41/lib269/libSdFat.a(upcase.cpp.o)
                              .pio/build/teensy41/lib269/libSdFat.a(ExFatName.cpp.o) (toUpcase(unsigned short))
.pio/build/teensy41/lib269/libSdFat.a(ExFatFilePrint.cpp.o)
                              .pio/build/teensy41/lib269/libSdFat.a(FsVolume.cpp.o) (ExFatFile::ls(Print*, unsigned char, unsigned char))
.pio/build/teensy41/lib269/libSdFat.a(FatFilePrint.cpp.o)
                              .pio/build/teensy41/lib269/libSdFat.a(FsVolume.cpp.o) (FatFile::ls(Print*, unsigned char, unsigned char))
.pio/build/teensy41/lib269/libSdFat.a(FmtNumber.cpp.o)
                              .pio/build/teensy41/lib269/libSdFat.a(FsDateTime.cpp.o) (fmtBase10(char*, unsigned short))
.pio/build/teensy41/libb14/libSD.a(SD.cpp.o)
                              .pio/build/teensy41/src/display.cpp.o (SDClass::begin(unsigned char))
.pio/build/teensy41/liba1f/libTime.a(Time.cpp.o)
                              .pio/build/teensy41/src/RA8875_DX_FT8_21.ino.cpp.o (now())
.pio/build/teensy41/lib972/libAudio.a(control_sgtl5000.cpp.o)
                              .pio/build/teensy41/src/RA8875_DX_FT8_21.ino.cpp.o (AudioControlSGTL5000::write(unsigned int, unsigned int))
.pio/build/teensy41/lib972/libAudio.a(effect_multiply.cpp.o)
[...]
Memory Configuration

Name             Origin             Length             Attributes
ITCM             0x0000000000000000 0x0000000000080000 xrw
DTCM             0x0000000020000000 0x0000000000080000 xrw
RAM              0x0000000020200000 0x0000000000080000 xrw
FLASH            0x0000000060000000 0x00000000007c0000 xrw
ERAM             0x0000000070000000 0x0000000001000000 xrw
*default*        0x0000000000000000 0xffffffffffffffff

Linker script and memory map

LOAD /Users/paul/.platformio/packages/toolchain-gccarmnoneeabi-teensy/bin/../lib/gcc/arm-none-eabi/11.3.1/thumb/v7e-m+dp/hard/crti.o
LOAD /Users/paul/.platformio/packages/toolchain-gccarmnoneeabi-teensy/bin/../lib/gcc/arm-none-eabi/11.3.1/thumb/v7e-m+dp/hard/crtbegin.o
LOAD /Users/paul/.platformio/packages/toolchain-gccarmnoneeabi-teensy/bin/../lib/gcc/arm-none-eabi/11.3.1/../../../../arm-none-eabi/lib/thumb/v7e-m+dp/hard/crt0.o
                0x00000000684eb1ef                __rtc_localtime = 0x684eb1ef
LOAD .pio/build/teensy41/src/ADIF.cpp.o
LOAD .pio/build/teensy41/src/AudioSDRpreProcessor.cpp.o
LOAD .pio/build/teensy41/src/Process_DSP.cpp.o
LOAD .pio/build/teensy41/src/RA8875_DX_FT8_21.ino.cpp.o
LOAD .pio/build/teensy41/src/button.cpp.o
LOAD .pio/build/teensy41/src/constants.cpp.o
LOAD .pio/build/teensy41/src/decode.cpp.o
LOAD .pio/build/teensy41/src/decode_ft8.cpp.o
LOAD .pio/build/teensy41/src/display.cpp.o
LOAD .pio/build/teensy41/src/encode.cpp.o
LOAD .pio/build/teensy41/src/filters.cpp.o
LOAD .pio/build/teensy41/src/gen_ft8.cpp.o
LOAD .pio/build/teensy41/src/ldpc.cpp.o
LOAD .pio/build/teensy41/src/maidenhead.cpp.o
LOAD .pio/build/teensy41/src/options.cpp.o
LOAD .pio/build/teensy41/src/pack.cpp.o
LOAD .pio/build/teensy41/src/text.cpp.o
LOAD .pio/build/teensy41/src/traffic_manager.cpp.o
LOAD .pio/build/teensy41/src/unpack.cpp.o
START GROUP
LOAD .pio/build/teensy41/lib252/libWire.a
LOAD .pio/build/teensy41/lib466/libEtherkit Si5351.a
LOAD .pio/build/teensy41/libedf/libSPI.a
LOAD .pio/build/teensy41/lib0fc/libssd1351.a
LOAD .pio/build/teensy41/lib16a/libRa8876LiteTeensy.a
LOAD .pio/build/teensy41/lib269/libSdFat.a
LOAD .pio/build/teensy41/libb14/libSD.a
LOAD .pio/build/teensy41/liba1f/libTime.a
LOAD .pio/build/teensy41/lib61c/libSerialFlash.a
LOAD .pio/build/teensy41/lib972/libAudio.a
LOAD .pio/build/teensy41/libb83/libTinyGPS.a
LOAD .pio/build/teensy41/lib545/libEEPROM.a
LOAD .pio/build/teensy41/libFrameworkArduino.a
LOAD /Users/paul/.platformio/packages/toolchain-gccarmnoneeabi-teensy/bin/../lib/gcc/arm-none-eabi/11.3.1/../../../../arm-none-eabi/lib/libarm_cortexM7lfsp_math.a
LOAD /Users/paul/.platformio/packages/toolchain-gccarmnoneeabi-teensy/bin/../lib/gcc/arm-none-eabi/11.3.1/../../../../arm-none-eabi/lib/thumb/v7e-m+dp/hard/libstdc++.a
END GROUP
LOAD /Users/paul/.platformio/packages/toolchain-gccarmnoneeabi-teensy/bin/../lib/gcc/arm-none-eabi/11.3.1/../../../../arm-none-eabi/lib/thumb/v7e-m+dp/hard/libstdc++.a
LOAD /Users/paul/.platformio/packages/toolchain-gccarmnoneeabi-teensy/bin/../lib/gcc/arm-none-eabi/11.3.1/../../../../arm-none-eabi/lib/thumb/v7e-m+dp/hard/libm.a
START GROUP
LOAD /Users/paul/.platformio/packages/toolchain-gccarmnoneeabi-teensy/bin/../lib/gcc/arm-none-eabi/11.3.1/thumb/v7e-m+dp/hard/libgcc.a
LOAD /Users/paul/.platformio/packages/toolchain-gccarmnoneeabi-teensy/bin/../lib/gcc/arm-none-eabi/11.3.1/../../../../arm-none-eabi/lib/thumb/v7e-m+dp/hard/libc.a
END GROUP
LOAD /Users/paul/.platformio/packages/toolchain-gccarmnoneeabi-teensy/bin/../lib/gcc/arm-none-eabi/11.3.1/thumb/v7e-m+dp/hard/crtend.o
LOAD /Users/paul/.platformio/packages/toolchain-gccarmnoneeabi-teensy/bin/../lib/gcc/arm-none-eabi/11.3.1/thumb/v7e-m+dp/hard/crtn.o

.text.headers   0x0000000060000000     0x1400
 *(.flashconfig)
 .flashconfig   0x0000000060000000      0x200 .pio/build/teensy41/libFrameworkArduino.a(bootdata.c.o)
                0x0000000060000000                FlexSPI_NOR_Config
 FILL mask 0xff
                0x0000000060001000                . = (ORIGIN (FLASH) + 0x1000)
 *fill*         0x0000000060000200      0xe00 ff
 *(.ivt)
 .ivt           0x0000000060001000       0x20 .pio/build/teensy41/libFrameworkArduino.a(bootdata.c.o)
                0x0000000060001000                ImageVectorTable
 *(.bootdata)
 .bootdata      0x0000000060001020        0xc .pio/build/teensy41/libFrameworkArduino.a(bootdata.c.o)
                0x0000000060001020                BootData
                0x0000000060001400                . = ALIGN (0x400)
 *fill*         0x000000006000102c      0x3d4 ff

.text.code      0x0000000060001400     0x10a4
 *(.startup)
 .startup       0x0000000060001400      0x274 .pio/build/teensy41/libFrameworkArduino.a(startup.c.o)
                0x000000006000164c                ResetHandler
 *(.flashmem*)
 .flashmem      0x0000000060001674      0x26c .pio/build/teensy41/lib16a/libRa8876LiteTeensy.a(RA8876_t3.cpp.o)
                0x0000000060001674                RA8876_t3::begin(unsigned long)
 .flashmem      0x00000000600018e0       0x54 .pio/build/teensy41/lib972/libAudio.a(imxrt_hw.cpp.o)
                0x00000000600018e0                set_audioClock(int, long, unsigned long, bool)
 .flashmem      0x0000000060001934       0xf8 .pio/build/teensy41/libFrameworkArduino.a(AudioStream.cpp.o)
                0x0000000060001934                AudioStream::initialize_memory(audio_block_struct*, unsigned int)
 .flashmem      0x0000000060001a2c      0x500 .pio/build/teensy41/libFrameworkArduino.a(startup.c.o)
                0x0000000060001a2c                startup_early_hook
                0x0000000060001a2c                startup_default_early_hook
                0x0000000060001a30                startup_middle_hook
                0x0000000060001a30                startup_default_middle_hook
                0x0000000060001a34                startup_default_late_hook
                0x0000000060001a34                startup_late_hook
                0x0000000060001a38                startup_debug_reset
                0x0000000060001a3c                configure_cache
                0x0000000060001b4c                configure_external_ram
                0x0000000060001ed0                usb_pll_start
 .flashmem      0x0000000060001f2c      0x130 .pio/build/teensy41/libFrameworkArduino.a(tempmon.c.o)
                0x0000000060001f2c                tempmon_init
 .flashmem      0x000000006000205c      0x13c .pio/build/teensy41/libFrameworkArduino.a(usb.c.o)
                0x000000006000205c                usb_init
                0x0000000060002144                _reboot_Teensyduino_
 .flashmem      0x0000000060002198       0x54 .pio/build/teensy41/libFrameworkArduino.a(analog.c.o)
                0x0000000060002198                analog_init
 .flashmem      0x00000000600021ec      0x17c .pio/build/teensy41/lib252/libWire.a(WireIMXRT.cpp.o)
                0x00000000600021ec                TwoWire::configSDApin(unsigned char)
                0x0000000060002220                TwoWire::setSDA(unsigned char)
                0x0000000060002274                TwoWire::configSCLpin(unsigned char)
                0x00000000600022a8                TwoWire::setSCL(unsigned char)
                0x0000000060002300                TwoWire::begin()
                0x0000000060002368                . = ALIGN (0x4)
 *(.init)
 .init          0x0000000060002368        0x4 /Users/paul/.platformio/packages/toolchain-gccarmnoneeabi-teensy/bin/../lib/gcc/arm-none-eabi/11.3.1/thumb/v7e-m+dp/hard/crti.o
                0x0000000060002368                _init
 .init          0x000000006000236c        0x8 /Users/paul/.platformio/packages/toolchain-gccarmnoneeabi-teensy/bin/../lib/gcc/arm-none-eabi/11.3.1/thumb/v7e-m+dp/hard/crtn.o
 *fill*         0x0000000060002374        0x4 
 .init.__stub   0x0000000060002378      0x100 linker stubs
                0x0000000060002478                __preinit_array_start = .
 *(.preinit_array)
                0x0000000060002478                __preinit_array_end = .
                0x0000000060002478                __init_array_start = .
 *(.init_array)
 .init_array    0x0000000060002478        0x4 /Users/paul/.platformio/packages/toolchain-gccarmnoneeabi-teensy/bin/../lib/gcc/arm-none-eabi/11.3.1/thumb/v7e-m+dp/hard/crtbegin.o
 .init_array    0x000000006000247c        0x4 .pio/build/teensy41/src/ADIF.cpp.o
 .init_array    0x0000000060002480        0x4 .pio/build/teensy41/src/RA8875_DX_FT8_21.ino.cpp.o
 .init_array    0x0000000060002484        0x4 .pio/build/teensy41/src/button.cpp.o
 .init_array    0x0000000060002488        0x4 .pio/build/teensy41/src/display.cpp.o
 .init_array    0x000000006000248c        0x4 .pio/build/teensy41/lib16a/libRa8876LiteTeensy.a(RA8876_t3.cpp.o)
 .init_array    0x0000000060002490        0x4 .pio/build/teensy41/libb14/libSD.a(SD.cpp.o)
 .init_array    0x0000000060002494        0x4 .pio/build/teensy41/lib972/libAudio.a(input_i2s.cpp.o)
 .init_array    0x0000000060002498        0x4 .pio/build/teensy41/lib972/libAudio.a(output_i2s.cpp.o)
 .init_array    0x000000006000249c        0x4 .pio/build/teensy41/libFrameworkArduino.a(IntervalTimer.cpp.o)
 .init_array    0x00000000600024a0        0x4 .pio/build/teensy41/libFrameworkArduino.a(Tone.cpp.o)
                0x00000000600024a4                __init_array_end = .
                0x00000000600024a4                . = ALIGN (0x4)

.text.progmem   0x00000000600024a4   0x21e7cc
 *(.progmem*)
 .progmem       0x00000000600024a4   0x21e1d4 .pio/build/teensy41/src/ADIF.cpp.o
 .progmem       0x0000000060220678      0x400 .pio/build/teensy41/lib16a/libRa8876LiteTeensy.a(RA8876_t3.cpp.o)
                0x0000000060220678                gImage_pen_il
                0x0000000060220778                gImage_arrow_il
                0x0000000060220878                gImage_busy_im
                0x0000000060220978                gImage_no_im
 .progmem       0x0000000060220a78      0x106 .pio/build/teensy41/libFrameworkArduino.a(usb_desc.c.o)
                0x0000000060220a78                usb_string_product_name
                0x0000000060220a78                usb_string_product_name_default
                0x0000000060220a90                usb_string_manufacturer_name_default
                0x0000000060220a90                usb_string_manufacturer_name
                0x0000000060220aa8                string0
                0x0000000060220aac                usb_config_descriptor_12
                0x0000000060220b10                usb_config_descriptor_480
 *fill*         0x0000000060220b7e        0x2 
 .progmem       0x0000000060220b80       0xf0 .pio/build/teensy41/lib252/libWire.a(WireIMXRT.cpp.o)
                0x0000000060220b80                TwoWire::i2c4_hardware
                0x0000000060220bd0                TwoWire::i2c3_hardware
                0x0000000060220c20                TwoWire::i2c1_hardware
                0x0000000060220c70                . = ALIGN (0x4)

.text.itcm      0x0000000000000000    0x26100 load address 0x0000000060220c70
                0x0000000000000020                . = (. + 0x20)
 *fill*         0x0000000000000000       0x20 
 *(.fastrun)
 .fastrun       0x0000000000000020       0xc0 .pio/build/teensy41/libFrameworkArduino.a(interrupt.c.o)
                0x0000000000000020                irq_gpio6789
 *(.text*)
 .text.register_tm_clones
                0x00000000000000e0       0x24 /Users/paul/.platformio/packages/toolchain-gccarmnoneeabi-teensy/bin/../lib/gcc/arm-none-eabi/11.3.1/thumb/v7e-m+dp/hard/crtbegin.o
 .text.frame_dummy
                0x0000000000000104       0x24 /Users/paul/.platformio/packages/toolchain-gccarmnoneeabi-teensy/bin/../lib/gcc/arm-none-eabi/11.3.1/thumb/v7e-m+dp/hard/crtbegin.o
 .text._ZN5Print17availableForWriteEv
                0x0000000000000128        0x4 .pio/build/teensy41/src/ADIF.cpp.o
                0x0000000000000128                Print::availableForWrite()
 .text._ZN5Print5flushEv
                0x000000000000012c        0x4 .pio/build/teensy41/src/ADIF.cpp.o
                0x000000000000012c                Print::flush()
 .text._ZN6SDFile6isOpenEv
                0x0000000000000130       0x14 .pio/build/teensy41/src/ADIF.cpp.o
                0x0000000000000130                SDFile::isOpen()
 .text._ZN6SDFile5closeEv
                0x0000000000000144       0x28 .pio/build/teensy41/src/ADIF.cpp.o
                0x0000000000000144                SDFile::close()
 .text._ZN6SDFile4nameEv
                0x000000000000016c       0x50 .pio/build/teensy41/src/ADIF.cpp.o
                0x000000000000016c                SDFile::name()
 .text._ZN6SDFile8truncateEy
                0x00000000000001bc       0x3c .pio/build/teensy41/src/ADIF.cpp.o
                0x00000000000001bc                SDFile::truncate(unsigned long long)
 .text._ZN6SDFile13setCreateTimeERK14DateTimeFields
                0x00000000000001f8       0x54 .pio/build/teensy41/src/ADIF.cpp.o
                0x00000000000001f8                SDFile::setCreateTime(DateTimeFields const&)
 .text._ZN6SDFile15rewindDirectoryEv
                0x000000000000024c       0x48 .pio/build/teensy41/src/ADIF.cpp.o
                0x000000000000024c                SDFile::rewindDirectory()
 .text._ZN6SDFile13getModifyTimeER14DateTimeFields
                0x0000000000000294       0x70 .pio/build/teensy41/src/ADIF.cpp.o
                0x0000000000000294                SDFile::getModifyTime(DateTimeFields&)
 .text._ZN6SDFile13getCreateTimeER14DateTimeFields
                0x0000000000000304       0x70 .pio/build/teensy41/src/ADIF.cpp.o
                0x0000000000000304                SDFile::getCreateTime(DateTimeFields&)
 .text._ZN4File9availableEv
                0x0000000000000374       0x60 .pio/build/teensy41/src/ADIF.cpp.o
                0x0000000000000374                File::available()
 .text._ZN4File5flushEv
                0x00000000000003d4       0x28 .pio/build/teensy41/src/ADIF.cpp.o
                0x00000000000003d4                File::flush()
 .text._ZN4File4peekEv
                0x00000000000003fc       0x2c .pio/build/teensy41/src/ADIF.cpp.o
                0x00000000000003fc                File::peek()
 .text._ZN4File4readEv
                0x0000000000000428       0x58 .pio/build/teensy41/src/ADIF.cpp.o
                0x0000000000000428                File::read()
 .text._ZN6SDFile8positionEv
                0x0000000000000480       0x1c .pio/build/teensy41/src/ADIF.cpp.o
                0x0000000000000480                SDFile::position()
 .text._ZN6SDFile4sizeEv
                0x000000000000049c       0x1c .pio/build/teensy41/src/ADIF.cpp.o
                0x000000000000049c                SDFile::size()
 .text._ZN6SDFile12openNextFileEh
                0x00000000000004b8       0xb0 .pio/build/teensy41/src/ADIF.cpp.o
                0x00000000000004b8                SDFile::openNextFile(unsigned char)
 .text._ZN10StreamFileI10FsBaseFileyE4peekEv
                0x0000000000000568       0x18 .pio/build/teensy41/src/ADIF.cpp.o
                0x0000000000000568                StreamFile<FsBaseFile, unsigned long long>::peek()
 .text._ZN6SDFile4peekEv
                0x0000000000000580       0x18 .pio/build/teensy41/src/ADIF.cpp.o
                0x0000000000000580                SDFile::peek()
 .text._ZN6SDFile11isDirectoryEv
                0x0000000000000598       0x28 .pio/build/teensy41/src/ADIF.cpp.o
                0x0000000000000598                SDFile::isDirectory()
 .text._ZN6SDFile4readEPvj
                0x00000000000005c0       0x18 .pio/build/teensy41/src/ADIF.cpp.o
                0x00000000000005c0                SDFile::read(void*, unsigned int)
 .text._ZN10StreamFileI10FsBaseFileyE4readEv
                0x00000000000005d8       0x38 .pio/build/teensy41/src/ADIF.cpp.o
                0x00000000000005d8                StreamFile<FsBaseFile, unsigned long long>::read()
 .text._ZN10StreamFileI10FsBaseFileyE5flushEv
                0x0000000000000610       0x14 .pio/build/teensy41/src/ADIF.cpp.o
                0x0000000000000610                StreamFile<FsBaseFile, unsigned long long>::flush()
 .text._ZN6SDFile5flushEv
                0x0000000000000624       0x14 .pio/build/teensy41/src/ADIF.cpp.o
                0x0000000000000624                SDFile::flush()
 .text._ZN6SDFile5writeEPKvj
                0x0000000000000638       0x14 .pio/build/teensy41/src/ADIF.cpp.o
                0x0000000000000638                SDFile::write(void const*, unsigned int)
 .text._ZN10StreamFileI10FsBaseFileyE5writeEPKhj
                0x000000000000064c       0x14 .pio/build/teensy41/src/ADIF.cpp.o
                0x000000000000064c                StreamFile<FsBaseFile, unsigned long long>::write(unsigned char const*, unsigned int)
 .text._ZN10StreamFileI10FsBaseFileyE5writeEh
                0x0000000000000660       0x34 .pio/build/teensy41/src/ADIF.cpp.o
                0x0000000000000660                StreamFile<FsBaseFile, unsigned long long>::write(unsigned char)
 .text._ZN6SDFile13setModifyTimeERK14DateTimeFields
                0x0000000000000694       0x54 .pio/build/teensy41/src/ADIF.cpp.o
                0x0000000000000694                SDFile::setModifyTime(DateTimeFields const&)
 .text._ZN10StreamFileI10FsBaseFileyE9availableEv
                0x00000000000006e8       0x4c .pio/build/teensy41/src/ADIF.cpp.o
                0x00000000000006e8                StreamFile<FsBaseFile, unsigned long long>::available()
 .text._ZN6SDFile9availableEv
                0x0000000000000734       0x4c .pio/build/teensy41/src/ADIF.cpp.o
                0x0000000000000734                SDFile::available()
 .text._ZN4File5writeEPKhj
                0x0000000000000780       0x44 .pio/build/teensy41/src/ADIF.cpp.o
                0x0000000000000780                File::write(unsigned char const*, unsigned int)
 .text._ZN4File5writeEh
                0x00000000000007c4       0x54 .pio/build/teensy41/src/ADIF.cpp.o
                0x00000000000007c4                File::write(unsigned char)
 .text._ZN6SDFileD2Ev
                0x0000000000000818       0x40 .pio/build/teensy41/src/ADIF.cpp.o
                0x0000000000000818                SDFile::~SDFile()
                0x0000000000000818                SDFile::~SDFile()
 .text._ZN6SDFileD0Ev
                0x0000000000000858       0x48 .pio/build/teensy41/src/ADIF.cpp.o
                0x0000000000000858                SDFile::~SDFile()
 .text._ZN6SDFile4seekEyi
                0x00000000000008a0       0x90 .pio/build/teensy41/src/ADIF.cpp.o
                0x00000000000008a0                SDFile::seek(unsigned long long, int)
 .text._ZN4FileD2Ev
                0x0000000000000930       0xa8 .pio/build/teensy41/src/ADIF.cpp.o
                0x0000000000000930                File::~File()
                0x0000000000000930                File::~File()
 .text._ZN4FileD0Ev
                0x00000000000009d8       0xb0 .pio/build/teensy41/src/ADIF.cpp.o
                0x00000000000009d8                File::~File()
 .text._Z9make_datev
                0x0000000000000a88       0x50 .pio/build/teensy41/src/ADIF.cpp.o
                0x0000000000000a88                make_date()
 .text._Z9make_timev
                0x0000000000000ad8       0x50 .pio/build/teensy41/src/ADIF.cpp.o
                0x0000000000000ad8                make_time()
 .text._Z14write_log_dataPc
                0x0000000000000b28      0x250 .pio/build/teensy41/src/ADIF.cpp.o
                0x0000000000000b28                write_log_data(char*)
 .text._Z13Open_Log_Filev
                0x0000000000000d78      0x2ec .pio/build/teensy41/src/ADIF.cpp.o
                0x0000000000000d78                Open_Log_File()
 .text._Z13Init_Log_Filev
                0x0000000000001064       0x44 .pio/build/teensy41/src/ADIF.cpp.o
                0x0000000000001064                Init_Log_File()
 .text._Z9drawImagettttPKt
                0x00000000000010a8       0xb4 .pio/build/teensy41/src/ADIF.cpp.o
                0x00000000000010a8                drawImage(unsigned short, unsigned short, unsigned short, unsigned short, unsigned short const*)
 *fill*         0x000000000000115c        0x4 
 .text._Z11draw_vectorffii
                0x0000000000001160       0xec .pio/build/teensy41/src/ADIF.cpp.o
                0x0000000000001160                draw_vector(float, float, int, int)
 .text._Z23set_Station_CoordinatesPc
                0x000000000000124c       0xa4 .pio/build/teensy41/src/ADIF.cpp.o
                0x000000000000124c                set_Station_Coordinates(char*)
 .text._Z15process_locatorPc
                0x00000000000012f0       0x90 .pio/build/teensy41/src/ADIF.cpp.o
                0x00000000000012f0                process_locator(char*)
 .text._Z8distancedddd
                0x0000000000001380       0x88 .pio/build/teensy41/src/ADIF.cpp.o
                0x0000000000001380                distance(double, double, double, double)
 .text._Z15Target_DistancePc
                0x0000000000001408       0x48 .pio/build/teensy41/src/ADIF.cpp.o
                0x0000000000001408                Target_Distance(char*)
 .text._Z12Map_DistancePc
                0x0000000000001450       0x60 .pio/build/teensy41/src/ADIF.cpp.o
                0x0000000000001450                Map_Distance(char*)
 .text._Z7bearingdddd
                0x00000000000014b0       0xc0 .pio/build/teensy41/src/ADIF.cpp.o
                0x00000000000014b0                bearing(double, double, double, double)
 .text._Z11Map_BearingPc
                0x0000000000001570       0x60 .pio/build/teensy41/src/ADIF.cpp.o
                0x0000000000001570                Map_Bearing(char*)
 .text._Z14write_ADIF_Logv
                0x00000000000015d0      0x130 .pio/build/teensy41/src/ADIF.cpp.o
                0x00000000000015d0                write_ADIF_Log()
 .text._Z8draw_maps
                0x0000000000001700      0x158 .pio/build/teensy41/src/ADIF.cpp.o
                0x0000000000001700                draw_map(short)
 .text.startup._GLOBAL__sub_I_stored_log_entries
                0x0000000000001858       0x18 .pio/build/teensy41/src/ADIF.cpp.o
 .text._ZN20AudioSDRpreProcessor6updateEv
                0x0000000000001870      0x200 .pio/build/teensy41/src/AudioSDRpreProcessor.cpp.o
                0x0000000000001870                AudioSDRpreProcessor::update()
 .text._ZN20AudioSDRpreProcessor26startAutoI2SerrorDetectionEv
                0x0000000000001a70       0x14 .pio/build/teensy41/src/AudioSDRpreProcessor.cpp.o
                0x0000000000001a70                AudioSDRpreProcessor::startAutoI2SerrorDetection()
 .text._Z8init_DSPv
                0x0000000000001a84       0xa4 .pio/build/teensy41/src/Process_DSP.cpp.o
                0x0000000000001a84                init_DSP()
 .text._Z13extract_poweri
                0x0000000000001b28      0x154 .pio/build/teensy41/src/Process_DSP.cpp.o
                0x0000000000001b28                extract_power(int)
 .text._Z23update_offset_waterfalli
                0x0000000000001c7c      0x130 .pio/build/teensy41/src/Process_DSP.cpp.o
                0x0000000000001c7c                update_offset_waterfall(int)
 .text._Z15process_FT8_FFTv
                0x0000000000001dac       0x50 .pio/build/teensy41/src/Process_DSP.cpp.o
                0x0000000000001dac                process_FT8_FFT()
 .text._Z14getTeensy3Timev
                0x0000000000001dfc        0xc .pio/build/teensy41/src/RA8875_DX_FT8_21.ino.cpp.o
                0x0000000000001dfc                getTeensy3Time()
 .text._ZN9RA8876_t3D2Ev
                0x0000000000001e08       0x28 .pio/build/teensy41/src/RA8875_DX_FT8_21.ino.cpp.o
                0x0000000000001e08                RA8876_t3::~RA8876_t3()
                0x0000000000001e08                RA8876_t3::~RA8876_t3()
 .text._ZN14EventResponder12triggerEventEiPv
                0x0000000000001e30       0x18 .pio/build/teensy41/src/RA8875_DX_FT8_21.ino.cpp.o
                0x0000000000001e30                EventResponder::triggerEvent(int, void*)
 .text._ZN15AudioConnectionC2ER11AudioStreamS1_
                0x0000000000001e48       0x24 .pio/build/teensy41/src/RA8875_DX_FT8_21.ino.cpp.o
                0x0000000000001e48                AudioConnection::AudioConnection(AudioStream&, AudioStream&)
                0x0000000000001e48                AudioConnection::AudioConnection(AudioStream&, AudioStream&)
 .text._ZN11AudioStreamC2EhPP18audio_block_struct
                0x0000000000001e6c       0x48 .pio/build/teensy41/src/RA8875_DX_FT8_21.ino.cpp.o
                0x0000000000001e6c                AudioStream::AudioStream(unsigned char, audio_block_struct**)
                0x0000000000001e6c                AudioStream::AudioStream(unsigned char, audio_block_struct**)
 .text._ZN11AudioMixer4C2Ev
                0x0000000000001eb4       0x60 .pio/build/teensy41/src/RA8875_DX_FT8_21.ino.cpp.o
                0x0000000000001eb4                AudioMixer4::AudioMixer4()
                0x0000000000001eb4                AudioMixer4::AudioMixer4()
 .text._Z8sync_FT8v
                0x0000000000001f14       0x4c .pio/build/teensy41/src/RA8875_DX_FT8_21.ino.cpp.o
                0x0000000000001f14                sync_FT8()
 .text.startup._GLOBAL__sub_I_tft
                0x0000000000001f60      0x594 .pio/build/teensy41/src/RA8875_DX_FT8_21.ino.cpp.o
 .text.setup    0x00000000000024f4      0x298 .pio/build/teensy41/src/RA8875_DX_FT8_21.ino.cpp.o
                0x00000000000024f4                setup
 .text.loop     0x000000000000278c      0x3f8 .pio/build/teensy41/src/RA8875_DX_FT8_21.ino.cpp.o
                0x000000000000278c                loop
 .text._Z14init_RxSw_TxSwv
                0x0000000000002b84       0x2c .pio/build/teensy41/src/button.cpp.o
                0x0000000000002b84                init_RxSw_TxSw()
 .text._Z22Init_BoardVersionInputv
                0x0000000000002bb0       0x1c .pio/build/teensy41/src/button.cpp.o
                0x0000000000002bb0                Init_BoardVersionInput()
 .text._Z19Check_Board_Versionv
                0x0000000000002bcc       0x2c .pio/build/teensy41/src/button.cpp.o
                0x0000000000002bcc                Check_Board_Version()
 .text._Z17SelectFilterBlockv
                0x0000000000002bf8       0x28 .pio/build/teensy41/src/button.cpp.o
                0x0000000000002bf8                SelectFilterBlock()
 .text._Z11set_RF_Gaini
                0x0000000000002c20       0x5c .pio/build/teensy41/src/button.cpp.o
                0x0000000000002c20                set_RF_Gain(int)
 .text._Z19set_Attenuator_Gainf
                0x0000000000002c7c       0x5c .pio/build/teensy41/src/button.cpp.o
                0x0000000000002c7c                set_Attenuator_Gain(float)
 .text._Z14check_WF_Touchv
                0x0000000000002cd8       0x60 .pio/build/teensy41/src/button.cpp.o
                0x0000000000002cd8                check_WF_Touch()
 .text._Z16set_startup_freqv
                0x0000000000002d38       0x30 .pio/build/teensy41/src/button.cpp.o
                0x0000000000002d38                set_startup_freq()
 .text._Z14EEPROMWriteIntii
                0x0000000000002d68       0x20 .pio/build/teensy41/src/button.cpp.o
                0x0000000000002d68                EEPROMWriteInt(int, int)
 .text._Z13EEPROMReadInti
                0x0000000000002d88       0x1c .pio/build/teensy41/src/button.cpp.o
                0x0000000000002d88                EEPROMReadInt(int)
 *fill*         0x0000000000002da4        0x4 
 .text._Z12start_Si5351v
                0x0000000000002da8       0x70 .pio/build/teensy41/src/button.cpp.o
                0x0000000000002da8                start_Si5351()
 .text.startup._GLOBAL__sub_I_draw_x
                0x0000000000002e18        0x4 .pio/build/teensy41/src/button.cpp.o
 .text._Z10drawButtont
                0x0000000000002e1c       0x88 .pio/build/teensy41/src/button.cpp.o
                0x0000000000002e1c                drawButton(unsigned short)
 .text._Z19display_all_buttonsv
                0x0000000000002ea4       0x48 .pio/build/teensy41/src/button.cpp.o
                0x0000000000002ea4                display_all_buttons()
 .text._Z15set_xmit_buttonb
                0x0000000000002eec       0x24 .pio/build/teensy41/src/button.cpp.o
                0x0000000000002eec                set_xmit_button(bool)
 .text._Z17transmit_sequencev
                0x0000000000002f10       0x38 .pio/build/teensy41/src/button.cpp.o
                0x0000000000002f10                transmit_sequence()
 .text._Z16receive_sequencev
                0x0000000000002f48       0x38 .pio/build/teensy41/src/button.cpp.o
                0x0000000000002f48                receive_sequence()
 .text._Z24terminate_transmit_armedv
                0x0000000000002f80       0x54 .pio/build/teensy41/src/button.cpp.o
                0x0000000000002f80                terminate_transmit_armed()
 .text._Z24executeCalibrationButtont
                0x0000000000002fd4      0x390 .pio/build/teensy41/src/button.cpp.o
                0x0000000000002fd4                executeCalibrationButton(unsigned short)
 .text._Z17display_Free_Textv
                0x0000000000003364       0x5c .pio/build/teensy41/src/button.cpp.o
                0x0000000000003364                display_Free_Text()
 .text._Z17setup_Cal_Displayv
                0x00000000000033c0       0x88 .pio/build/teensy41/src/button.cpp.o
                0x00000000000033c0                setup_Cal_Display()
 .text._Z13executeButtont
                0x0000000000003448      0x348 .pio/build/teensy41/src/button.cpp.o
                0x0000000000003448                executeButton(unsigned short)
 .text._Z11checkButtonv
                0x0000000000003790       0xa8 .pio/build/teensy41/src/button.cpp.o
                0x0000000000003790                checkButton()
 .text._Z13process_touchv
                0x0000000000003838      0x118 .pio/build/teensy41/src/button.cpp.o
                0x0000000000003838                process_touch()
 .text._Z19initalize_constantsv
                0x0000000000003950       0x64 .pio/build/teensy41/src/constants.cpp.o
                0x0000000000003950                initalize_constants()
 .text._Z9find_syncPKhiiS0_iP9Candidatei
                0x00000000000039b4      0x278 .pio/build/teensy41/src/decode.cpp.o
                0x00000000000039b4                find_sync(unsigned char const*, int, int, unsigned char const*, int, Candidate*, int)
 .text._Z18extract_likelihoodPKhi9CandidateS0_Pf
                0x0000000000003c2c      0x208 .pio/build/teensy41/src/decode.cpp.o
                0x0000000000003c2c                extract_likelihood(unsigned char const*, int, Candidate, unsigned char const*, float*)
 .text._Z16validate_locatorPKc
                0x0000000000003e34       0x5c .pio/build/teensy41/src/decode_ft8.cpp.o
                0x0000000000003e34                validate_locator(char const*)
 .text._Z8strindexPKcS0_
                0x0000000000003e90       0x4c .pio/build/teensy41/src/decode_ft8.cpp.o
                0x0000000000003e90                strindex(char const*, char const*)
 .text._Z10ft8_decodev
                0x0000000000003edc      0x3ec .pio/build/teensy41/src/decode_ft8.cpp.o
                0x0000000000003edc                ft8_decode()
 .text._Z21clear_log_stored_datav
                0x00000000000042c8       0x70 .pio/build/teensy41/src/decode_ft8.cpp.o
                0x00000000000042c8                clear_log_stored_data()
 .text._Z22clear_decoded_messagesv
                0x0000000000004338       0x78 .pio/build/teensy41/src/decode_ft8.cpp.o
                0x0000000000004338                clear_decoded_messages()
 .text._Z22Check_Calling_Stationsi
                0x00000000000043b0      0x280 .pio/build/teensy41/src/decode_ft8.cpp.o
                0x00000000000043b0                Check_Calling_Stations(int)
 .text._Z24process_selected_Stationii
                0x0000000000004630       0xe8 .pio/build/teensy41/src/decode_ft8.cpp.o
                0x0000000000004630                process_selected_Station(int, int)
 .text._Z16display_messagesi
                0x0000000000004718      0x168 .pio/build/teensy41/src/decode_ft8.cpp.o
                0x0000000000004718                display_messages(int)
 .text._Z18clear_log_messagesv
                0x0000000000004880       0x5c .pio/build/teensy41/src/display.cpp.o
                0x0000000000004880                clear_log_messages()
 .text.startup._GLOBAL__sub_I_stationData_File
                0x00000000000048dc       0x18 .pio/build/teensy41/src/display.cpp.o
 .text._Z13display_valueiii
                0x00000000000048f4       0x4c .pio/build/teensy41/src/display.cpp.o
                0x00000000000048f4                display_value(int, int, int)
 .text._Z12display_dateii
                0x0000000000004940       0x64 .pio/build/teensy41/src/display.cpp.o
                0x0000000000004940                display_date(int, int)
 .text._Z12display_timeii
                0x00000000000049a4       0x88 .pio/build/teensy41/src/display.cpp.o
                0x00000000000049a4                display_time(int, int)
 .text._Z21open_stationData_filev
                0x0000000000004a2c      0x408 .pio/build/teensy41/src/display.cpp.o
                0x0000000000004a2c                open_stationData_file()
 .text._Z20display_station_dataii
                0x0000000000004e34       0x58 .pio/build/teensy41/src/display.cpp.o
                0x0000000000004e34                display_station_data(int, int)
 .text._Z22display_revision_levelv
                0x0000000000004e8c      0x120 .pio/build/teensy41/src/display.cpp.o
                0x0000000000004e8c                display_revision_level()
 .text._Z12show_decimalttf
                0x0000000000004fac       0x74 .pio/build/teensy41/src/display.cpp.o
                0x0000000000004fac                show_decimal(unsigned short, unsigned short, float)
 .text._Z10Be_Patientv
                0x0000000000005020       0x58 .pio/build/teensy41/src/display.cpp.o
                0x0000000000005020                Be_Patient()
 .text._Z26update_message_log_displayi
                0x0000000000005078      0x154 .pio/build/teensy41/src/display.cpp.o
                0x0000000000005078                update_message_log_display(int)
 .text._Z9show_widetti
                0x00000000000051cc       0x4c .pio/build/teensy41/src/display.cpp.o
                0x00000000000051cc                show_wide(unsigned short, unsigned short, int)
 .text._Z9encode174PKhPh
                0x0000000000005218       0xdc .pio/build/teensy41/src/encode.cpp.o
                0x0000000000005218                encode174(unsigned char const*, unsigned char*)
 .text._Z3crcPhi
                0x00000000000052f4       0x7c .pio/build/teensy41/src/encode.cpp.o
                0x00000000000052f4                crc(unsigned char*, int)
 .text._Z6genft8PKhPh
                0x0000000000005370      0x198 .pio/build/teensy41/src/encode.cpp.o
                0x0000000000005370                genft8(unsigned char const*, unsigned char*)
 .text._Z23clear_reply_message_boxv
                0x0000000000005508       0x2c .pio/build/teensy41/src/gen_ft8.cpp.o
                0x0000000000005508                clear_reply_message_box()
 .text._Z11que_messagei
                0x0000000000005534       0xa0 .pio/build/teensy41/src/gen_ft8.cpp.o
                0x0000000000005534                que_message(int)
 .text._Z16compose_messagesv
                0x00000000000055d4      0x17c .pio/build/teensy41/src/gen_ft8.cpp.o
                0x00000000000055d4                compose_messages()
 .text._Z8erase_CQv
                0x0000000000005750       0x60 .pio/build/teensy41/src/gen_ft8.cpp.o
                0x0000000000005750                erase_CQ()
 .text._Z6set_cqv
                0x00000000000057b0      0x104 .pio/build/teensy41/src/gen_ft8.cpp.o
                0x00000000000057b0                set_cq()
 .text._Z18clear_qued_messagev
                0x00000000000058b4       0x54 .pio/build/teensy41/src/gen_ft8.cpp.o
                0x00000000000058b4                clear_qued_message()
 .text._Z19clear_xmit_messagesv
                0x0000000000005908        0x4 .pio/build/teensy41/src/gen_ft8.cpp.o
                0x0000000000005908                clear_xmit_messages()
 .text._Z9set_reply8_ReplyID
                0x000000000000590c      0x10c .pio/build/teensy41/src/gen_ft8.cpp.o
                0x000000000000590c                set_reply(_ReplyID)
 .text._ZL10ldpc_checkPh
                0x0000000000005a18       0x68 .pio/build/teensy41/src/ldpc.cpp.o
 .text._Z9pack_bitsPKhiPh
                0x0000000000005a80       0x48 .pio/build/teensy41/src/ldpc.cpp.o
                0x0000000000005a80                pack_bits(unsigned char const*, int, unsigned char*)
 .text._Z9bp_decodePfiPhPi
                0x0000000000005ac8      0x3b8 .pio/build/teensy41/src/ldpc.cpp.o
                0x0000000000005ac8                bp_decode(float*, int, unsigned char*, int*)
 .text._Z6get_mhddi
                0x0000000000005e80       0xf4 .pio/build/teensy41/src/maidenhead.cpp.o
                0x0000000000005e80                get_mh(double, double, int)
 .text._Z16Options_GetValuei
                0x0000000000005f74       0x10 .pio/build/teensy41/src/options.cpp.o
                0x0000000000005f74                Options_GetValue(int)
 .text._Z16Options_SetValueis
                0x0000000000005f84       0x10 .pio/build/teensy41/src/options.cpp.o
                0x0000000000005f84                Options_SetValue(int, short)
 .text._Z18Options_Initializev
                0x0000000000005f94       0x88 .pio/build/teensy41/src/options.cpp.o
                0x0000000000005f94                Options_Initialize()
 .text._Z18Options_StoreValuei
                0x000000000000601c       0x24 .pio/build/teensy41/src/options.cpp.o
                0x000000000000601c                Options_StoreValue(int)
 .text._ZL8packgridPKc
                0x0000000000006040       0xd8 .pio/build/teensy41/src/pack.cpp.o
 .text._Z7pack28sPKcPi
                0x0000000000006118      0x20c .pio/build/teensy41/src/pack.cpp.o
                0x0000000000006118                pack28s(char const*, int*)
 .text._Z8pack77_1PKcPh
                0x0000000000006324      0x1ac .pio/build/teensy41/src/pack.cpp.o
                0x0000000000006324                pack77_1(char const*, unsigned char*)
 .text._Z6pack77PKcPh
                0x00000000000064d0       0xec .pio/build/teensy41/src/pack.cpp.o
                0x00000000000064d0                pack77(char const*, unsigned char*)
 .text._Z10trim_frontPKc
                0x00000000000065bc       0x10 .pio/build/teensy41/src/text.cpp.o
                0x00000000000065bc                trim_front(char const*)
 .text._Z4trimPc
                0x00000000000065cc       0x40 .pio/build/teensy41/src/text.cpp.o
                0x00000000000065cc                trim(char*)
 .text._Z8is_digitc
                0x000000000000660c        0xc .pio/build/teensy41/src/text.cpp.o
                0x000000000000660c                is_digit(char)
 .text._Z9is_letterc
                0x0000000000006618       0x10 .pio/build/teensy41/src/text.cpp.o
                0x0000000000006618                is_letter(char)
 .text._Z8in_rangeccc
                0x0000000000006628       0x14 .pio/build/teensy41/src/text.cpp.o
                0x0000000000006628                in_range(char, char, char)
 .text._Z11starts_withPKcS0_
                0x000000000000663c       0x24 .pio/build/teensy41/src/text.cpp.o
                0x000000000000663c                starts_with(char const*, char const*)
 .text._Z6equalsPKcS0_
                0x0000000000006660       0x10 .pio/build/teensy41/src/text.cpp.o
                0x0000000000006660                equals(char const*, char const*)
 .text._Z10char_indexPKcc
                0x0000000000006670       0x20 .pio/build/teensy41/src/text.cpp.o
                0x0000000000006670                char_index(char const*, char)
 .text.stpcpy   0x0000000000006690       0x14 .pio/build/teensy41/src/text.cpp.o
                0x0000000000006690                stpcpy
 .text._Z9dd_to_intPKci
                0x00000000000066a4       0x64 .pio/build/teensy41/src/text.cpp.o
                0x00000000000066a4                dd_to_int(char const*, int)
 .text._Z9int_to_ddPciib
                0x0000000000006708       0x6c .pio/build/teensy41/src/text.cpp.o
                0x0000000000006708                int_to_dd(char*, int, int, bool)
 .text._Z5charnii
                0x0000000000006774       0x64 .pio/build/teensy41/src/text.cpp.o
                0x0000000000006774                charn(int, int)
 .text._Z16tune_On_sequencev
                0x00000000000067d8       0xa4 .pio/build/teensy41/src/traffic_manager.cpp.o
                0x00000000000067d8                tune_On_sequence()
 .text._Z17tune_Off_sequencev
                0x000000000000687c       0x48 .pio/build/teensy41/src/traffic_manager.cpp.o
                0x000000000000687c                tune_Off_sequence()
 .text._Z12set_FT8_Toneh
                0x00000000000068c4       0x54 .pio/build/teensy41/src/traffic_manager.cpp.o
                0x00000000000068c4                set_FT8_Tone(unsigned char)
 .text._Z20ft8_receive_sequencev
                0x0000000000006918       0x3c .pio/build/teensy41/src/traffic_manager.cpp.o
                0x0000000000006918                ft8_receive_sequence()
 .text._Z21ft8_transmit_sequencev
                0x0000000000006954       0xa4 .pio/build/teensy41/src/traffic_manager.cpp.o
                0x0000000000006954                ft8_transmit_sequence()
 .text._Z34setup_to_transmit_on_next_DSP_Flagv
                0x00000000000069f8       0x20 .pio/build/teensy41/src/traffic_manager.cpp.o
                0x00000000000069f8                setup_to_transmit_on_next_DSP_Flag()
 .text._Z13terminate_QSOv
                0x0000000000006a18       0x48 .pio/build/teensy41/src/traffic_manager.cpp.o
                0x0000000000006a18                terminate_QSO()
 .text._Z16service_QSO_modei
                0x0000000000006a60       0xb4 .pio/build/teensy41/src/traffic_manager.cpp.o
                0x0000000000006a60                service_QSO_mode(int)
 .text._Z19service_Beacon_modei
                0x0000000000006b14       0x64 .pio/build/teensy41/src/traffic_manager.cpp.o
                0x0000000000006b14                service_Beacon_mode(int)
 .text._Z13set_Rcvr_Freqv
                0x0000000000006b78       0x40 .pio/build/teensy41/src/traffic_manager.cpp.o
                0x0000000000006b78                set_Rcvr_Freq()
 .text._ZL8unpack28mhhPc
                0x0000000000006bb8      0x25c .pio/build/teensy41/src/unpack.cpp.o
 .text._Z11unpack_textPKhPc
                0x0000000000006e14       0x94 .pio/build/teensy41/src/unpack.cpp.o
                0x0000000000006e14                unpack_text(unsigned char const*, char*)
 .text._Z15unpack77_fieldsPKhPcS1_S1_
                0x0000000000006ea8      0x498 .pio/build/teensy41/src/unpack.cpp.o
                0x0000000000006ea8                unpack77_fields(unsigned char const*, char*, char*, char*)
 .text._ZN6Si5351C2Eh
                0x0000000000007340       0x28 .pio/build/teensy41/lib466/libEtherkit Si5351.a(si5351.cpp.o)
                0x0000000000007340                Si5351::Si5351(unsigned char)
                0x0000000000007340                Si5351::Si5351(unsigned char)
 .text._ZN6Si53518pll_calcE10si5351_pllyP12Si5351RegSetlh
                0x0000000000007368      0x20c .pio/build/teensy41/lib466/libEtherkit Si5351.a(si5351.cpp.o)
                0x0000000000007368                Si5351::pll_calc(si5351_pll, unsigned long long, Si5351RegSet*, long, unsigned char)
 *fill*         0x0000000000007574        0x4 
 .text._ZN6Si535115multisynth_calcEyyP12Si5351RegSet
                0x0000000000007578      0x208 .pio/build/teensy41/lib466/libEtherkit Si5351.a(si5351.cpp.o)
                0x0000000000007578                Si5351::multisynth_calc(unsigned long long, unsigned long long, Si5351RegSet*)
 .text._ZN6Si535117multisynth67_calcEyyP12Si5351RegSet
                0x0000000000007780       0xf0 .pio/build/teensy41/lib466/libEtherkit Si5351.a(si5351.cpp.o)
                0x0000000000007780                Si5351::multisynth67_calc(unsigned long long, unsigned long long, Si5351RegSet*)
 .text._ZN6Si535112select_r_divEPy
                0x0000000000007870      0x134 .pio/build/teensy41/lib466/libEtherkit Si5351.a(si5351.cpp.o)
                0x0000000000007870                Si5351::select_r_div(unsigned long long*)
 .text._ZN6Si535117select_r_div_ms67EPy
                0x00000000000079a4      0x134 .pio/build/teensy41/lib466/libEtherkit Si5351.a(si5351.cpp.o)
                0x00000000000079a4                Si5351::select_r_div_ms67(unsigned long long*)
 .text._ZN6Si535117si5351_write_bulkEhhPh
                0x0000000000007ad8       0x44 .pio/build/teensy41/lib466/libEtherkit Si5351.a(si5351.cpp.o)
                0x0000000000007ad8                Si5351::si5351_write_bulk(unsigned char, unsigned char, unsigned char*)
 .text._ZN6Si535111si5351_readEh
                0x0000000000007b1c       0x70 .pio/build/teensy41/lib466/libEtherkit Si5351.a(si5351.cpp.o)
                0x0000000000007b1c                Si5351::si5351_read(unsigned char)
 .text._ZN6Si53517set_intE12si5351_clockh
                0x0000000000007b8c       0x5c .pio/build/teensy41/lib466/libEtherkit Si5351.a(si5351.cpp.o)
                0x0000000000007b8c                Si5351::set_int(si5351_clock, unsigned char)
 .text._ZN6Si535113output_enableE12si5351_clockh
                0x0000000000007be8       0x60 .pio/build/teensy41/lib466/libEtherkit Si5351.a(si5351.cpp.o)
                0x0000000000007be8                Si5351::output_enable(si5351_clock, unsigned char)
 .text._ZN6Si535114drive_strengthE12si5351_clock12si5351_drive
                0x0000000000007c48       0x6c .pio/build/teensy41/lib466/libEtherkit Si5351.a(si5351.cpp.o)
                0x0000000000007c48                Si5351::drive_strength(si5351_clock, si5351_drive)
 .text._ZN6Si53516ms_divE12si5351_clockhh
                0x0000000000007cb4       0x94 .pio/build/teensy41/lib466/libEtherkit Si5351.a(si5351.cpp.o)
                0x0000000000007cb4                Si5351::ms_div(si5351_clock, unsigned char, unsigned char)
 .text._ZN6Si53517set_pllEy10si5351_pll
                0x0000000000007d48      0x11c .pio/build/teensy41/lib466/libEtherkit Si5351.a(si5351.cpp.o)
                0x0000000000007d48                Si5351::set_pll(unsigned long long, si5351_pll)
 *fill*         0x0000000000007e64        0x4 
 .text._ZN6Si53515resetEv
                0x0000000000007e68      0x600 .pio/build/teensy41/lib466/libEtherkit Si5351.a(si5351.cpp.o)
                0x0000000000007e68                Si5351::reset()
 .text._ZN6Si53514initEhml
                0x0000000000008468      0x13c .pio/build/teensy41/lib466/libEtherkit Si5351.a(si5351.cpp.o)
                0x0000000000008468                Si5351::init(unsigned char, unsigned long, long)
 .text._ZN6Si53516set_msE12si5351_clock12Si5351RegSethhh
                0x00000000000085a4      0x1e8 .pio/build/teensy41/lib466/libEtherkit Si5351.a(si5351.cpp.o)
                0x00000000000085a4                Si5351::set_ms(si5351_clock, Si5351RegSet, unsigned char, unsigned char, unsigned char)
 *fill*         0x000000000000878c        0x4 
 .text._ZN6Si53518set_freqEy12si5351_clock
                0x0000000000008790      0x548 .pio/build/teensy41/lib466/libEtherkit Si5351.a(si5351.cpp.o)
                0x0000000000008790                Si5351::set_freq(unsigned long long, si5351_clock)
 .text._ZN7TwoWire9availableEv
                0x0000000000008cd8        0xc .pio/build/teensy41/lib16a/libRa8876LiteTeensy.a(RA8876_t3.cpp.o)
                0x0000000000008cd8                TwoWire::available()
 .text._ZN7TwoWire4readEv
                0x0000000000008ce4       0x20 .pio/build/teensy41/lib16a/libRa8876LiteTeensy.a(RA8876_t3.cpp.o)
                0x0000000000008ce4                TwoWire::read()
 .text._ZN9RA8876_t37cts_isrEv
                0x0000000000008d04        0xc .pio/build/teensy41/lib16a/libRa8876LiteTeensy.a(RA8876_t3.cpp.o)
                0x0000000000008d04                RA8876_t3::cts_isr()
 .text._Z19asyncEventResponderR14EventResponder
                0x0000000000008d10       0x70 .pio/build/teensy41/lib16a/libRa8876LiteTeensy.a(RA8876_t3.cpp.o)
                0x0000000000008d10                asyncEventResponder(EventResponder&)
 .text._ZN8SPIClass16beginTransactionE11SPISettings
                0x0000000000008d80      0x110 .pio/build/teensy41/lib16a/libRa8876LiteTeensy.a(RA8876_t3.cpp.o)
                0x0000000000008d80                SPIClass::beginTransaction(SPISettings)
 .text._ZN9RA8876_t3C2Ehhhhh
                0x0000000000008e90       0x80 .pio/build/teensy41/lib16a/libRa8876LiteTeensy.a(RA8876_t3.cpp.o)
                0x0000000000008e90                RA8876_t3::RA8876_t3(unsigned char, unsigned char, unsigned char, unsigned char, unsigned char)
                0x0000000000008e90                RA8876_t3::RA8876_t3(unsigned char, unsigned char, unsigned char, unsigned char, unsigned char)
 .text._ZN9RA8876_t311lcdRegWriteEhb
                0x0000000000008f10       0xb4 .pio/build/teensy41/lib16a/libRa8876LiteTeensy.a(RA8876_t3.cpp.o)
                0x0000000000008f10                RA8876_t3::lcdRegWrite(unsigned char, bool)
 .text._ZN9RA8876_t312lcdDataWriteEhb
                0x0000000000008fc4       0xb8 .pio/build/teensy41/lib16a/libRa8876LiteTeensy.a(RA8876_t3.cpp.o)
                0x0000000000008fc4                RA8876_t3::lcdDataWrite(unsigned char, bool)
 .text._ZN9RA8876_t311lcdDataReadEb
                0x000000000000907c       0xb8 .pio/build/teensy41/lib16a/libRa8876LiteTeensy.a(RA8876_t3.cpp.o)
                0x000000000000907c                RA8876_t3::lcdDataRead(bool)
 .text._ZN9RA8876_t313lcdStatusReadEb
                0x0000000000009134       0xb8 .pio/build/teensy41/lib16a/libRa8876LiteTeensy.a(RA8876_t3.cpp.o)
                0x0000000000009134                RA8876_t3::lcdStatusRead(bool)
 .text._ZN9RA8876_t315lcdRegDataWriteEhhb
                0x00000000000091ec       0xbc .pio/build/teensy41/lib16a/libRa8876LiteTeensy.a(RA8876_t3.cpp.o)
                0x00000000000091ec                RA8876_t3::lcdRegDataWrite(unsigned char, unsigned char, bool)
 .text._ZN9RA8876_t311check2dBusyEv
                0x00000000000092a8       0x64 .pio/build/teensy41/lib16a/libRa8876LiteTeensy.a(RA8876_t3.cpp.o)
                0x00000000000092a8                RA8876_t3::check2dBusy()
 .text._ZN9RA8876_t316ra8876PllInitialEv
                0x000000000000930c       0x80 .pio/build/teensy41/lib16a/libRa8876LiteTeensy.a(RA8876_t3.cpp.o)
                0x000000000000930c                RA8876_t3::ra8876PllInitial()
 .text._ZN9RA8876_t318ra8876SdramInitialEv
                0x000000000000938c       0x8c .pio/build/teensy41/lib16a/libRa8876LiteTeensy.a(RA8876_t3.cpp.o)
                0x000000000000938c                RA8876_t3::ra8876SdramInitial()
 .text._ZN9RA8876_t39backlightEb
                0x0000000000009418       0x44 .pio/build/teensy41/lib16a/libRa8876LiteTeensy.a(RA8876_t3.cpp.o)
                0x0000000000009418                RA8876_t3::backlight(bool)
 .text._ZN9RA8876_t332lcdHorizontalWidthVerticalHeightEtt
                0x000000000000945c       0x44 .pio/build/teensy41/lib16a/libRa8876LiteTeensy.a(RA8876_t3.cpp.o)
                0x000000000000945c                RA8876_t3::lcdHorizontalWidthVerticalHeight(unsigned short, unsigned short)
 .text._ZN9RA8876_t324displayImageStartAddressEm
                0x00000000000094a0       0x3c .pio/build/teensy41/lib16a/libRa8876LiteTeensy.a(RA8876_t3.cpp.o)
                0x00000000000094a0                RA8876_t3::displayImageStartAddress(unsigned long)
 .text._ZN9RA8876_t320displayWindowStartXYEtt
                0x00000000000094dc       0x3c .pio/build/teensy41/lib16a/libRa8876LiteTeensy.a(RA8876_t3.cpp.o)
                0x00000000000094dc                RA8876_t3::displayWindowStartXY(unsigned short, unsigned short)
 .text._ZN9RA8876_t323canvasImageStartAddressEm
                0x0000000000009518       0x3c .pio/build/teensy41/lib16a/libRa8876LiteTeensy.a(RA8876_t3.cpp.o)
                0x0000000000009518                RA8876_t3::canvasImageStartAddress(unsigned long)
 .text._ZN9RA8876_t314activeWindowXYEtt
                0x0000000000009554       0x3c .pio/build/teensy41/lib16a/libRa8876LiteTeensy.a(RA8876_t3.cpp.o)
                0x0000000000009554                RA8876_t3::activeWindowXY(unsigned short, unsigned short)
 .text._ZN9RA8876_t314activeWindowWHEtt
                0x0000000000009590       0x3c .pio/build/teensy41/lib16a/libRa8876LiteTeensy.a(RA8876_t3.cpp.o)
                0x0000000000009590                RA8876_t3::activeWindowWH(unsigned short, unsigned short)
 .text._ZN9RA8876_t314setPixelCursorEtt
                0x00000000000095cc       0x6c .pio/build/teensy41/lib16a/libRa8876LiteTeensy.a(RA8876_t3.cpp.o)
                0x00000000000095cc                RA8876_t3::setPixelCursor(unsigned short, unsigned short)
 .text._ZN9RA8876_t327bte_Source0_MemoryStartAddrEm
                0x0000000000009638       0x3c .pio/build/teensy41/lib16a/libRa8876LiteTeensy.a(RA8876_t3.cpp.o)
                0x0000000000009638                RA8876_t3::bte_Source0_MemoryStartAddr(unsigned long)
 .text._ZN9RA8876_t325bte_Source0_WindowStartXYEtt
                0x0000000000009674       0x3c .pio/build/teensy41/lib16a/libRa8876LiteTeensy.a(RA8876_t3.cpp.o)
                0x0000000000009674                RA8876_t3::bte_Source0_WindowStartXY(unsigned short, unsigned short)
 .text._ZN9RA8876_t327bte_Source1_MemoryStartAddrEm
                0x00000000000096b0       0x3c .pio/build/teensy41/lib16a/libRa8876LiteTeensy.a(RA8876_t3.cpp.o)
                0x00000000000096b0                RA8876_t3::bte_Source1_MemoryStartAddr(unsigned long)
 .text._ZN9RA8876_t325bte_Source1_WindowStartXYEtt
                0x00000000000096ec       0x3c .pio/build/teensy41/lib16a/libRa8876LiteTeensy.a(RA8876_t3.cpp.o)
                0x00000000000096ec                RA8876_t3::bte_Source1_WindowStartXY(unsigned short, unsigned short)
 .text._ZN9RA8876_t330bte_DestinationMemoryStartAddrEm
                0x0000000000009728       0x3c .pio/build/teensy41/lib16a/libRa8876LiteTeensy.a(RA8876_t3.cpp.o)
                0x0000000000009728                RA8876_t3::bte_DestinationMemoryStartAddr(unsigned long)
 .text._ZN9RA8876_t328bte_DestinationWindowStartXYEtt
                0x0000000000009764       0x3c .pio/build/teensy41/lib16a/libRa8876LiteTeensy.a(RA8876_t3.cpp.o)
                0x0000000000009764                RA8876_t3::bte_DestinationWindowStartXY(unsigned short, unsigned short)
 .text._ZN9RA8876_t314bte_WindowSizeEtt
                0x00000000000097a0       0x3c .pio/build/teensy41/lib16a/libRa8876LiteTeensy.a(RA8876_t3.cpp.o)
                0x00000000000097a0                RA8876_t3::bte_WindowSize(unsigned short, unsigned short)
 .text._ZN9RA8876_t39drawPixelEttt
                0x00000000000097dc       0x40 .pio/build/teensy41/lib16a/libRa8876LiteTeensy.a(RA8876_t3.cpp.o)
                0x00000000000097dc                RA8876_t3::drawPixel(unsigned short, unsigned short, unsigned short)
 .text._ZN9RA8876_t39textColorEtt
                0x000000000000981c       0x6c .pio/build/teensy41/lib16a/libRa8876LiteTeensy.a(RA8876_t3.cpp.o)
                0x000000000000981c                RA8876_t3::textColor(unsigned short, unsigned short)
 .text._ZN9RA8876_t313setTextCursorEtt
                0x0000000000009888       0x40 .pio/build/teensy41/lib16a/libRa8876LiteTeensy.a(RA8876_t3.cpp.o)
                0x0000000000009888                RA8876_t3::setTextCursor(unsigned short, unsigned short)
 .text._ZN9RA8876_t315buildTextScreenEv
                0x00000000000098c8      0x104 .pio/build/teensy41/lib16a/libRa8876LiteTeensy.a(RA8876_t3.cpp.o)
                0x00000000000098c8                RA8876_t3::buildTextScreen()
 .text._ZN9RA8876_t319CGRAM_Start_addressEm
                0x00000000000099cc       0x3c .pio/build/teensy41/lib16a/libRa8876LiteTeensy.a(RA8876_t3.cpp.o)
                0x00000000000099cc                RA8876_t3::CGRAM_Start_address(unsigned long)
 .text._ZN9RA8876_t310update_tftEh
                0x0000000000009a08       0xa8 .pio/build/teensy41/lib16a/libRa8876LiteTeensy.a(RA8876_t3.cpp.o)
                0x0000000000009a08                RA8876_t3::update_tft(unsigned char)
 .text._ZN9RA8876_t317Graphic_Cursor_XYEss
                0x0000000000009ab0       0x78 .pio/build/teensy41/lib16a/libRa8876LiteTeensy.a(RA8876_t3.cpp.o)
                0x0000000000009ab0                RA8876_t3::Graphic_Cursor_XY(short, short)
 .text._ZN9RA8876_t322Graphic_cursor_initialEv
                0x0000000000009b28      0x198 .pio/build/teensy41/lib16a/libRa8876LiteTeensy.a(RA8876_t3.cpp.o)
                0x0000000000009b28                RA8876_t3::Graphic_cursor_initial()
 .text._ZN9RA8876_t38drawLineEttttt
                0x0000000000009cc0      0x138 .pio/build/teensy41/lib16a/libRa8876LiteTeensy.a(RA8876_t3.cpp.o)
                0x0000000000009cc0                RA8876_t3::drawLine(unsigned short, unsigned short, unsigned short, unsigned short, unsigned short)
 .text._ZN9RA8876_t314drawSquareFillEttttt
                0x0000000000009df8      0x164 .pio/build/teensy41/lib16a/libRa8876LiteTeensy.a(RA8876_t3.cpp.o)
                0x0000000000009df8                RA8876_t3::drawSquareFill(unsigned short, unsigned short, unsigned short, unsigned short, unsigned short)
 .text._ZN9RA8876_t310drawCircleEtttt
                0x0000000000009f5c      0x12c .pio/build/teensy41/lib16a/libRa8876LiteTeensy.a(RA8876_t3.cpp.o)
                0x0000000000009f5c                RA8876_t3::drawCircle(unsigned short, unsigned short, unsigned short, unsigned short)
 .text._ZN9RA8876_t314drawCircleFillEtttt
                0x000000000000a088      0x12c .pio/build/teensy41/lib16a/libRa8876LiteTeensy.a(RA8876_t3.cpp.o)
                0x000000000000a088                RA8876_t3::drawCircleFill(unsigned short, unsigned short, unsigned short, unsigned short)
 .text._ZN9RA8876_t313bteMemoryCopyEmtttmttttt
                0x000000000000a1b4       0xd4 .pio/build/teensy41/lib16a/libRa8876LiteTeensy.a(RA8876_t3.cpp.o)
                0x000000000000a1b4                RA8876_t3::bteMemoryCopy(unsigned long, unsigned short, unsigned short, unsigned short, unsigned long, unsigned short, unsigned short, unsigned short, unsigned short, unsigned short)
 .text._ZN9RA8876_t36scrollEv
                0x000000000000a288       0xa0 .pio/build/teensy41/lib16a/libRa8876LiteTeensy.a(RA8876_t3.cpp.o)
                0x000000000000a288                RA8876_t3::scroll()
 .text._ZN9RA8876_t318bteMpuWriteWithROPEmtttmttttth
                0x000000000000a328       0xe8 .pio/build/teensy41/lib16a/libRa8876LiteTeensy.a(RA8876_t3.cpp.o)
                0x000000000000a328                RA8876_t3::bteMpuWriteWithROP(unsigned long, unsigned short, unsigned short, unsigned short, unsigned long, unsigned short, unsigned short, unsigned short, unsigned short, unsigned short, unsigned char)
 .text._ZN9RA8876_t323bteMpuWriteWithROPData8EmtttmttttthPKh
                0x000000000000a410       0x98 .pio/build/teensy41/lib16a/libRa8876LiteTeensy.a(RA8876_t3.cpp.o)
                0x000000000000a410                RA8876_t3::bteMpuWriteWithROPData8(unsigned long, unsigned short, unsigned short, unsigned short, unsigned long, unsigned short, unsigned short, unsigned short, unsigned short, unsigned short, unsigned char, unsigned char const*)
 .text._ZN9RA8876_t313saveTFTParamsEP7tftSave
                0x000000000000a4a8       0xbc .pio/build/teensy41/lib16a/libRa8876LiteTeensy.a(RA8876_t3.cpp.o)
                0x000000000000a4a8                RA8876_t3::saveTFTParams(tftSave*)
 .text._ZN9RA8876_t316restoreTFTParamsEP7tftSave
                0x000000000000a564       0xc4 .pio/build/teensy41/lib16a/libRa8876LiteTeensy.a(RA8876_t3.cpp.o)
                0x000000000000a564                RA8876_t3::restoreTFTParams(tftSave*)
 .text._ZN9RA8876_t312selectScreenEm
                0x000000000000a628      0x1c0 .pio/build/teensy41/lib16a/libRa8876LiteTeensy.a(RA8876_t3.cpp.o)
                0x000000000000a628                RA8876_t3::selectScreen(unsigned long)
 .text._ZN9RA8876_t310cursorInitEv
                0x000000000000a7e8       0x60 .pio/build/teensy41/lib16a/libRa8876LiteTeensy.a(RA8876_t3.cpp.o)
                0x000000000000a7e8                RA8876_t3::cursorInit()
 .text._ZN9RA8876_t310fillScreenEt
                0x000000000000a848       0xa4 .pio/build/teensy41/lib16a/libRa8876LiteTeensy.a(RA8876_t3.cpp.o)
                0x000000000000a848                RA8876_t3::fillScreen(unsigned short)
 .text._ZN9RA8876_t314fillStatusLineEt
                0x000000000000a8ec       0x98 .pio/build/teensy41/lib16a/libRa8876LiteTeensy.a(RA8876_t3.cpp.o)
                0x000000000000a8ec                RA8876_t3::fillStatusLine(unsigned short)
 .text._ZN9RA8876_t316ra8876InitializeEv.part.0
                0x000000000000a984      0x5dc .pio/build/teensy41/lib16a/libRa8876LiteTeensy.a(RA8876_t3.cpp.o)
 .text._ZN9RA8876_t311setFontSizeEhb
                0x000000000000af60      0x120 .pio/build/teensy41/lib16a/libRa8876LiteTeensy.a(RA8876_t3.cpp.o)
                0x000000000000af60                RA8876_t3::setFontSize(unsigned char, bool)
 .text._ZN9RA8876_t38fillRectEsssst
                0x000000000000b080      0x16c .pio/build/teensy41/lib16a/libRa8876LiteTeensy.a(RA8876_t3.cpp.o)
                0x000000000000b080                RA8876_t3::fillRect(short, short, short, short, unsigned short)
 .text._ZN9RA8876_t39writeRectEssssPKt
                0x000000000000b1ec      0x240 .pio/build/teensy41/lib16a/libRa8876LiteTeensy.a(RA8876_t3.cpp.o)
                0x000000000000b1ec                RA8876_t3::writeRect(short, short, short, short, unsigned short const*)
 .text._ZN9RA8876_t38drawCharEsshtthh
                0x000000000000b42c      0x548 .pio/build/teensy41/lib16a/libRa8876LiteTeensy.a(RA8876_t3.cpp.o)
                0x000000000000b42c                RA8876_t3::drawChar(short, short, unsigned char, unsigned short, unsigned short, unsigned char, unsigned char)
 .text._ZN9RA8876_t312drawFontBitsEbmmllm
                0x000000000000b974      0x10c .pio/build/teensy41/lib16a/libRa8876LiteTeensy.a(RA8876_t3.cpp.o)
                0x000000000000b974                RA8876_t3::drawFontBits(bool, unsigned long, unsigned long, long, long, unsigned long)
 .text._ZN9RA8876_t320gfxFontLastCharPosFGEss
                0x000000000000ba80       0xa8 .pio/build/teensy41/lib16a/libRa8876LiteTeensy.a(RA8876_t3.cpp.o)
                0x000000000000ba80                RA8876_t3::gfxFontLastCharPosFG(short, short)
 .text._ZN9RA8876_t315drawGFXFontCharEj
                0x000000000000bb28      0x858 .pio/build/teensy41/lib16a/libRa8876LiteTeensy.a(RA8876_t3.cpp.o)
                0x000000000000bb28                RA8876_t3::drawGFXFontChar(unsigned int)
 .text._ZN9RA8876_t35PixelEsst
                0x000000000000c380       0x88 .pio/build/teensy41/lib16a/libRa8876LiteTeensy.a(RA8876_t3.cpp.o)
                0x000000000000c380                RA8876_t3::Pixel(short, short, unsigned short)
 .text._ZN9RA8876_t318fetchbits_unsignedEPKhmm
                0x000000000000c408       0x4c .pio/build/teensy41/lib16a/libRa8876LiteTeensy.a(RA8876_t3.cpp.o)
                0x000000000000c408                RA8876_t3::fetchbits_unsigned(unsigned char const*, unsigned long, unsigned long)
 .text._ZN9RA8876_t312drawFontCharEj
                0x000000000000c454      0x62c .pio/build/teensy41/lib16a/libRa8876LiteTeensy.a(RA8876_t3.cpp.o)
                0x000000000000c454                RA8876_t3::drawFontChar(unsigned int)
 .text._ZN9RA8876_t310charBoundsEcPsS0_S0_S0_S0_S0_
                0x000000000000ca80      0x2c8 .pio/build/teensy41/lib16a/libRa8876LiteTeensy.a(RA8876_t3.cpp.o)
                0x000000000000ca80                RA8876_t3::charBounds(char, short*, short*, short*, short*, short*, short*)
 .text._ZN9RA8876_t313getTextBoundsEPKhtssPsS2_PtS3_
                0x000000000000cd48       0xb0 .pio/build/teensy41/lib16a/libRa8876LiteTeensy.a(RA8876_t3.cpp.o)
                0x000000000000cd48                RA8876_t3::getTextBounds(unsigned char const*, unsigned short, short, short, short*, short*, unsigned short*, unsigned short*)
 .text._ZN9RA8876_t310_fontWriteEPKht.part.0
                0x000000000000cdf8      0x21c .pio/build/teensy41/lib16a/libRa8876LiteTeensy.a(RA8876_t3.cpp.o)
 .text._ZN9RA8876_t35writeEPKhj.part.0
                0x000000000000d014      0x3b0 .pio/build/teensy41/lib16a/libRa8876LiteTeensy.a(RA8876_t3.cpp.o)
 .text._ZN9RA8876_t35writeEPKhj
                0x000000000000d3c4       0x1c .pio/build/teensy41/lib16a/libRa8876LiteTeensy.a(RA8876_t3.cpp.o)
                0x000000000000d3c4                RA8876_t3::write(unsigned char const*, unsigned int)
 .text._ZN9RA8876_t35writeEh
                0x000000000000d3e0       0x44 .pio/build/teensy41/lib16a/libRa8876LiteTeensy.a(RA8876_t3.cpp.o)
                0x000000000000d3e0                RA8876_t3::write(unsigned char)
 .text._ZN9RA8876_t313_textPositionEssb
                0x000000000000d424       0x48 .pio/build/teensy41/lib16a/libRa8876LiteTeensy.a(RA8876_t3.cpp.o)
                0x000000000000d424                RA8876_t3::_textPosition(short, short, bool)
 .text._ZN9RA8876_t39setCursorEssb
                0x000000000000d46c      0x1a4 .pio/build/teensy41/lib16a/libRa8876LiteTeensy.a(RA8876_t3.cpp.o)
                0x000000000000d46c                RA8876_t3::setCursor(short, short, bool)
 .text._ZN9RA8876_t312enableCapISREb
                0x000000000000d610       0x38 .pio/build/teensy41/lib16a/libRa8876LiteTeensy.a(RA8876_t3.cpp.o)
                0x000000000000d610                RA8876_t3::enableCapISR(bool)
 .text._ZN9RA8876_t37touchedEb
                0x000000000000d648       0x4c .pio/build/teensy41/lib16a/libRa8876LiteTeensy.a(RA8876_t3.cpp.o)
                0x000000000000d648                RA8876_t3::touched(bool)
 .text._ZN9RA8876_t313setTouchLimitEh
                0x000000000000d694        0xc .pio/build/teensy41/lib16a/libRa8876LiteTeensy.a(RA8876_t3.cpp.o)
                0x000000000000d694                RA8876_t3::setTouchLimit(unsigned char)
 .text._ZN9RA8876_t314_sendRegFT5206Ehh
                0x000000000000d6a0       0x44 .pio/build/teensy41/lib16a/libRa8876LiteTeensy.a(RA8876_t3.cpp.o)
                0x000000000000d6a0                RA8876_t3::_sendRegFT5206(unsigned char, unsigned char)
 .text._ZN9RA8876_t39useCapINTEhh
                0x000000000000d6e4       0xc0 .pio/build/teensy41/lib16a/libRa8876LiteTeensy.a(RA8876_t3.cpp.o)
                0x000000000000d6e4                RA8876_t3::useCapINT(unsigned char, unsigned char)
 .text._ZN9RA8876_t38updateTSEv
                0x000000000000d7a4       0xc4 .pio/build/teensy41/lib16a/libRa8876LiteTeensy.a(RA8876_t3.cpp.o)
                0x000000000000d7a4                RA8876_t3::updateTS()
 .text._ZN9RA8876_t316getTScoordinatesEPA2_t
                0x000000000000d868      0x14c .pio/build/teensy41/lib16a/libRa8876LiteTeensy.a(RA8876_t3.cpp.o)
                0x000000000000d868                RA8876_t3::getTScoordinates(unsigned short (*) [2])
 .text._ZN9RA8876_t310getTouchesEv
                0x000000000000d9b4        0x8 .pio/build/teensy41/lib16a/libRa8876LiteTeensy.a(RA8876_t3.cpp.o)
                0x000000000000d9b4                RA8876_t3::getTouches()
 .text.startup._GLOBAL__sub_I_gImage_busy_im
                0x000000000000d9bc       0x24 .pio/build/teensy41/lib16a/libRa8876LiteTeensy.a(RA8876_t3.cpp.o)
 .text._ZN9ExFatFile8dirCacheEhh
                0x000000000000d9e0       0x3c .pio/build/teensy41/lib269/libSdFat.a(ExFatFile.cpp.o)
                0x000000000000d9e0                ExFatFile::dirCache(unsigned char, unsigned char)
 .text._ZN9ExFatFile5closeEv
                0x000000000000da1c       0x14 .pio/build/teensy41/lib269/libSdFat.a(ExFatFile.cpp.o)
                0x000000000000da1c                ExFatFile::close()
 .text._ZN9ExFatFile17getCreateDateTimeEPtS0_
                0x000000000000da30       0x24 .pio/build/teensy41/lib269/libSdFat.a(ExFatFile.cpp.o)
                0x000000000000da30                ExFatFile::getCreateDateTime(unsigned short*, unsigned short*)
 .text._ZN9ExFatFile17getModifyDateTimeEPtS0_
                0x000000000000da54       0x24 .pio/build/teensy41/lib269/libSdFat.a(ExFatFile.cpp.o)
                0x000000000000da54                ExFatFile::getModifyDateTime(unsigned short*, unsigned short*)
 .text._ZN9ExFatFile8openRootEP11ExFatVolume
                0x000000000000da78       0x28 .pio/build/teensy41/lib269/libSdFat.a(ExFatFile.cpp.o)
                0x000000000000da78                ExFatFile::openRoot(ExFatVolume*)
 .text._ZN9ExFatFile13parsePathNameEPKcP8ExName_tPS1_
                0x000000000000daa0       0x9c .pio/build/teensy41/lib269/libSdFat.a(ExFatFile.cpp.o)
                0x000000000000daa0                ExFatFile::parsePathName(char const*, ExName_t*, char const**)
 .text._ZN9ExFatFile4readEPvj
                0x000000000000db3c      0x1a0 .pio/build/teensy41/lib269/libSdFat.a(ExFatFile.cpp.o)
                0x000000000000db3c                ExFatFile::read(void*, unsigned int)
 .text._ZN9ExFatFile4peekEv
                0x000000000000dcdc       0x2c .pio/build/teensy41/lib269/libSdFat.a(ExFatFile.cpp.o)
                0x000000000000dcdc                ExFatFile::peek()
 .text._ZN9ExFatFile7seekSetEy
                0x000000000000dd08       0xec .pio/build/teensy41/lib269/libSdFat.a(ExFatFile.cpp.o)
                0x000000000000dd08                ExFatFile::seekSet(unsigned long long)
 .text._ZN9ExFatFile11openPrivateEPS_P8ExName_ti
                0x000000000000ddf4      0x398 .pio/build/teensy41/lib269/libSdFat.a(ExFatFile.cpp.o)
                0x000000000000ddf4                ExFatFile::openPrivate(ExFatFile*, ExName_t*, int)
 .text._ZN9ExFatFile4openEPS_PKci
                0x000000000000e18c       0xf8 .pio/build/teensy41/lib269/libSdFat.a(ExFatFile.cpp.o)
                0x000000000000e18c                ExFatFile::open(ExFatFile*, char const*, int)
 .text._ZN9ExFatFile4openEP11ExFatVolumePKci
                0x000000000000e284       0x10 .pio/build/teensy41/lib269/libSdFat.a(ExFatFile.cpp.o)
                0x000000000000e284                ExFatFile::open(ExFatVolume*, char const*, int)
 .text._ZN9ExFatFile8openNextEPS_i
                0x000000000000e294       0x24 .pio/build/teensy41/lib269/libSdFat.a(ExFatFile.cpp.o)
                0x000000000000e294                ExFatFile::openNext(ExFatFile*, int)
 .text._ZN9ExFatFile10addClusterEv
                0x000000000000e2b8       0x94 .pio/build/teensy41/lib269/libSdFat.a(ExFatFileWrite.cpp.o)
                0x000000000000e2b8                ExFatFile::addCluster()
 .text._ZN9ExFatFile6removeEv
                0x000000000000e34c       0xb4 .pio/build/teensy41/lib269/libSdFat.a(ExFatFileWrite.cpp.o)
                0x000000000000e34c                ExFatFile::remove()
 .text._ZN9ExFatFile5rmdirEv
                0x000000000000e400       0x60 .pio/build/teensy41/lib269/libSdFat.a(ExFatFileWrite.cpp.o)
                0x000000000000e400                ExFatFile::rmdir()
 .text._ZN9ExFatFile7syncDirEv
                0x000000000000e460      0x138 .pio/build/teensy41/lib269/libSdFat.a(ExFatFileWrite.cpp.o)
                0x000000000000e460                ExFatFile::syncDir()
 .text._ZN9ExFatFile4syncEv
                0x000000000000e598       0x60 .pio/build/teensy41/lib269/libSdFat.a(ExFatFileWrite.cpp.o)
                0x000000000000e598                ExFatFile::sync()
 .text._ZN9ExFatFile13addDirClusterEv
                0x000000000000e5f8       0xb0 .pio/build/teensy41/lib269/libSdFat.a(ExFatFileWrite.cpp.o)
                0x000000000000e5f8                ExFatFile::addDirCluster()
 .text._ZN9ExFatFile6renameEPS_PKc
                0x000000000000e6a8       0xa4 .pio/build/teensy41/lib269/libSdFat.a(ExFatFileWrite.cpp.o)
                0x000000000000e6a8                ExFatFile::rename(ExFatFile*, char const*)
 .text._ZN9ExFatFile5mkdirEPS_P8ExName_t
                0x000000000000e74c       0x60 .pio/build/teensy41/lib269/libSdFat.a(ExFatFileWrite.cpp.o)
                0x000000000000e74c                ExFatFile::mkdir(ExFatFile*, ExName_t*)
 .text._ZN9ExFatFile5mkdirEPS_PKcb
                0x000000000000e7ac       0xd8 .pio/build/teensy41/lib269/libSdFat.a(ExFatFileWrite.cpp.o)
                0x000000000000e7ac                ExFatFile::mkdir(ExFatFile*, char const*, bool)
 .text._ZN9ExFatFile9timestampEhthhhhh
                0x000000000000e884      0x178 .pio/build/teensy41/lib269/libSdFat.a(ExFatFileWrite.cpp.o)
                0x000000000000e884                ExFatFile::timestamp(unsigned char, unsigned short, unsigned char, unsigned char, unsigned char, unsigned char, unsigned char)
 .text._ZN9ExFatFile8truncateEv
                0x000000000000e9fc       0xe4 .pio/build/teensy41/lib269/libSdFat.a(ExFatFileWrite.cpp.o)
                0x000000000000e9fc                ExFatFile::truncate()
 .text._ZN9ExFatFile5writeEPKvj
                0x000000000000eae0      0x280 .pio/build/teensy41/lib269/libSdFat.a(ExFatFileWrite.cpp.o)
                0x000000000000eae0                ExFatFile::write(void const*, unsigned int)
 .text._ZN9ExFatFile7cmpNameEPK9DirName_tP8ExName_t
                0x000000000000ed60       0x4c .pio/build/teensy41/lib269/libSdFat.a(ExFatName.cpp.o)
                0x000000000000ed60                ExFatFile::cmpName(DirName_t const*, ExName_t*)
 .text._ZN9ExFatFile8getName8EPcj
                0x000000000000edac       0xcc .pio/build/teensy41/lib269/libSdFat.a(ExFatName.cpp.o)
                0x000000000000edac                ExFatFile::getName8(char*, unsigned int)
 .text._ZN9ExFatFile8hashNameEP8ExName_t
                0x000000000000ee78       0x6c .pio/build/teensy41/lib269/libSdFat.a(ExFatName.cpp.o)
                0x000000000000ee78                ExFatFile::hashName(ExName_t*)
 .text._ZN14ExFatPartition10bitmapFindEmm
                0x000000000000eee4       0xc0 .pio/build/teensy41/lib269/libSdFat.a(ExFatPartition.cpp.o)
                0x000000000000eee4                ExFatPartition::bitmapFind(unsigned long, unsigned long)
 .text._ZN14ExFatPartition12bitmapModifyEmmb
                0x000000000000efa4       0xac .pio/build/teensy41/lib269/libSdFat.a(ExFatPartition.cpp.o)
                0x000000000000efa4                ExFatPartition::bitmapModify(unsigned long, unsigned long, bool)
 .text._ZN14ExFatPartition9chainSizeEm
                0x000000000000f050       0x4c .pio/build/teensy41/lib269/libSdFat.a(ExFatPartition.cpp.o)
                0x000000000000f050                ExFatPartition::chainSize(unsigned long)
 .text._ZN14ExFatPartition8dirCacheEP8DirPos_th
                0x000000000000f09c       0x38 .pio/build/teensy41/lib269/libSdFat.a(ExFatPartition.cpp.o)
                0x000000000000f09c                ExFatPartition::dirCache(DirPos_t*, unsigned char)
 .text._ZN14ExFatPartition7dirSeekEP8DirPos_tm
                0x000000000000f0d4       0x84 .pio/build/teensy41/lib269/libSdFat.a(ExFatPartition.cpp.o)
                0x000000000000f0d4                ExFatPartition::dirSeek(DirPos_t*, unsigned long)
 .text._ZN14ExFatPartition6fatGetEmPm
                0x000000000000f158       0x44 .pio/build/teensy41/lib269/libSdFat.a(ExFatPartition.cpp.o)
                0x000000000000f158                ExFatPartition::fatGet(unsigned long, unsigned long*)
 .text._ZN14ExFatPartition6fatPutEmm
                0x000000000000f19c       0x40 .pio/build/teensy41/lib269/libSdFat.a(ExFatPartition.cpp.o)
                0x000000000000f19c                ExFatPartition::fatPut(unsigned long, unsigned long)
 .text._ZN14ExFatPartition9freeChainEm
                0x000000000000f1dc       0xc0 .pio/build/teensy41/lib269/libSdFat.a(ExFatPartition.cpp.o)
                0x000000000000f1dc                ExFatPartition::freeChain(unsigned long)
 .text._ZN14ExFatPartition16freeClusterCountEv
                0x000000000000f29c       0x6c .pio/build/teensy41/lib269/libSdFat.a(ExFatPartition.cpp.o)
                0x000000000000f29c                ExFatPartition::freeClusterCount()
 .text._ZN14ExFatPartition4initEP22FsBlockDeviceInterfaceh
                0x000000000000f308       0xe0 .pio/build/teensy41/lib269/libSdFat.a(ExFatPartition.cpp.o)
                0x000000000000f308                ExFatPartition::init(FsBlockDeviceInterface*, unsigned char)
 .text._ZN14ExFatPartition10rootLengthEv
                0x000000000000f3e8       0x18 .pio/build/teensy41/lib269/libSdFat.a(ExFatPartition.cpp.o)
                0x000000000000f3e8                ExFatPartition::rootLength()
 .text._ZN7FatFile4syncEv.part.0
                0x000000000000f400       0xb4 .pio/build/teensy41/lib269/libSdFat.a(FatFile.cpp.o)
 .text._ZN7FatFile10addClusterEv
                0x000000000000f4b4       0x34 .pio/build/teensy41/lib269/libSdFat.a(FatFile.cpp.o)
                0x000000000000f4b4                FatFile::addCluster()
 .text._ZN7FatFile13addDirClusterEv
                0x000000000000f4e8       0x78 .pio/build/teensy41/lib269/libSdFat.a(FatFile.cpp.o)
                0x000000000000f4e8                FatFile::addDirCluster()
 .text._ZN7FatFile13cacheDirEntryEh
                0x000000000000f560       0x20 .pio/build/teensy41/lib269/libSdFat.a(FatFile.cpp.o)
                0x000000000000f560                FatFile::cacheDirEntry(unsigned char)
 .text._ZN7FatFile5closeEv
                0x000000000000f580       0x20 .pio/build/teensy41/lib269/libSdFat.a(FatFile.cpp.o)
                0x000000000000f580                FatFile::close()
 .text._ZN7FatFile8dirEntryEP8DirFat_t
                0x000000000000f5a0       0x54 .pio/build/teensy41/lib269/libSdFat.a(FatFile.cpp.o)
                0x000000000000f5a0                FatFile::dirEntry(DirFat_t*)
 .text._ZN7FatFile17getCreateDateTimeEPtS0_
                0x000000000000f5f4       0x20 .pio/build/teensy41/lib269/libSdFat.a(FatFile.cpp.o)
                0x000000000000f5f4                FatFile::getCreateDateTime(unsigned short*, unsigned short*)
 .text._ZN7FatFile17getModifyDateTimeEPtS0_
                0x000000000000f614       0x20 .pio/build/teensy41/lib269/libSdFat.a(FatFile.cpp.o)
                0x000000000000f614                FatFile::getModifyDateTime(unsigned short*, unsigned short*)
 .text._ZN7FatFile5mkdirEPS_P8FatLfn_t
                0x000000000000f634      0x16c .pio/build/teensy41/lib269/libSdFat.a(FatFile.cpp.o)
                0x000000000000f634                FatFile::mkdir(FatFile*, FatLfn_t*)
 .text._ZN7FatFile5mkdirEPS_PKcb
                0x000000000000f7a0       0xec .pio/build/teensy41/lib269/libSdFat.a(FatFile.cpp.o)
                0x000000000000f7a0                FatFile::mkdir(FatFile*, char const*, bool)
 .text._ZN7FatFile4openEPS_PKci
                0x000000000000f88c      0x104 .pio/build/teensy41/lib269/libSdFat.a(FatFile.cpp.o)
                0x000000000000f88c                FatFile::open(FatFile*, char const*, int)
 .text._ZN7FatFile4openEP9FatVolumePKci
                0x000000000000f990       0x10 .pio/build/teensy41/lib269/libSdFat.a(FatFile.cpp.o)
                0x000000000000f990                FatFile::open(FatVolume*, char const*, int)
 .text._ZN7FatFile11openClusterEPS_
                0x000000000000f9a0       0x5c .pio/build/teensy41/lib269/libSdFat.a(FatFile.cpp.o)
                0x000000000000f9a0                FatFile::openCluster(FatFile*)
 .text._ZN7FatFile8openRootEP9FatVolume
                0x000000000000f9fc       0x3c .pio/build/teensy41/lib269/libSdFat.a(FatFile.cpp.o)
                0x000000000000f9fc                FatFile::openRoot(FatVolume*)
 .text._ZN7FatFile4readEPvj
                0x000000000000fa38      0x1a8 .pio/build/teensy41/lib269/libSdFat.a(FatFile.cpp.o)
                0x000000000000fa38                FatFile::read(void*, unsigned int)
 .text._ZN7FatFile4peekEv
                0x000000000000fbe0       0x28 .pio/build/teensy41/lib269/libSdFat.a(FatFile.cpp.o)
                0x000000000000fbe0                FatFile::peek()
 .text._ZN7FatFile12readDirCacheEb
                0x000000000000fc08       0x44 .pio/build/teensy41/lib269/libSdFat.a(FatFile.cpp.o)
                0x000000000000fc08                FatFile::readDirCache(bool)
 .text._ZN7FatFile6renameEPS_PKc
                0x000000000000fc4c      0x1ec .pio/build/teensy41/lib269/libSdFat.a(FatFile.cpp.o)
                0x000000000000fc4c                FatFile::rename(FatFile*, char const*)
 .text._ZN7FatFile5rmdirEv
                0x000000000000fe38       0x90 .pio/build/teensy41/lib269/libSdFat.a(FatFile.cpp.o)
                0x000000000000fe38                FatFile::rmdir()
 .text._ZN7FatFile7seekSetEm
                0x000000000000fec8       0xb0 .pio/build/teensy41/lib269/libSdFat.a(FatFile.cpp.o)
                0x000000000000fec8                FatFile::seekSet(unsigned long)
 .text._ZN7FatFile15openCachedEntryEPS_tih
                0x000000000000ff78       0xe4 .pio/build/teensy41/lib269/libSdFat.a(FatFile.cpp.o)
                0x000000000000ff78                FatFile::openCachedEntry(FatFile*, unsigned short, int, unsigned char)
 .text._ZN7FatFile8openNextEPS_i
                0x000000000001005c       0xcc .pio/build/teensy41/lib269/libSdFat.a(FatFile.cpp.o)
                0x000000000001005c                FatFile::openNext(FatFile*, int)
 .text._ZN7FatFile4syncEv
                0x0000000000010128        0xc .pio/build/teensy41/lib269/libSdFat.a(FatFile.cpp.o)
                0x0000000000010128                FatFile::sync()
 .text._ZN7FatFile9timestampEhthhhhh
                0x0000000000010134       0xd8 .pio/build/teensy41/lib269/libSdFat.a(FatFile.cpp.o)
                0x0000000000010134                FatFile::timestamp(unsigned char, unsigned short, unsigned char, unsigned char, unsigned char, unsigned char, unsigned char)
 .text._ZN7FatFile8truncateEv
                0x000000000001020c       0x74 .pio/build/teensy41/lib269/libSdFat.a(FatFile.cpp.o)
                0x000000000001020c                FatFile::truncate()
 .text._ZN7FatFile5writeEPKvj
                0x0000000000010280      0x1b4 .pio/build/teensy41/lib269/libSdFat.a(FatFile.cpp.o)
                0x0000000000010280                FatFile::write(void const*, unsigned int)
 .text._ZN7FatFile7cmpNameEtP8FatLfn_th
                0x0000000000010434       0xbc .pio/build/teensy41/lib269/libSdFat.a(FatFileLFN.cpp.o)
                0x0000000000010434                FatFile::cmpName(unsigned short, FatLfn_t*, unsigned char)
 .text._ZN7FatFile9createLFNEtP8FatLfn_th
                0x00000000000104f0      0x124 .pio/build/teensy41/lib269/libSdFat.a(FatFileLFN.cpp.o)
                0x00000000000104f0                FatFile::createLFN(unsigned short, FatLfn_t*, unsigned char)
 .text._ZN7FatFile7makeSFNEP8FatLfn_t
                0x0000000000010614      0x168 .pio/build/teensy41/lib269/libSdFat.a(FatFileLFN.cpp.o)
                0x0000000000010614                FatFile::makeSFN(FatLfn_t*)
 .text._ZN7FatFile13makeUniqueSfnEP8FatLfn_t
                0x000000000001077c       0xb4 .pio/build/teensy41/lib269/libSdFat.a(FatFileLFN.cpp.o)
                0x000000000001077c                FatFile::makeUniqueSfn(FatLfn_t*)
 .text._ZN7FatFile4openEPS_P8FatLfn_ti
                0x0000000000010830      0x298 .pio/build/teensy41/lib269/libSdFat.a(FatFileLFN.cpp.o)
                0x0000000000010830                FatFile::open(FatFile*, FatLfn_t*, int)
 .text._ZN7FatFile13parsePathNameEPKcP8FatLfn_tPS1_
                0x0000000000010ac8       0xd4 .pio/build/teensy41/lib269/libSdFat.a(FatFileLFN.cpp.o)
                0x0000000000010ac8                FatFile::parsePathName(char const*, FatLfn_t*, char const**)
 .text._ZN7FatFile6removeEv
                0x0000000000010b9c      0x110 .pio/build/teensy41/lib269/libSdFat.a(FatFileLFN.cpp.o)
                0x0000000000010b9c                FatFile::remove()
 .text._ZN7FatFile10getLfnCharEP8DirLfn_th
                0x0000000000010cac       0x2c .pio/build/teensy41/lib269/libSdFat.a(FatName.cpp.o)
                0x0000000000010cac                FatFile::getLfnChar(DirLfn_t*, unsigned char)
 .text._ZN7FatFile6getSFNEPcj
                0x0000000000010cd8       0x94 .pio/build/teensy41/lib269/libSdFat.a(FatName.cpp.o)
                0x0000000000010cd8                FatFile::getSFN(char*, unsigned int)
 .text._ZN7FatFile8getName8EPcj
                0x0000000000010d6c      0x110 .pio/build/teensy41/lib269/libSdFat.a(FatName.cpp.o)
                0x0000000000010d6c                FatFile::getName8(char*, unsigned int)
 .text._ZN7FatFile7getNameEPcj
                0x0000000000010e7c        0x4 .pio/build/teensy41/lib269/libSdFat.a(FatName.cpp.o)
                0x0000000000010e7c                FatFile::getName(char*, unsigned int)
 .text._ZN22FsBlockDeviceInterface19readSectorsCallbackEmPhjPFvmS0_PvES1_
                0x0000000000010e80       0x44 .pio/build/teensy41/lib269/libSdFat.a(FatPartition.cpp.o)
                0x0000000000010e80                FsBlockDeviceInterface::readSectorsCallback(unsigned long, unsigned char*, unsigned int, void (*)(unsigned long, unsigned char*, void*), void*)
 .text._ZN12FatPartition25freeClusterCount_cb_fat16EmPhPv
                0x0000000000010ec4       0x34 .pio/build/teensy41/lib269/libSdFat.a(FatPartition.cpp.o)
                0x0000000000010ec4                FatPartition::freeClusterCount_cb_fat16(unsigned long, unsigned char*, void*)
 .text._ZN12FatPartition25freeClusterCount_cb_fat32EmPhPv
                0x0000000000010ef8       0x34 .pio/build/teensy41/lib269/libSdFat.a(FatPartition.cpp.o)
                0x0000000000010ef8                FatPartition::freeClusterCount_cb_fat32(unsigned long, unsigned char*, void*)
 .text._ZN12FatPartition6fatGetEmPm.part.0
                0x0000000000010f2c       0xfc .pio/build/teensy41/lib269/libSdFat.a(FatPartition.cpp.o)
 .text._ZN12FatPartition6fatPutEmm.part.0
                0x0000000000011028      0x10c .pio/build/teensy41/lib269/libSdFat.a(FatPartition.cpp.o)
 .text._ZN12FatPartition15allocateClusterEmPm
                0x0000000000011134       0x9c .pio/build/teensy41/lib269/libSdFat.a(FatPartition.cpp.o)
                0x0000000000011134                FatPartition::allocateCluster(unsigned long, unsigned long*)
 .text._ZN12FatPartition6fatGetEmPm
                0x00000000000111d0       0x24 .pio/build/teensy41/lib269/libSdFat.a(FatPartition.cpp.o)
                0x00000000000111d0                FatPartition::fatGet(unsigned long, unsigned long*)
 .text._ZN12FatPartition6fatPutEmm
                0x00000000000111f4       0x20 .pio/build/teensy41/lib269/libSdFat.a(FatPartition.cpp.o)
                0x00000000000111f4                FatPartition::fatPut(unsigned long, unsigned long)
 .text._ZN12FatPartition9freeChainEm
                0x0000000000011214       0x58 .pio/build/teensy41/lib269/libSdFat.a(FatPartition.cpp.o)
                0x0000000000011214                FatPartition::freeChain(unsigned long)
 .text._ZN12FatPartition16freeClusterCountEv
                0x000000000001126c      0x1c8 .pio/build/teensy41/lib269/libSdFat.a(FatPartition.cpp.o)
                0x000000000001126c                FatPartition::freeClusterCount()
 .text._ZN12FatPartition4initEP22FsBlockDeviceInterfaceh
                0x0000000000011434      0x124 .pio/build/teensy41/lib269/libSdFat.a(FatPartition.cpp.o)
                0x0000000000011434                FatPartition::init(FsBlockDeviceInterface*, unsigned char)
 .text._ZN10FsBaseFileC2ERKS_
                0x0000000000011558       0x84 .pio/build/teensy41/lib269/libSdFat.a(FsFile.cpp.o)
                0x0000000000011558                FsBaseFile::FsBaseFile(FsBaseFile const&)
                0x0000000000011558                FsBaseFile::FsBaseFile(FsBaseFile const&)
 .text._ZN10FsBaseFile5closeEv
                0x00000000000115dc       0x28 .pio/build/teensy41/lib269/libSdFat.a(FsFile.cpp.o)
                0x00000000000115dc                FsBaseFile::close()
 .text._ZN10FsBaseFile4openEP8FsVolumePKci
                0x0000000000011604       0xb0 .pio/build/teensy41/lib269/libSdFat.a(FsFile.cpp.o)
                0x0000000000011604                FsBaseFile::open(FsVolume*, char const*, int)
 .text._ZN10FsBaseFile8openNextEPS_i
                0x00000000000116b4       0x74 .pio/build/teensy41/lib269/libSdFat.a(FsFile.cpp.o)
                0x00000000000116b4                FsBaseFile::openNext(FsBaseFile*, int)
 .text._ZnwjPm  0x0000000000011728        0x4 .pio/build/teensy41/lib269/libSdFat.a(FsNew.cpp.o)
                0x0000000000011728                operator new(unsigned int, unsigned long*)
 .text._ZN8FsVolume5beginEP22FsBlockDeviceInterfacebh
                0x000000000001172c       0xe4 .pio/build/teensy41/lib269/libSdFat.a(FsVolume.cpp.o)
                0x000000000001172c                FsVolume::begin(FsBlockDeviceInterface*, bool, unsigned char)
 .text._ZN8FsVolume4openEPKci
                0x0000000000011810       0x28 .pio/build/teensy41/lib269/libSdFat.a(FsVolume.cpp.o)
                0x0000000000011810                FsVolume::open(char const*, int)
 .text._ZN7FsCache4syncEv
                0x0000000000011838       0x58 .pio/build/teensy41/lib269/libSdFat.a(FsCache.cpp.o)
                0x0000000000011838                FsCache::sync()
 .text._ZN7FsCache7prepareEmh
                0x0000000000011890       0x50 .pio/build/teensy41/lib269/libSdFat.a(FsCache.cpp.o)
                0x0000000000011890                FsCache::prepare(unsigned long, unsigned char)
 .text._ZL12dateTimeMs10PtS_Ph
                0x00000000000118e0       0x14 .pio/build/teensy41/lib269/libSdFat.a(FsDateTime.cpp.o)
 .text._ZN10FsDateTime11setCallbackEPFvPtS0_E
                0x00000000000118f4       0x18 .pio/build/teensy41/lib269/libSdFat.a(FsDateTime.cpp.o)
                0x00000000000118f4                FsDateTime::setCallback(void (*)(unsigned short*, unsigned short*))
 .text._ZN6FsName5get16Ev
                0x000000000001190c       0x4c .pio/build/teensy41/lib269/libSdFat.a(FsName.cpp.o)
                0x000000000001190c                FsName::get16()
 .text._ZN5FsUtf6cpToMbEmPcS0_
                0x0000000000011958       0xa4 .pio/build/teensy41/lib269/libSdFat.a(FsUtf.cpp.o)
                0x0000000000011958                FsUtf::cpToMb(unsigned long, char*, char*)
 .text._ZN5FsUtf6mbToCpEPKcS1_Pm
                0x00000000000119fc       0x98 .pio/build/teensy41/lib269/libSdFat.a(FsUtf.cpp.o)
                0x00000000000119fc                FsUtf::mbToCp(char const*, char const*, unsigned long*)
 .text._Z8toUpcaset
                0x0000000000011a94       0xb8 .pio/build/teensy41/lib269/libSdFat.a(upcase.cpp.o)
                0x0000000000011a94                toUpcase(unsigned short)
 .text._ZN7SDClassD2Ev
                0x0000000000011b4c        0x4 .pio/build/teensy41/libb14/libSD.a(SD.cpp.o)
                0x0000000000011b4c                SDClass::~SDClass()
                0x0000000000011b4c                SDClass::~SDClass()
 .text._ZN7SDClass8dateTimeEPtS0_
                0x0000000000011b50       0x84 .pio/build/teensy41/libb14/libSD.a(SD.cpp.o)
                0x0000000000011b50                SDClass::dateTime(unsigned short*, unsigned short*)
 .text._ZN7SDClass4openEPKch
                0x0000000000011bd4       0xc8 .pio/build/teensy41/libb14/libSD.a(SD.cpp.o)
                0x0000000000011bd4                SDClass::open(char const*, unsigned char)
 .text._ZN7SDClass5rmdirEPKc
                0x0000000000011c9c       0x54 .pio/build/teensy41/libb14/libSD.a(SD.cpp.o)
                0x0000000000011c9c                SDClass::rmdir(char const*)
 .text._ZN7SDClass6renameEPKcS1_
                0x0000000000011cf0       0x64 .pio/build/teensy41/libb14/libSD.a(SD.cpp.o)
                0x0000000000011cf0                SDClass::rename(char const*, char const*)
 .text._ZN7SDClass6removeEPKc
                0x0000000000011d54       0x54 .pio/build/teensy41/libb14/libSD.a(SD.cpp.o)
                0x0000000000011d54                SDClass::remove(char const*)
 .text._ZN7SDClass5mkdirEPKc
                0x0000000000011da8       0x3c .pio/build/teensy41/libb14/libSD.a(SD.cpp.o)
                0x0000000000011da8                SDClass::mkdir(char const*)
 .text._ZN7SDClass6existsEPKc
                0x0000000000011de4       0x38 .pio/build/teensy41/libb14/libSD.a(SD.cpp.o)
                0x0000000000011de4                SDClass::exists(char const*)
 .text._ZN7SDClass8usedSizeEv
                0x0000000000011e1c       0xf0 .pio/build/teensy41/libb14/libSD.a(SD.cpp.o)
                0x0000000000011e1c                SDClass::usedSize()
 .text._ZN7SDClass9totalSizeEv
                0x0000000000011f0c       0x3c .pio/build/teensy41/libb14/libSD.a(SD.cpp.o)
                0x0000000000011f0c                SDClass::totalSize()
 .text._ZN7SDClass6formatEicR5Print
                0x0000000000011f48       0xdc .pio/build/teensy41/libb14/libSD.a(SD.cpp.o)
                0x0000000000011f48                SDClass::format(int, char, Print&)
 .text._ZN7SDClass12mediaPresentEv
                0x0000000000012024      0x110 .pio/build/teensy41/libb14/libSD.a(SD.cpp.o)
                0x0000000000012024                SDClass::mediaPresent()
 .text._ZN7SDClass5beginEh
                0x0000000000012134       0xd4 .pio/build/teensy41/libb14/libSD.a(SD.cpp.o)
                0x0000000000012134                SDClass::begin(unsigned char)
 .text.startup._GLOBAL__sub_I_SD
                0x0000000000012208       0x80 .pio/build/teensy41/libb14/libSD.a(SD.cpp.o)
 .text._Z9breakTimexR12tmElements_t
                0x0000000000012288      0x170 .pio/build/teensy41/liba1f/libTime.a(Time.cpp.o)
                0x0000000000012288                breakTime(long long, tmElements_t&)
 .text._Z8makeTimeRK12tmElements_t
                0x00000000000123f8       0xf0 .pio/build/teensy41/liba1f/libTime.a(Time.cpp.o)
                0x00000000000123f8                makeTime(tmElements_t const&)