Archive member included to satisfy reference by file (symbol)

.pio\build\teensy41\lib758\libEtherkit Si5351.a(si5351.cpp.o)
                              .pio\build\teensy41\src\RA8875_DX_FT8_21.ino.cpp.o (Si5351::Si5351(unsigned char))
.pio\build\teensy41\lib6b2\libRa8876LiteTeensy.a(RA8876_t3.cpp.o)
                              .pio\build\teensy41\src\RA8875_DX_FT8_21.ino.cpp.o (RA8876_t3::RA8876_t3(unsigned char, unsigned char, unsigned char, unsigned char, unsigned char))
.pio\build\teensy41\lib6b2\libRa8876LiteTeensy.a(glcdfont.c.o)
                              .pio\build\teensy41\lib6b2\libRa8876LiteTeensy.a(RA8876_t3.cpp.o) (glcdfont)
.pio\build\teensy41\lib016\libSdFat.a(ExFatFile.cpp.o)
                              .pio\build\teensy41\src\ADIF.cpp.o (ExFatFile::getCreateDateTime(unsigned short*, unsigned short*))
.pio\build\teensy41\lib016\libSdFat.a(ExFatFileWrite.cpp.o)
                              .pio\build\teensy41\lib016\libSdFat.a(ExFatFile.cpp.o) (ExFatFile::remove())
.pio\build\teensy41\lib016\libSdFat.a(ExFatName.cpp.o)
                              .pio\build\teensy41\lib016\libSdFat.a(ExFatFile.cpp.o) (ExFatFile::cmpName(DirName_t const*, ExName_t*))
.pio\build\teensy41\lib016\libSdFat.a(ExFatPartition.cpp.o)
                              .pio\build\teensy41\lib016\libSdFat.a(ExFatFileWrite.cpp.o) (ExFatPartition::bitmapFind(unsigned long, unsigned long))
.pio\build\teensy41\lib016\libSdFat.a(ExFatVolume.cpp.o)
                              .pio\build\teensy41\lib016\libSdFat.a(ExFatFile.cpp.o) (ExFatVolume::m_cwv)
.pio\build\teensy41\lib016\libSdFat.a(FatFile.cpp.o)
                              .pio\build\teensy41\src\ADIF.cpp.o (FatFile::getCreateDateTime(unsigned short*, unsigned short*))
.pio\build\teensy41\lib016\libSdFat.a(FatFileLFN.cpp.o)
                              .pio\build\teensy41\lib016\libSdFat.a(FatFile.cpp.o) (FatFile::open(FatFile*, FatLfn_t*, int))
.pio\build\teensy41\lib016\libSdFat.a(FatName.cpp.o)
                              .pio\build\teensy41\lib016\libSdFat.a(FatFileLFN.cpp.o) (FatFile::getLfnChar(DirLfn_t*, unsigned char))
.pio\build\teensy41\lib016\libSdFat.a(FatPartition.cpp.o)
                              .pio\build\teensy41\lib016\libSdFat.a(FatFile.cpp.o) (FatPartition::allocateCluster(unsigned long, unsigned long*))
.pio\build\teensy41\lib016\libSdFat.a(FatVolume.cpp.o)
                              .pio\build\teensy41\lib016\libSdFat.a(FatFile.cpp.o) (FatVolume::m_cwv)
.pio\build\teensy41\lib016\libSdFat.a(FsFile.cpp.o)
                              .pio\build\teensy41\src\ADIF.cpp.o (FsBaseFile::FsBaseFile(FsBaseFile const&))
.pio\build\teensy41\lib016\libSdFat.a(FsNew.cpp.o)
                              .pio\build\teensy41\lib016\libSdFat.a(FsFile.cpp.o) (operator new(unsigned int, unsigned long*))
.pio\build\teensy41\lib016\libSdFat.a(FsVolume.cpp.o)
                              .pio\build\teensy41\src\ADIF.cpp.o (FsVolume::open(char const*, int))
.pio\build\teensy41\lib016\libSdFat.a(FsCache.cpp.o)
                              .pio\build\teensy41\lib016\libSdFat.a(ExFatFile.cpp.o) (FsCache::sync())
.pio\build\teensy41\lib016\libSdFat.a(FsDateTime.cpp.o)
                              .pio\build\teensy41\lib016\libSdFat.a(ExFatFile.cpp.o) (FsDateTime::callback)
.pio\build\teensy41\lib016\libSdFat.a(FsName.cpp.o)
                              .pio\build\teensy41\lib016\libSdFat.a(ExFatFile.cpp.o) (FsName::get16())
.pio\build\teensy41\lib016\libSdFat.a(FsUtf.cpp.o)
                              .pio\build\teensy41\lib016\libSdFat.a(ExFatName.cpp.o) (FsUtf::cpToMb(unsigned long, char*, char*))
.pio\build\teensy41\lib016\libSdFat.a(upcase.cpp.o)
                              .pio\build\teensy41\lib016\libSdFat.a(ExFatName.cpp.o) (toUpcase(unsigned short))
.pio\build\teensy41\lib016\libSdFat.a(ExFatFilePrint.cpp.o)
                              .pio\build\teensy41\lib016\libSdFat.a(FsVolume.cpp.o) (ExFatFile::ls(Print*, unsigned char, unsigned char))
.pio\build\teensy41\lib016\libSdFat.a(FatFilePrint.cpp.o)
                              .pio\build\teensy41\lib016\libSdFat.a(FsVolume.cpp.o) (FatFile::ls(Print*, unsigned char, unsigned char))
.pio\build\teensy41\lib016\libSdFat.a(FmtNumber.cpp.o)
                              .pio\build\teensy41\lib016\libSdFat.a(FsDateTime.cpp.o) (fmtBase10(char*, unsigned short))
.pio\build\teensy41\libae7\libSD.a(SD.cpp.o)
                              .pio\build\teensy41\src\display.cpp.o (SDClass::begin(unsigned char))
.pio\build\teensy41\libc21\libTime.a(Time.cpp.o)
                              .pio\build\teensy41\src\RA8875_DX_FT8_21.ino.cpp.o (now())
.pio\build\teensy41\libad2\libAudio.a(control_sgtl5000.cpp.o)
                              .pio\build\teensy41\src\RA8875_DX_FT8_21.ino.cpp.o (AudioControlSGTL5000::write(unsigned int, unsigned int))
.pio\build\teensy41\libad2\libAudio.a(effect_multiply.cpp.o)
[...]
Memory Configuration

Name             Origin             Length             Attributes
ITCM             0x00000000         0x00080000         xrw
DTCM             0x20000000         0x00080000         xrw
RAM              0x20200000         0x00080000         xrw
FLASH            0x60000000         0x007c0000         xrw
ERAM             0x70000000         0x01000000         xrw
*default*        0x00000000         0xffffffff

Linker script and memory map

LOAD c:/users/user/.platformio/packages/toolchain-gccarmnoneeabi-teensy/bin/../lib/gcc/arm-none-eabi/11.3.1/thumb/v7e-m+dp/hard/crti.o
LOAD c:/users/user/.platformio/packages/toolchain-gccarmnoneeabi-teensy/bin/../lib/gcc/arm-none-eabi/11.3.1/thumb/v7e-m+dp/hard/crtbegin.o
LOAD c:/users/user/.platformio/packages/toolchain-gccarmnoneeabi-teensy/bin/../lib/gcc/arm-none-eabi/11.3.1/thumb/v7e-m+dp/hard/crt0.o
                0x6849ea1e                __rtc_localtime = 0x6849ea1e
LOAD .pio\build\teensy41\src\ADIF.cpp.o
LOAD .pio\build\teensy41\src\AudioSDRpreProcessor.cpp.o
LOAD .pio\build\teensy41\src\Process_DSP.cpp.o
LOAD .pio\build\teensy41\src\RA8875_DX_FT8_21.ino.cpp.o
LOAD .pio\build\teensy41\src\button.cpp.o
LOAD .pio\build\teensy41\src\constants.cpp.o
LOAD .pio\build\teensy41\src\decode.cpp.o
LOAD .pio\build\teensy41\src\decode_ft8.cpp.o
LOAD .pio\build\teensy41\src\display.cpp.o
LOAD .pio\build\teensy41\src\encode.cpp.o
LOAD .pio\build\teensy41\src\filters.cpp.o
LOAD .pio\build\teensy41\src\gen_ft8.cpp.o
LOAD .pio\build\teensy41\src\ldpc.cpp.o
LOAD .pio\build\teensy41\src\locator.cpp.o
LOAD .pio\build\teensy41\src\maidenhead.cpp.o
LOAD .pio\build\teensy41\src\options.cpp.o
LOAD .pio\build\teensy41\src\pack.cpp.o
LOAD .pio\build\teensy41\src\text.cpp.o
LOAD .pio\build\teensy41\src\traffic_manager.cpp.o
LOAD .pio\build\teensy41\src\unpack.cpp.o
START GROUP
LOAD .pio\build\teensy41\lib0dd\libWire.a
LOAD .pio\build\teensy41\lib758\libEtherkit Si5351.a
LOAD .pio\build\teensy41\lib6f9\libSPI.a
LOAD .pio\build\teensy41\libe9e\libssd1351.a
LOAD .pio\build\teensy41\lib6b2\libRa8876LiteTeensy.a
LOAD .pio\build\teensy41\lib016\libSdFat.a
LOAD .pio\build\teensy41\libae7\libSD.a
LOAD .pio\build\teensy41\libc21\libTime.a
LOAD .pio\build\teensy41\lib6c8\libSerialFlash.a
LOAD .pio\build\teensy41\libad2\libAudio.a
LOAD .pio\build\teensy41\libad0\libTinyGPS.a
LOAD .pio\build\teensy41\liba28\libEEPROM.a
LOAD .pio\build\teensy41\libFrameworkArduino.a
LOAD c:/users/user/.platformio/packages/toolchain-gccarmnoneeabi-teensy/bin/../lib/gcc/arm-none-eabi/11.3.1/../../../../arm-none-eabi/lib\libarm_cortexM7lfsp_math.a
LOAD c:/users/user/.platformio/packages/toolchain-gccarmnoneeabi-teensy/bin/../lib/gcc/arm-none-eabi/11.3.1/thumb/v7e-m+dp/hard\libstdc++.a
END GROUP
LOAD c:/users/user/.platformio/packages/toolchain-gccarmnoneeabi-teensy/bin/../lib/gcc/arm-none-eabi/11.3.1/thumb/v7e-m+dp/hard\libstdc++.a
LOAD c:/users/user/.platformio/packages/toolchain-gccarmnoneeabi-teensy/bin/../lib/gcc/arm-none-eabi/11.3.1/thumb/v7e-m+dp/hard\libm.a
START GROUP
LOAD c:/users/user/.platformio/packages/toolchain-gccarmnoneeabi-teensy/bin/../lib/gcc/arm-none-eabi/11.3.1/thumb/v7e-m+dp/hard\libgcc.a
LOAD c:/users/user/.platformio/packages/toolchain-gccarmnoneeabi-teensy/bin/../lib/gcc/arm-none-eabi/11.3.1/thumb/v7e-m+dp/hard\libc.a
END GROUP
LOAD c:/users/user/.platformio/packages/toolchain-gccarmnoneeabi-teensy/bin/../lib/gcc/arm-none-eabi/11.3.1/thumb/v7e-m+dp/hard/crtend.o
LOAD c:/users/user/.platformio/packages/toolchain-gccarmnoneeabi-teensy/bin/../lib/gcc/arm-none-eabi/11.3.1/thumb/v7e-m+dp/hard/crtn.o

.text.headers   0x60000000     0x1400
 *(.flashconfig)
 .flashconfig   0x60000000      0x200 .pio\build\teensy41\libFrameworkArduino.a(bootdata.c.o)
                0x60000000                FlexSPI_NOR_Config
 FILL mask 0xff
                0x60001000                . = (ORIGIN (FLASH) + 0x1000)
 *fill*         0x60000200      0xe00 ff
 *(.ivt)
 .ivt           0x60001000       0x20 .pio\build\teensy41\libFrameworkArduino.a(bootdata.c.o)
                0x60001000                ImageVectorTable
 *(.bootdata)
 .bootdata      0x60001020        0xc .pio\build\teensy41\libFrameworkArduino.a(bootdata.c.o)
                0x60001020                BootData
                0x60001400                . = ALIGN (0x400)
 *fill*         0x6000102c      0x3d4 ff

.text.code      0x60001400     0x18b4
 *(.startup)
 .startup       0x60001400      0x274 .pio\build\teensy41\libFrameworkArduino.a(startup.c.o)
                0x6000164c                ResetHandler
 *(.flashmem*)
 .flashmem      0x60001674      0x26c .pio\build\teensy41\lib6b2\libRa8876LiteTeensy.a(RA8876_t3.cpp.o)
                0x60001674                RA8876_t3::begin(unsigned long)
 .flashmem      0x600018e0       0x54 .pio\build\teensy41\libad2\libAudio.a(imxrt_hw.cpp.o)
                0x600018e0                set_audioClock(int, long, unsigned long, bool)
 .flashmem      0x60001934       0xf8 .pio\build\teensy41\libFrameworkArduino.a(AudioStream.cpp.o)
                0x60001934                AudioStream::initialize_memory(audio_block_struct*, unsigned int)
 .flashmem      0x60001a2c      0x7fc .pio\build\teensy41\libFrameworkArduino.a(CrashReport.cpp.o)
                0x60001a2c                CrashReportClass::clear()
                0x60001ac8                CrashReportClass::printTo(Print&) const
                0x600021cc                CrashReportClass::operator bool()
 .flashmem      0x60002228      0x500 .pio\build\teensy41\libFrameworkArduino.a(startup.c.o)
                0x60002228                startup_default_early_hook
                0x60002228                startup_early_hook
                0x6000222c                startup_default_middle_hook
                0x6000222c                startup_middle_hook
                0x60002230                startup_late_hook
                0x60002230                startup_default_late_hook
                0x60002234                startup_debug_reset
                0x60002238                configure_cache
                0x60002348                configure_external_ram
                0x600026cc                usb_pll_start
 .flashmem      0x60002728      0x130 .pio\build\teensy41\libFrameworkArduino.a(tempmon.c.o)
                0x60002728                tempmon_init
 .flashmem      0x60002858      0x13c .pio\build\teensy41\libFrameworkArduino.a(usb.c.o)
                0x60002858                usb_init
                0x60002940                _reboot_Teensyduino_
 .flashmem      0x60002994       0x54 .pio\build\teensy41\libFrameworkArduino.a(analog.c.o)
                0x60002994                analog_init
 .flashmem      0x600029e8      0x17c .pio\build\teensy41\lib0dd\libWire.a(WireIMXRT.cpp.o)
                0x600029e8                TwoWire::configSDApin(unsigned char)
                0x60002a1c                TwoWire::setSDA(unsigned char)
                0x60002a70                TwoWire::configSCLpin(unsigned char)
                0x60002aa4                TwoWire::setSCL(unsigned char)
                0x60002afc                TwoWire::begin()
                0x60002b64                . = ALIGN (0x4)
 *(.init)
 .init          0x60002b64        0x4 c:/users/user/.platformio/packages/toolchain-gccarmnoneeabi-teensy/bin/../lib/gcc/arm-none-eabi/11.3.1/thumb/v7e-m+dp/hard/crti.o
                0x60002b64                _init
 .init          0x60002b68        0x8 c:/users/user/.platformio/packages/toolchain-gccarmnoneeabi-teensy/bin/../lib/gcc/arm-none-eabi/11.3.1/thumb/v7e-m+dp/hard/crtn.o
 .init.__stub   0x60002b70      0x118 linker stubs
                0x60002c88                __preinit_array_start = .
 *(.preinit_array)
                0x60002c88                __preinit_array_end = .
                0x60002c88                __init_array_start = .
 *(.init_array)
 .init_array    0x60002c88        0x4 c:/users/user/.platformio/packages/toolchain-gccarmnoneeabi-teensy/bin/../lib/gcc/arm-none-eabi/11.3.1/thumb/v7e-m+dp/hard/crtbegin.o
 .init_array    0x60002c8c        0x4 .pio\build\teensy41\src\ADIF.cpp.o
 .init_array    0x60002c90        0x4 .pio\build\teensy41\src\RA8875_DX_FT8_21.ino.cpp.o
 .init_array    0x60002c94        0x4 .pio\build\teensy41\src\button.cpp.o
 .init_array    0x60002c98        0x4 .pio\build\teensy41\src\display.cpp.o
 .init_array    0x60002c9c        0x4 .pio\build\teensy41\lib6b2\libRa8876LiteTeensy.a(RA8876_t3.cpp.o)
 .init_array    0x60002ca0        0x4 .pio\build\teensy41\libae7\libSD.a(SD.cpp.o)
 .init_array    0x60002ca4        0x4 .pio\build\teensy41\libad2\libAudio.a(input_i2s.cpp.o)
 .init_array    0x60002ca8        0x4 .pio\build\teensy41\libad2\libAudio.a(output_i2s.cpp.o)
 .init_array    0x60002cac        0x4 .pio\build\teensy41\libFrameworkArduino.a(IntervalTimer.cpp.o)
 .init_array    0x60002cb0        0x4 .pio\build\teensy41\libFrameworkArduino.a(Tone.cpp.o)
                0x60002cb4                __init_array_end = .
                0x60002cb4                . = ALIGN (0x4)

.text.progmem   0x60002cb4   0x21e7cc
 *(.progmem*)
 .progmem       0x60002cb4   0x21e1d4 .pio\build\teensy41\src\ADIF.cpp.o
 .progmem       0x60220e88      0x400 .pio\build\teensy41\lib6b2\libRa8876LiteTeensy.a(RA8876_t3.cpp.o)
                0x60220e88                gImage_pen_il
                0x60220f88                gImage_arrow_il
                0x60221088                gImage_busy_im
                0x60221188                gImage_no_im
 .progmem       0x60221288      0x106 .pio\build\teensy41\libFrameworkArduino.a(usb_desc.c.o)
                0x60221288                usb_string_product_name_default
                0x60221288                usb_string_product_name
                0x602212a0                usb_string_manufacturer_name
                0x602212a0                usb_string_manufacturer_name_default
                0x602212b8                string0
                0x602212bc                usb_config_descriptor_12
                0x60221320                usb_config_descriptor_480
 *fill*         0x6022138e        0x2 
 .progmem       0x60221390       0xf0 .pio\build\teensy41\lib0dd\libWire.a(WireIMXRT.cpp.o)
                0x60221390                TwoWire::i2c4_hardware
                0x602213e0                TwoWire::i2c3_hardware
                0x60221430                TwoWire::i2c1_hardware
                0x60221480                . = ALIGN (0x4)

.text.itcm      0x00000000    0x26340 load address 0x60221480
                0x00000020                . = (. + 0x20)
 *fill*         0x00000000       0x20 
 *(.fastrun)
 .fastrun       0x00000020       0xc0 .pio\build\teensy41\libFrameworkArduino.a(interrupt.c.o)
                0x00000020                irq_gpio6789
 *(.text*)
 .text.register_tm_clones
                0x000000e0       0x24 c:/users/user/.platformio/packages/toolchain-gccarmnoneeabi-teensy/bin/../lib/gcc/arm-none-eabi/11.3.1/thumb/v7e-m+dp/hard/crtbegin.o
 .text.frame_dummy
                0x00000104       0x24 c:/users/user/.platformio/packages/toolchain-gccarmnoneeabi-teensy/bin/../lib/gcc/arm-none-eabi/11.3.1/thumb/v7e-m+dp/hard/crtbegin.o
 .text._ZN5Print17availableForWriteEv
                0x00000128        0x4 .pio\build\teensy41\src\ADIF.cpp.o
                0x00000128                Print::availableForWrite()
 .text._ZN5Print5flushEv
                0x0000012c        0x4 .pio\build\teensy41\src\ADIF.cpp.o
                0x0000012c                Print::flush()
 .text._ZN6SDFile6isOpenEv
                0x00000130       0x14 .pio\build\teensy41\src\ADIF.cpp.o
                0x00000130                SDFile::isOpen()
 .text._ZN6SDFile5closeEv
                0x00000144       0x28 .pio\build\teensy41\src\ADIF.cpp.o
                0x00000144                SDFile::close()
 .text._ZN6SDFile4nameEv
                0x0000016c       0x50 .pio\build\teensy41\src\ADIF.cpp.o
                0x0000016c                SDFile::name()
 .text._ZN6SDFile8truncateEy
                0x000001bc       0x3c .pio\build\teensy41\src\ADIF.cpp.o
                0x000001bc                SDFile::truncate(unsigned long long)
 .text._ZN6SDFile13setCreateTimeERK14DateTimeFields
                0x000001f8       0x54 .pio\build\teensy41\src\ADIF.cpp.o
                0x000001f8                SDFile::setCreateTime(DateTimeFields const&)
 .text._ZN6SDFile15rewindDirectoryEv
                0x0000024c       0x48 .pio\build\teensy41\src\ADIF.cpp.o
                0x0000024c                SDFile::rewindDirectory()
 .text._ZN6SDFile13getModifyTimeER14DateTimeFields
                0x00000294       0x70 .pio\build\teensy41\src\ADIF.cpp.o
                0x00000294                SDFile::getModifyTime(DateTimeFields&)
 .text._ZN6SDFile13getCreateTimeER14DateTimeFields
                0x00000304       0x70 .pio\build\teensy41\src\ADIF.cpp.o
                0x00000304                SDFile::getCreateTime(DateTimeFields&)
 .text._ZN4File9availableEv
                0x00000374       0x60 .pio\build\teensy41\src\ADIF.cpp.o
                0x00000374                File::available()
 .text._ZN4File4peekEv
                0x000003d4       0x2c .pio\build\teensy41\src\ADIF.cpp.o
                0x000003d4                File::peek()
 .text._ZN4File4readEv
                0x00000400       0x58 .pio\build\teensy41\src\ADIF.cpp.o
                0x00000400                File::read()
 .text._ZN4File5flushEv
                0x00000458       0x28 .pio\build\teensy41\src\ADIF.cpp.o
                0x00000458                File::flush()
 .text._ZN6SDFile8positionEv
                0x00000480       0x1c .pio\build\teensy41\src\ADIF.cpp.o
                0x00000480                SDFile::position()
 .text._ZN6SDFile4sizeEv
                0x0000049c       0x1c .pio\build\teensy41\src\ADIF.cpp.o
                0x0000049c                SDFile::size()
 .text._ZN6SDFile12openNextFileEh
                0x000004b8       0xb0 .pio\build\teensy41\src\ADIF.cpp.o
                0x000004b8                SDFile::openNextFile(unsigned char)
 .text._ZN6SDFile4peekEv
                0x00000568       0x18 .pio\build\teensy41\src\ADIF.cpp.o
                0x00000568                SDFile::peek()
 .text._ZN10StreamFileI10FsBaseFileyE4peekEv
                0x00000580       0x18 .pio\build\teensy41\src\ADIF.cpp.o
                0x00000580                StreamFile<FsBaseFile, unsigned long long>::peek()
 .text._ZN6SDFile11isDirectoryEv
                0x00000598       0x28 .pio\build\teensy41\src\ADIF.cpp.o
                0x00000598                SDFile::isDirectory()
 .text._ZN6SDFile4readEPvj
                0x000005c0       0x18 .pio\build\teensy41\src\ADIF.cpp.o
                0x000005c0                SDFile::read(void*, unsigned int)
 .text._ZN10StreamFileI10FsBaseFileyE4readEv
                0x000005d8       0x38 .pio\build\teensy41\src\ADIF.cpp.o
                0x000005d8                StreamFile<FsBaseFile, unsigned long long>::read()
 .text._ZN6SDFile5flushEv
                0x00000610       0x14 .pio\build\teensy41\src\ADIF.cpp.o
                0x00000610                SDFile::flush()
 .text._ZN10StreamFileI10FsBaseFileyE5flushEv
                0x00000624       0x14 .pio\build\teensy41\src\ADIF.cpp.o
                0x00000624                StreamFile<FsBaseFile, unsigned long long>::flush()
 .text._ZN6SDFile5writeEPKvj
                0x00000638       0x14 .pio\build\teensy41\src\ADIF.cpp.o
                0x00000638                SDFile::write(void const*, unsigned int)
 .text._ZN10StreamFileI10FsBaseFileyE5writeEPKhj
                0x0000064c       0x14 .pio\build\teensy41\src\ADIF.cpp.o
                0x0000064c                StreamFile<FsBaseFile, unsigned long long>::write(unsigned char const*, unsigned int)
 .text._ZN10StreamFileI10FsBaseFileyE5writeEh
                0x00000660       0x34 .pio\build\teensy41\src\ADIF.cpp.o
                0x00000660                StreamFile<FsBaseFile, unsigned long long>::write(unsigned char)
 .text._ZN6SDFile13setModifyTimeERK14DateTimeFields
                0x00000694       0x54 .pio\build\teensy41\src\ADIF.cpp.o
                0x00000694                SDFile::setModifyTime(DateTimeFields const&)
 .text._ZN6SDFile9availableEv
                0x000006e8       0x4c .pio\build\teensy41\src\ADIF.cpp.o
                0x000006e8                SDFile::available()
 .text._ZN10StreamFileI10FsBaseFileyE9availableEv
                0x00000734       0x4c .pio\build\teensy41\src\ADIF.cpp.o
                0x00000734                StreamFile<FsBaseFile, unsigned long long>::available()
 .text._ZN4File5writeEh
                0x00000780       0x54 .pio\build\teensy41\src\ADIF.cpp.o
                0x00000780                File::write(unsigned char)
 .text._ZN4File5writeEPKhj
                0x000007d4       0x44 .pio\build\teensy41\src\ADIF.cpp.o
                0x000007d4                File::write(unsigned char const*, unsigned int)
 .text._ZN6SDFileD2Ev
                0x00000818       0x40 .pio\build\teensy41\src\ADIF.cpp.o
                0x00000818                SDFile::~SDFile()
                0x00000818                SDFile::~SDFile()
 .text._ZN6SDFileD0Ev
                0x00000858       0x48 .pio\build\teensy41\src\ADIF.cpp.o
                0x00000858                SDFile::~SDFile()
 .text._ZN6SDFile4seekEyi
                0x000008a0       0x90 .pio\build\teensy41\src\ADIF.cpp.o
                0x000008a0                SDFile::seek(unsigned long long, int)
 .text._ZN4FileD2Ev
                0x00000930       0xa8 .pio\build\teensy41\src\ADIF.cpp.o
                0x00000930                File::~File()
                0x00000930                File::~File()
 .text._ZN4FileD0Ev
                0x000009d8       0xb0 .pio\build\teensy41\src\ADIF.cpp.o
                0x000009d8                File::~File()
 .text._Z9make_datev
                0x00000a88       0x50 .pio\build\teensy41\src\ADIF.cpp.o
                0x00000a88                make_date()
 .text._Z9make_timev
                0x00000ad8       0x50 .pio\build\teensy41\src\ADIF.cpp.o
                0x00000ad8                make_time()
 .text._Z14write_log_dataPc
                0x00000b28      0x250 .pio\build\teensy41\src\ADIF.cpp.o
                0x00000b28                write_log_data(char*)
 .text._Z13Open_Log_Filev
                0x00000d78      0x2ec .pio\build\teensy41\src\ADIF.cpp.o
                0x00000d78                Open_Log_File()
 .text._Z13Init_Log_Filev
                0x00001064       0x44 .pio\build\teensy41\src\ADIF.cpp.o
                0x00001064                Init_Log_File()
 .text._Z9drawImagettttPKt
                0x000010a8       0xb4 .pio\build\teensy41\src\ADIF.cpp.o
                0x000010a8                drawImage(unsigned short, unsigned short, unsigned short, unsigned short, unsigned short const*)
 *fill*         0x0000115c        0x4 
 .text._Z11draw_vectorffii
                0x00001160       0xec .pio\build\teensy41\src\ADIF.cpp.o
                0x00001160                draw_vector(float, float, int, int)
 .text._Z14write_ADIF_Logv
                0x0000124c       0xec .pio\build\teensy41\src\ADIF.cpp.o
                0x0000124c                write_ADIF_Log()
 .text._Z8draw_maps
                0x00001338      0x160 .pio\build\teensy41\src\ADIF.cpp.o
                0x00001338                draw_map(short)
 .text.startup._GLOBAL__sub_I_stored_log_entries
                0x00001498       0x18 .pio\build\teensy41\src\ADIF.cpp.o
 .text._ZN20AudioSDRpreProcessor6updateEv
                0x000014b0      0x200 .pio\build\teensy41\src\AudioSDRpreProcessor.cpp.o
                0x000014b0                AudioSDRpreProcessor::update()
 .text._ZN20AudioSDRpreProcessor26startAutoI2SerrorDetectionEv
                0x000016b0       0x14 .pio\build\teensy41\src\AudioSDRpreProcessor.cpp.o
                0x000016b0                AudioSDRpreProcessor::startAutoI2SerrorDetection()
 .text._Z8init_DSPv
                0x000016c4       0xa4 .pio\build\teensy41\src\Process_DSP.cpp.o
                0x000016c4                init_DSP()
 .text._Z13extract_poweri
                0x00001768      0x154 .pio\build\teensy41\src\Process_DSP.cpp.o
                0x00001768                extract_power(int)
 .text._Z23update_offset_waterfalli
                0x000018bc      0x148 .pio\build\teensy41\src\Process_DSP.cpp.o
                0x000018bc                update_offset_waterfall(int)
 .text._Z15process_FT8_FFTv
                0x00001a04       0x50 .pio\build\teensy41\src\Process_DSP.cpp.o
                0x00001a04                process_FT8_FFT()
 .text._Z14getTeensy3Timev
                0x00001a54        0xc .pio\build\teensy41\src\RA8875_DX_FT8_21.ino.cpp.o
                0x00001a54                getTeensy3Time()
 .text._ZN9RA8876_t3D2Ev
                0x00001a60       0x28 .pio\build\teensy41\src\RA8875_DX_FT8_21.ino.cpp.o
                0x00001a60                RA8876_t3::~RA8876_t3()
                0x00001a60                RA8876_t3::~RA8876_t3()
 .text._ZN14EventResponder12triggerEventEiPv
                0x00001a88       0x18 .pio\build\teensy41\src\RA8875_DX_FT8_21.ino.cpp.o
                0x00001a88                EventResponder::triggerEvent(int, void*)
 .text._ZN15AudioConnectionC2ER11AudioStreamS1_
                0x00001aa0       0x24 .pio\build\teensy41\src\RA8875_DX_FT8_21.ino.cpp.o
                0x00001aa0                AudioConnection::AudioConnection(AudioStream&, AudioStream&)
                0x00001aa0                AudioConnection::AudioConnection(AudioStream&, AudioStream&)
 .text._ZN11AudioStreamC2EhPP18audio_block_struct
                0x00001ac4       0x48 .pio\build\teensy41\src\RA8875_DX_FT8_21.ino.cpp.o
                0x00001ac4                AudioStream::AudioStream(unsigned char, audio_block_struct**)
                0x00001ac4                AudioStream::AudioStream(unsigned char, audio_block_struct**)
 .text._ZN11AudioMixer4C2Ev
                0x00001b0c       0x60 .pio\build\teensy41\src\RA8875_DX_FT8_21.ino.cpp.o
                0x00001b0c                AudioMixer4::AudioMixer4()
                0x00001b0c                AudioMixer4::AudioMixer4()
 .text._Z8sync_FT8v
                0x00001b6c       0x4c .pio\build\teensy41\src\RA8875_DX_FT8_21.ino.cpp.o
                0x00001b6c                sync_FT8()
 .text.startup._GLOBAL__sub_I_tft
                0x00001bb8      0x594 .pio\build\teensy41\src\RA8875_DX_FT8_21.ino.cpp.o
 .text.loop     0x0000214c      0x3f8 .pio\build\teensy41\src\RA8875_DX_FT8_21.ino.cpp.o
                0x0000214c                loop
 .text.setup    0x00002544      0x2bc .pio\build\teensy41\src\RA8875_DX_FT8_21.ino.cpp.o
                0x00002544                setup
 .text._Z14init_RxSw_TxSwv
                0x00002800       0x2c .pio\build\teensy41\src\button.cpp.o
                0x00002800                init_RxSw_TxSw()
 .text._Z22Init_BoardVersionInputv
                0x0000282c        0x8 .pio\build\teensy41\src\button.cpp.o
                0x0000282c                Init_BoardVersionInput()
 .text._Z19Check_Board_Versionv
                0x00002834       0x2c .pio\build\teensy41\src\button.cpp.o
                0x00002834                Check_Board_Version()
 .text._Z17SelectFilterBlockv
                0x00002860       0x28 .pio\build\teensy41\src\button.cpp.o
                0x00002860                SelectFilterBlock()
 .text._Z11set_RF_Gaini
                0x00002888       0x7c .pio\build\teensy41\src\button.cpp.o
                0x00002888                set_RF_Gain(int)
 .text._Z19set_Attenuator_Gainf
                0x00002904       0x5c .pio\build\teensy41\src\button.cpp.o
                0x00002904                set_Attenuator_Gain(float)
 .text._Z14check_WF_Touchv
                0x00002960       0x60 .pio\build\teensy41\src\button.cpp.o
                0x00002960                check_WF_Touch()
 .text._Z16set_startup_freqv
                0x000029c0       0x30 .pio\build\teensy41\src\button.cpp.o
                0x000029c0                set_startup_freq()
 .text._Z14EEPROMWriteIntii
                0x000029f0       0x20 .pio\build\teensy41\src\button.cpp.o
                0x000029f0                EEPROMWriteInt(int, int)
 .text._Z13EEPROMReadInti
                0x00002a10       0x1c .pio\build\teensy41\src\button.cpp.o
                0x00002a10                EEPROMReadInt(int)
 *fill*         0x00002a2c        0x4 
 .text._Z12start_Si5351v
                0x00002a30       0x70 .pio\build\teensy41\src\button.cpp.o
                0x00002a30                start_Si5351()
 .text.startup._GLOBAL__sub_I_draw_x
                0x00002aa0        0x4 .pio\build\teensy41\src\button.cpp.o
 .text._Z10drawButtont
                0x00002aa4       0x88 .pio\build\teensy41\src\button.cpp.o
                0x00002aa4                drawButton(unsigned short)
 .text._Z19display_all_buttonsv
                0x00002b2c       0x48 .pio\build\teensy41\src\button.cpp.o
                0x00002b2c                display_all_buttons()
 .text._Z15set_xmit_buttonb
                0x00002b74       0x24 .pio\build\teensy41\src\button.cpp.o
                0x00002b74                set_xmit_button(bool)
 .text._Z17transmit_sequencev
                0x00002b98       0x38 .pio\build\teensy41\src\button.cpp.o
                0x00002b98                transmit_sequence()
 .text._Z16receive_sequencev
                0x00002bd0       0x38 .pio\build\teensy41\src\button.cpp.o
                0x00002bd0                receive_sequence()
 .text._Z24terminate_transmit_armedv
                0x00002c08       0x54 .pio\build\teensy41\src\button.cpp.o
                0x00002c08                terminate_transmit_armed()
 .text._Z24executeCalibrationButtont
                0x00002c5c      0x390 .pio\build\teensy41\src\button.cpp.o
                0x00002c5c                executeCalibrationButton(unsigned short)
 .text._Z17display_Free_Textv
                0x00002fec       0x5c .pio\build\teensy41\src\button.cpp.o
                0x00002fec                display_Free_Text()
 .text._Z17setup_Cal_Displayv
                0x00003048       0x88 .pio\build\teensy41\src\button.cpp.o
                0x00003048                setup_Cal_Display()
 .text._Z13executeButtont
                0x000030d0      0x368 .pio\build\teensy41\src\button.cpp.o
                0x000030d0                executeButton(unsigned short)
 .text._Z11checkButtonv
                0x00003438       0xa8 .pio\build\teensy41\src\button.cpp.o
                0x00003438                checkButton()
 .text._Z13process_touchv
                0x000034e0      0x118 .pio\build\teensy41\src\button.cpp.o
                0x000034e0                process_touch()
 .text._Z19initalize_constantsv
                0x000035f8       0x64 .pio\build\teensy41\src\constants.cpp.o
                0x000035f8                initalize_constants()
 .text._Z9find_syncPKhiiS0_iP9Candidatei
                0x0000365c      0x278 .pio\build\teensy41\src\decode.cpp.o
                0x0000365c                find_sync(unsigned char const*, int, int, unsigned char const*, int, Candidate*, int)
 .text._Z18extract_likelihoodPKhi9CandidateS0_Pf
                0x000038d4      0x208 .pio\build\teensy41\src\decode.cpp.o
                0x000038d4                extract_likelihood(unsigned char const*, int, Candidate, unsigned char const*, float*)
 .text._Z8strindexPKcS0_
                0x00003adc       0x4c .pio\build\teensy41\src\decode_ft8.cpp.o
                0x00003adc                strindex(char const*, char const*)
 .text._Z10ft8_decodev
                0x00003b28      0x450 .pio\build\teensy41\src\decode_ft8.cpp.o
                0x00003b28                ft8_decode()
 .text._Z21clear_log_stored_datav
                0x00003f78       0x74 .pio\build\teensy41\src\decode_ft8.cpp.o
                0x00003f78                clear_log_stored_data()
 .text._Z22clear_decoded_messagesv
                0x00003fec       0x78 .pio\build\teensy41\src\decode_ft8.cpp.o
                0x00003fec                clear_decoded_messages()
 .text._Z22Check_Calling_Stationsi
                0x00004064      0x32c .pio\build\teensy41\src\decode_ft8.cpp.o
                0x00004064                Check_Calling_Stations(int)
 .text._Z24process_selected_Stationii
                0x00004390      0x104 .pio\build\teensy41\src\decode_ft8.cpp.o
                0x00004390                process_selected_Station(int, int)
 .text._Z16display_messagesi
                0x00004494      0x168 .pio\build\teensy41\src\decode_ft8.cpp.o
                0x00004494                display_messages(int)
 .text._Z18clear_log_messagesv
                0x000045fc       0x5c .pio\build\teensy41\src\display.cpp.o
                0x000045fc                clear_log_messages()
 .text.startup._GLOBAL__sub_I_stationData_File
                0x00004658       0x18 .pio\build\teensy41\src\display.cpp.o
 .text._Z13display_valueiii
                0x00004670       0x4c .pio\build\teensy41\src\display.cpp.o
                0x00004670                display_value(int, int, int)
 .text._Z12display_dateii
                0x000046bc       0x64 .pio\build\teensy41\src\display.cpp.o
                0x000046bc                display_date(int, int)
 .text._Z12display_timeii
                0x00004720       0x88 .pio\build\teensy41\src\display.cpp.o
                0x00004720                display_time(int, int)
 .text._Z21open_stationData_filev
                0x000047a8      0x408 .pio\build\teensy41\src\display.cpp.o
                0x000047a8                open_stationData_file()
 .text._Z20display_station_dataii
                0x00004bb0       0x58 .pio\build\teensy41\src\display.cpp.o
                0x00004bb0                display_station_data(int, int)
 .text._Z22display_revision_levelv
                0x00004c08      0x104 .pio\build\teensy41\src\display.cpp.o
                0x00004c08                display_revision_level()
 .text._Z12show_decimalttf
                0x00004d0c       0x74 .pio\build\teensy41\src\display.cpp.o
                0x00004d0c                show_decimal(unsigned short, unsigned short, float)
 .text._Z10Be_Patientv
                0x00004d80       0x58 .pio\build\teensy41\src\display.cpp.o
                0x00004d80                Be_Patient()
 .text._Z26update_message_log_displayi
                0x00004dd8      0x154 .pio\build\teensy41\src\display.cpp.o
                0x00004dd8                update_message_log_display(int)
 .text._Z9show_widetti
                0x00004f2c       0x4c .pio\build\teensy41\src\display.cpp.o
                0x00004f2c                show_wide(unsigned short, unsigned short, int)
 .text._Z9encode174PKhPh
                0x00004f78       0xdc .pio\build\teensy41\src\encode.cpp.o
                0x00004f78                encode174(unsigned char const*, unsigned char*)
 .text._Z3crcPhi
                0x00005054       0x7c .pio\build\teensy41\src\encode.cpp.o
                0x00005054                crc(unsigned char*, int)
 .text._Z6genft8PKhPh
                0x000050d0      0x198 .pio\build\teensy41\src\encode.cpp.o
                0x000050d0                genft8(unsigned char const*, unsigned char*)
 .text._Z23clear_reply_message_boxv
                0x00005268       0x2c .pio\build\teensy41\src\gen_ft8.cpp.o
                0x00005268                clear_reply_message_box()
 .text._Z11que_messagei
                0x00005294       0xa0 .pio\build\teensy41\src\gen_ft8.cpp.o
                0x00005294                que_message(int)
 .text._Z16compose_messagesv
                0x00005334      0x17c .pio\build\teensy41\src\gen_ft8.cpp.o
                0x00005334                compose_messages()
 .text._Z9set_reply8_ReplyID
                0x000054b0      0x108 .pio\build\teensy41\src\gen_ft8.cpp.o
                0x000054b0                set_reply(_ReplyID)
 .text._Z6set_cqv
                0x000055b8      0x100 .pio\build\teensy41\src\gen_ft8.cpp.o
                0x000055b8                set_cq()
 .text._Z8erase_CQv
                0x000056b8       0x5c .pio\build\teensy41\src\gen_ft8.cpp.o
                0x000056b8                erase_CQ()
 .text._Z19clear_xmit_messagesv
                0x00005714       0x54 .pio\build\teensy41\src\gen_ft8.cpp.o
                0x00005714                clear_xmit_messages()
 .text._ZL10ldpc_checkPh
                0x00005768       0x68 .pio\build\teensy41\src\ldpc.cpp.o
 .text._Z9pack_bitsPKhiPh
                0x000057d0       0x48 .pio\build\teensy41\src\ldpc.cpp.o
                0x000057d0                pack_bits(unsigned char const*, int, unsigned char*)
 .text._Z9bp_decodePfiPhPi
                0x00005818      0x3b8 .pio\build\teensy41\src\ldpc.cpp.o
                0x00005818                bp_decode(float*, int, unsigned char*, int*)
 .text._Z23set_Station_CoordinatesPKc
                0x00005bd0       0x24 .pio\build\teensy41\src\locator.cpp.o
                0x00005bd0                set_Station_Coordinates(char const*)
 *fill*         0x00005bf4        0x4 
 .text._Z8distancedddd
                0x00005bf8       0x88 .pio\build\teensy41\src\locator.cpp.o
                0x00005bf8                distance(double, double, double, double)
 .text._Z15Target_DistancePKc
                0x00005c80       0x58 .pio\build\teensy41\src\locator.cpp.o
                0x00005c80                Target_Distance(char const*)
 .text._Z12Map_DistancePKc
                0x00005cd8       0x58 .pio\build\teensy41\src\locator.cpp.o
                0x00005cd8                Map_Distance(char const*)
 .text._Z7bearingdddd
                0x00005d30       0xc0 .pio\build\teensy41\src\locator.cpp.o
                0x00005d30                bearing(double, double, double, double)
 .text._Z14Target_BearingPKc
                0x00005df0       0x58 .pio\build\teensy41\src\locator.cpp.o
                0x00005df0                Target_Bearing(char const*)
 .text._Z11Map_BearingPKc
                0x00005e48       0x58 .pio\build\teensy41\src\locator.cpp.o
                0x00005e48                Map_Bearing(char const*)
 .text._Z6get_mhddi
                0x00005ea0       0xf4 .pio\build\teensy41\src\maidenhead.cpp.o
                0x00005ea0                get_mh(double, double, int)
 .text._Z16Options_GetValuei
                0x00005f94       0x10 .pio\build\teensy41\src\options.cpp.o
                0x00005f94                Options_GetValue(int)
 .text._Z16Options_SetValueis
                0x00005fa4       0x10 .pio\build\teensy41\src\options.cpp.o
                0x00005fa4                Options_SetValue(int, short)
 .text._Z18Options_Initializev
                0x00005fb4       0x88 .pio\build\teensy41\src\options.cpp.o
                0x00005fb4                Options_Initialize()
 .text._Z18Options_StoreValuei
                0x0000603c       0x24 .pio\build\teensy41\src\options.cpp.o
                0x0000603c                Options_StoreValue(int)
 .text._ZL8packgridPKc
                0x00006060       0xd8 .pio\build\teensy41\src\pack.cpp.o
 .text._Z7pack28sPKcPi
                0x00006138      0x20c .pio\build\teensy41\src\pack.cpp.o
                0x00006138                pack28s(char const*, int*)
 .text._Z8pack77_1PKcPh
                0x00006344      0x1ac .pio\build\teensy41\src\pack.cpp.o
                0x00006344                pack77_1(char const*, unsigned char*)
 .text._Z6pack77PKcPh
                0x000064f0       0xec .pio\build\teensy41\src\pack.cpp.o
                0x000064f0                pack77(char const*, unsigned char*)
 .text._Z10trim_frontPKc
                0x000065dc       0x10 .pio\build\teensy41\src\text.cpp.o
                0x000065dc                trim_front(char const*)
 .text._Z4trimPc
                0x000065ec       0x40 .pio\build\teensy41\src\text.cpp.o
                0x000065ec                trim(char*)
 .text._Z8is_digitc
                0x0000662c        0xc .pio\build\teensy41\src\text.cpp.o
                0x0000662c                is_digit(char)
 .text._Z9is_letterc
                0x00006638       0x10 .pio\build\teensy41\src\text.cpp.o
                0x00006638                is_letter(char)
 .text._Z8in_rangeccc
                0x00006648       0x14 .pio\build\teensy41\src\text.cpp.o
                0x00006648                in_range(char, char, char)
 .text._Z11starts_withPKcS0_
                0x0000665c       0x24 .pio\build\teensy41\src\text.cpp.o
                0x0000665c                starts_with(char const*, char const*)
 .text._Z6equalsPKcS0_
                0x00006680       0x10 .pio\build\teensy41\src\text.cpp.o
                0x00006680                equals(char const*, char const*)
 .text._Z10char_indexPKcc
                0x00006690       0x20 .pio\build\teensy41\src\text.cpp.o
                0x00006690                char_index(char const*, char)
 .text.stpcpy   0x000066b0       0x14 .pio\build\teensy41\src\text.cpp.o
                0x000066b0                stpcpy
 .text._Z9dd_to_intPKci
                0x000066c4       0x64 .pio\build\teensy41\src\text.cpp.o
                0x000066c4                dd_to_int(char const*, int)
 .text._Z9int_to_ddPciib
                0x00006728       0x6c .pio\build\teensy41\src\text.cpp.o
                0x00006728                int_to_dd(char*, int, int, bool)
 .text._Z5charnii
                0x00006794       0x64 .pio\build\teensy41\src\text.cpp.o
                0x00006794                charn(int, int)
 .text._Z16tune_On_sequencev
                0x000067f8       0xa4 .pio\build\teensy41\src\traffic_manager.cpp.o
                0x000067f8                tune_On_sequence()
 .text._Z17tune_Off_sequencev
                0x0000689c       0x48 .pio\build\teensy41\src\traffic_manager.cpp.o
                0x0000689c                tune_Off_sequence()
 .text._Z12set_FT8_Toneh
                0x000068e4       0x54 .pio\build\teensy41\src\traffic_manager.cpp.o
                0x000068e4                set_FT8_Tone(unsigned char)
 .text._Z20ft8_receive_sequencev
                0x00006938       0x3c .pio\build\teensy41\src\traffic_manager.cpp.o
                0x00006938                ft8_receive_sequence()
 .text._Z21ft8_transmit_sequencev
                0x00006974       0xa4 .pio\build\teensy41\src\traffic_manager.cpp.o
                0x00006974                ft8_transmit_sequence()
 .text._Z34setup_to_transmit_on_next_DSP_Flagv
                0x00006a18       0x20 .pio\build\teensy41\src\traffic_manager.cpp.o
                0x00006a18                setup_to_transmit_on_next_DSP_Flag()
 .text._Z13terminate_QSOv
                0x00006a38       0x48 .pio\build\teensy41\src\traffic_manager.cpp.o
                0x00006a38                terminate_QSO()
 .text._Z16service_QSO_modei
                0x00006a80       0xb4 .pio\build\teensy41\src\traffic_manager.cpp.o
                0x00006a80                service_QSO_mode(int)
 .text._Z19service_Beacon_modei
                0x00006b34       0x64 .pio\build\teensy41\src\traffic_manager.cpp.o
                0x00006b34                service_Beacon_mode(int)
 .text._Z13set_Rcvr_Freqv
                0x00006b98       0x40 .pio\build\teensy41\src\traffic_manager.cpp.o
                0x00006b98                set_Rcvr_Freq()
 .text._ZL8unpack28mhhPc
                0x00006bd8      0x25c .pio\build\teensy41\src\unpack.cpp.o
 .text._Z11unpack_textPKhPc
                0x00006e34       0x94 .pio\build\teensy41\src\unpack.cpp.o
                0x00006e34                unpack_text(unsigned char const*, char*)
 .text._Z15unpack77_fieldsPKhPcS1_S1_
                0x00006ec8      0x498 .pio\build\teensy41\src\unpack.cpp.o
                0x00006ec8                unpack77_fields(unsigned char const*, char*, char*, char*)
 .text._ZN6Si5351C2Eh
                0x00007360       0x28 .pio\build\teensy41\lib758\libEtherkit Si5351.a(si5351.cpp.o)
                0x00007360                Si5351::Si5351(unsigned char)
                0x00007360                Si5351::Si5351(unsigned char)
 .text._ZN6Si53518pll_calcE10si5351_pllyP12Si5351RegSetlh
                0x00007388      0x20c .pio\build\teensy41\lib758\libEtherkit Si5351.a(si5351.cpp.o)
                0x00007388                Si5351::pll_calc(si5351_pll, unsigned long long, Si5351RegSet*, long, unsigned char)
 *fill*         0x00007594        0x4 
 .text._ZN6Si535115multisynth_calcEyyP12Si5351RegSet
                0x00007598      0x208 .pio\build\teensy41\lib758\libEtherkit Si5351.a(si5351.cpp.o)
                0x00007598                Si5351::multisynth_calc(unsigned long long, unsigned long long, Si5351RegSet*)
 .text._ZN6Si535117multisynth67_calcEyyP12Si5351RegSet
                0x000077a0       0xf0 .pio\build\teensy41\lib758\libEtherkit Si5351.a(si5351.cpp.o)
                0x000077a0                Si5351::multisynth67_calc(unsigned long long, unsigned long long, Si5351RegSet*)
 .text._ZN6Si535112select_r_divEPy
                0x00007890      0x134 .pio\build\teensy41\lib758\libEtherkit Si5351.a(si5351.cpp.o)
                0x00007890                Si5351::select_r_div(unsigned long long*)
 .text._ZN6Si535117select_r_div_ms67EPy
                0x000079c4      0x134 .pio\build\teensy41\lib758\libEtherkit Si5351.a(si5351.cpp.o)
                0x000079c4                Si5351::select_r_div_ms67(unsigned long long*)
 .text._ZN6Si535117si5351_write_bulkEhhPh
                0x00007af8       0x44 .pio\build\teensy41\lib758\libEtherkit Si5351.a(si5351.cpp.o)
                0x00007af8                Si5351::si5351_write_bulk(unsigned char, unsigned char, unsigned char*)
 .text._ZN6Si535111si5351_readEh
                0x00007b3c       0x70 .pio\build\teensy41\lib758\libEtherkit Si5351.a(si5351.cpp.o)
                0x00007b3c                Si5351::si5351_read(unsigned char)
 .text._ZN6Si53517set_intE12si5351_clockh
                0x00007bac       0x5c .pio\build\teensy41\lib758\libEtherkit Si5351.a(si5351.cpp.o)
                0x00007bac                Si5351::set_int(si5351_clock, unsigned char)
 .text._ZN6Si535113output_enableE12si5351_clockh
                0x00007c08       0x60 .pio\build\teensy41\lib758\libEtherkit Si5351.a(si5351.cpp.o)
                0x00007c08                Si5351::output_enable(si5351_clock, unsigned char)
 .text._ZN6Si535114drive_strengthE12si5351_clock12si5351_drive
                0x00007c68       0x6c .pio\build\teensy41\lib758\libEtherkit Si5351.a(si5351.cpp.o)
                0x00007c68                Si5351::drive_strength(si5351_clock, si5351_drive)
 .text._ZN6Si53516ms_divE12si5351_clockhh
                0x00007cd4       0x94 .pio\build\teensy41\lib758\libEtherkit Si5351.a(si5351.cpp.o)
                0x00007cd4                Si5351::ms_div(si5351_clock, unsigned char, unsigned char)
 .text._ZN6Si53517set_pllEy10si5351_pll
                0x00007d68      0x11c .pio\build\teensy41\lib758\libEtherkit Si5351.a(si5351.cpp.o)
                0x00007d68                Si5351::set_pll(unsigned long long, si5351_pll)
 *fill*         0x00007e84        0x4 
 .text._ZN6Si53515resetEv
                0x00007e88      0x600 .pio\build\teensy41\lib758\libEtherkit Si5351.a(si5351.cpp.o)
                0x00007e88                Si5351::reset()
 .text._ZN6Si53514initEhml
                0x00008488      0x13c .pio\build\teensy41\lib758\libEtherkit Si5351.a(si5351.cpp.o)
                0x00008488                Si5351::init(unsigned char, unsigned long, long)
 .text._ZN6Si53516set_msE12si5351_clock12Si5351RegSethhh
                0x000085c4      0x1e8 .pio\build\teensy41\lib758\libEtherkit Si5351.a(si5351.cpp.o)
                0x000085c4                Si5351::set_ms(si5351_clock, Si5351RegSet, unsigned char, unsigned char, unsigned char)
 *fill*         0x000087ac        0x4 
 .text._ZN6Si53518set_freqEy12si5351_clock
                0x000087b0      0x548 .pio\build\teensy41\lib758\libEtherkit Si5351.a(si5351.cpp.o)
                0x000087b0                Si5351::set_freq(unsigned long long, si5351_clock)
 .text._ZN7TwoWire9availableEv
                0x00008cf8        0xc .pio\build\teensy41\lib6b2\libRa8876LiteTeensy.a(RA8876_t3.cpp.o)
                0x00008cf8                TwoWire::available()
 .text._ZN7TwoWire4readEv
                0x00008d04       0x20 .pio\build\teensy41\lib6b2\libRa8876LiteTeensy.a(RA8876_t3.cpp.o)
                0x00008d04                TwoWire::read()
 .text._ZN9RA8876_t37cts_isrEv
                0x00008d24        0xc .pio\build\teensy41\lib6b2\libRa8876LiteTeensy.a(RA8876_t3.cpp.o)
                0x00008d24                RA8876_t3::cts_isr()
 .text._Z19asyncEventResponderR14EventResponder
                0x00008d30       0x70 .pio\build\teensy41\lib6b2\libRa8876LiteTeensy.a(RA8876_t3.cpp.o)
                0x00008d30                asyncEventResponder(EventResponder&)
 .text._ZN8SPIClass16beginTransactionE11SPISettings
                0x00008da0      0x110 .pio\build\teensy41\lib6b2\libRa8876LiteTeensy.a(RA8876_t3.cpp.o)
                0x00008da0                SPIClass::beginTransaction(SPISettings)
 .text._ZN9RA8876_t3C2Ehhhhh
                0x00008eb0       0x80 .pio\build\teensy41\lib6b2\libRa8876LiteTeensy.a(RA8876_t3.cpp.o)
                0x00008eb0                RA8876_t3::RA8876_t3(unsigned char, unsigned char, unsigned char, unsigned char, unsigned char)
                0x00008eb0                RA8876_t3::RA8876_t3(unsigned char, unsigned char, unsigned char, unsigned char, unsigned char)
 .text._ZN9RA8876_t311lcdRegWriteEhb
                0x00008f30       0xb4 .pio\build\teensy41\lib6b2\libRa8876LiteTeensy.a(RA8876_t3.cpp.o)
                0x00008f30                RA8876_t3::lcdRegWrite(unsigned char, bool)
 .text._ZN9RA8876_t312lcdDataWriteEhb
                0x00008fe4       0xb8 .pio\build\teensy41\lib6b2\libRa8876LiteTeensy.a(RA8876_t3.cpp.o)
                0x00008fe4                RA8876_t3::lcdDataWrite(unsigned char, bool)
 .text._ZN9RA8876_t311lcdDataReadEb
                0x0000909c       0xb8 .pio\build\teensy41\lib6b2\libRa8876LiteTeensy.a(RA8876_t3.cpp.o)
                0x0000909c                RA8876_t3::lcdDataRead(bool)
 .text._ZN9RA8876_t313lcdStatusReadEb
                0x00009154       0xb8 .pio\build\teensy41\lib6b2\libRa8876LiteTeensy.a(RA8876_t3.cpp.o)
                0x00009154                RA8876_t3::lcdStatusRead(bool)
 .text._ZN9RA8876_t315lcdRegDataWriteEhhb
                0x0000920c       0xbc .pio\build\teensy41\lib6b2\libRa8876LiteTeensy.a(RA8876_t3.cpp.o)
                0x0000920c                RA8876_t3::lcdRegDataWrite(unsigned char, unsigned char, bool)
 .text._ZN9RA8876_t311check2dBusyEv
                0x000092c8       0x64 .pio\build\teensy41\lib6b2\libRa8876LiteTeensy.a(RA8876_t3.cpp.o)
                0x000092c8                RA8876_t3::check2dBusy()
 .text._ZN9RA8876_t316ra8876PllInitialEv
                0x0000932c       0x80 .pio\build\teensy41\lib6b2\libRa8876LiteTeensy.a(RA8876_t3.cpp.o)
                0x0000932c                RA8876_t3::ra8876PllInitial()
 .text._ZN9RA8876_t318ra8876SdramInitialEv
                0x000093ac       0x8c .pio\build\teensy41\lib6b2\libRa8876LiteTeensy.a(RA8876_t3.cpp.o)
                0x000093ac                RA8876_t3::ra8876SdramInitial()
 .text._ZN9RA8876_t39backlightEb
                0x00009438       0x44 .pio\build\teensy41\lib6b2\libRa8876LiteTeensy.a(RA8876_t3.cpp.o)
                0x00009438                RA8876_t3::backlight(bool)
 .text._ZN9RA8876_t332lcdHorizontalWidthVerticalHeightEtt
                0x0000947c       0x44 .pio\build\teensy41\lib6b2\libRa8876LiteTeensy.a(RA8876_t3.cpp.o)
                0x0000947c                RA8876_t3::lcdHorizontalWidthVerticalHeight(unsigned short, unsigned short)
 .text._ZN9RA8876_t324displayImageStartAddressEm
                0x000094c0       0x3c .pio\build\teensy41\lib6b2\libRa8876LiteTeensy.a(RA8876_t3.cpp.o)
                0x000094c0                RA8876_t3::displayImageStartAddress(unsigned long)
 .text._ZN9RA8876_t320displayWindowStartXYEtt
                0x000094fc       0x3c .pio\build\teensy41\lib6b2\libRa8876LiteTeensy.a(RA8876_t3.cpp.o)
                0x000094fc                RA8876_t3::displayWindowStartXY(unsigned short, unsigned short)
 .text._ZN9RA8876_t323canvasImageStartAddressEm
                0x00009538       0x3c .pio\build\teensy41\lib6b2\libRa8876LiteTeensy.a(RA8876_t3.cpp.o)
                0x00009538                RA8876_t3::canvasImageStartAddress(unsigned long)
 .text._ZN9RA8876_t314activeWindowXYEtt
                0x00009574       0x3c .pio\build\teensy41\lib6b2\libRa8876LiteTeensy.a(RA8876_t3.cpp.o)
                0x00009574                RA8876_t3::activeWindowXY(unsigned short, unsigned short)
 .text._ZN9RA8876_t314activeWindowWHEtt
                0x000095b0       0x3c .pio\build\teensy41\lib6b2\libRa8876LiteTeensy.a(RA8876_t3.cpp.o)
                0x000095b0                RA8876_t3::activeWindowWH(unsigned short, unsigned short)
 .text._ZN9RA8876_t314setPixelCursorEtt
                0x000095ec       0x6c .pio\build\teensy41\lib6b2\libRa8876LiteTeensy.a(RA8876_t3.cpp.o)
                0x000095ec                RA8876_t3::setPixelCursor(unsigned short, unsigned short)
 .text._ZN9RA8876_t327bte_Source0_MemoryStartAddrEm
                0x00009658       0x3c .pio\build\teensy41\lib6b2\libRa8876LiteTeensy.a(RA8876_t3.cpp.o)
                0x00009658                RA8876_t3::bte_Source0_MemoryStartAddr(unsigned long)
 .text._ZN9RA8876_t325bte_Source0_WindowStartXYEtt
                0x00009694       0x3c .pio\build\teensy41\lib6b2\libRa8876LiteTeensy.a(RA8876_t3.cpp.o)
                0x00009694                RA8876_t3::bte_Source0_WindowStartXY(unsigned short, unsigned short)
 .text._ZN9RA8876_t327bte_Source1_MemoryStartAddrEm
                0x000096d0       0x3c .pio\build\teensy41\lib6b2\libRa8876LiteTeensy.a(RA8876_t3.cpp.o)
                0x000096d0                RA8876_t3::bte_Source1_MemoryStartAddr(unsigned long)
 .text._ZN9RA8876_t325bte_Source1_WindowStartXYEtt
                0x0000970c       0x3c .pio\build\teensy41\lib6b2\libRa8876LiteTeensy.a(RA8876_t3.cpp.o)
                0x0000970c                RA8876_t3::bte_Source1_WindowStartXY(unsigned short, unsigned short)
 .text._ZN9RA8876_t330bte_DestinationMemoryStartAddrEm
                0x00009748       0x3c .pio\build\teensy41\lib6b2\libRa8876LiteTeensy.a(RA8876_t3.cpp.o)
                0x00009748                RA8876_t3::bte_DestinationMemoryStartAddr(unsigned long)
 .text._ZN9RA8876_t328bte_DestinationWindowStartXYEtt
                0x00009784       0x3c .pio\build\teensy41\lib6b2\libRa8876LiteTeensy.a(RA8876_t3.cpp.o)
                0x00009784                RA8876_t3::bte_DestinationWindowStartXY(unsigned short, unsigned short)
 .text._ZN9RA8876_t314bte_WindowSizeEtt
                0x000097c0       0x3c .pio\build\teensy41\lib6b2\libRa8876LiteTeensy.a(RA8876_t3.cpp.o)
                0x000097c0                RA8876_t3::bte_WindowSize(unsigned short, unsigned short)
 .text._ZN9RA8876_t39drawPixelEttt
                0x000097fc       0x40 .pio\build\teensy41\lib6b2\libRa8876LiteTeensy.a(RA8876_t3.cpp.o)
                0x000097fc                RA8876_t3::drawPixel(unsigned short, unsigned short, unsigned short)
 .text._ZN9RA8876_t39textColorEtt
                0x0000983c       0x6c .pio\build\teensy41\lib6b2\libRa8876LiteTeensy.a(RA8876_t3.cpp.o)
                0x0000983c                RA8876_t3::textColor(unsigned short, unsigned short)
 .text._ZN9RA8876_t313setTextCursorEtt
                0x000098a8       0x40 .pio\build\teensy41\lib6b2\libRa8876LiteTeensy.a(RA8876_t3.cpp.o)
                0x000098a8                RA8876_t3::setTextCursor(unsigned short, unsigned short)
 .text._ZN9RA8876_t315buildTextScreenEv
                0x000098e8      0x104 .pio\build\teensy41\lib6b2\libRa8876LiteTeensy.a(RA8876_t3.cpp.o)
                0x000098e8                RA8876_t3::buildTextScreen()
 .text._ZN9RA8876_t319CGRAM_Start_addressEm
                0x000099ec       0x3c .pio\build\teensy41\lib6b2\libRa8876LiteTeensy.a(RA8876_t3.cpp.o)
                0x000099ec                RA8876_t3::CGRAM_Start_address(unsigned long)
 .text._ZN9RA8876_t310update_tftEh
                0x00009a28       0xa8 .pio\build\teensy41\lib6b2\libRa8876LiteTeensy.a(RA8876_t3.cpp.o)
                0x00009a28                RA8876_t3::update_tft(unsigned char)
 .text._ZN9RA8876_t317Graphic_Cursor_XYEss
                0x00009ad0       0x78 .pio\build\teensy41\lib6b2\libRa8876LiteTeensy.a(RA8876_t3.cpp.o)
                0x00009ad0                RA8876_t3::Graphic_Cursor_XY(short, short)
 .text._ZN9RA8876_t322Graphic_cursor_initialEv
                0x00009b48      0x198 .pio\build\teensy41\lib6b2\libRa8876LiteTeensy.a(RA8876_t3.cpp.o)
                0x00009b48                RA8876_t3::Graphic_cursor_initial()
 .text._ZN9RA8876_t38drawLineEttttt
                0x00009ce0      0x138 .pio\build\teensy41\lib6b2\libRa8876LiteTeensy.a(RA8876_t3.cpp.o)
                0x00009ce0                RA8876_t3::drawLine(unsigned short, unsigned short, unsigned short, unsigned short, unsigned short)
 .text._ZN9RA8876_t314drawSquareFillEttttt
                0x00009e18      0x164 .pio\build\teensy41\lib6b2\libRa8876LiteTeensy.a(RA8876_t3.cpp.o)
                0x00009e18                RA8876_t3::drawSquareFill(unsigned short, unsigned short, unsigned short, unsigned short, unsigned short)
 .text._ZN9RA8876_t310drawCircleEtttt
                0x00009f7c      0x12c .pio\build\teensy41\lib6b2\libRa8876LiteTeensy.a(RA8876_t3.cpp.o)
                0x00009f7c                RA8876_t3::drawCircle(unsigned short, unsigned short, unsigned short, unsigned short)
 .text._ZN9RA8876_t314drawCircleFillEtttt
                0x0000a0a8      0x12c .pio\build\teensy41\lib6b2\libRa8876LiteTeensy.a(RA8876_t3.cpp.o)
                0x0000a0a8                RA8876_t3::drawCircleFill(unsigned short, unsigned short, unsigned short, unsigned short)
 .text._ZN9RA8876_t313bteMemoryCopyEmtttmttttt
                0x0000a1d4       0xd4 .pio\build\teensy41\lib6b2\libRa8876LiteTeensy.a(RA8876_t3.cpp.o)
                0x0000a1d4                RA8876_t3::bteMemoryCopy(unsigned long, unsigned short, unsigned short, unsigned short, unsigned long, unsigned short, unsigned short, unsigned short, unsigned short, unsigned short)
 .text._ZN9RA8876_t36scrollEv
                0x0000a2a8       0xa0 .pio\build\teensy41\lib6b2\libRa8876LiteTeensy.a(RA8876_t3.cpp.o)
                0x0000a2a8                RA8876_t3::scroll()
 .text._ZN9RA8876_t318bteMpuWriteWithROPEmtttmttttth
                0x0000a348       0xe8 .pio\build\teensy41\lib6b2\libRa8876LiteTeensy.a(RA8876_t3.cpp.o)
                0x0000a348                RA8876_t3::bteMpuWriteWithROP(unsigned long, unsigned short, unsigned short, unsigned short, unsigned long, unsigned short, unsigned short, unsigned short, unsigned short, unsigned short, unsigned char)
 .text._ZN9RA8876_t323bteMpuWriteWithROPData8EmtttmttttthPKh
                0x0000a430       0x98 .pio\build\teensy41\lib6b2\libRa8876LiteTeensy.a(RA8876_t3.cpp.o)
                0x0000a430                RA8876_t3::bteMpuWriteWithROPData8(unsigned long, unsigned short, unsigned short, unsigned short, unsigned long, unsigned short, unsigned short, unsigned short, unsigned short, unsigned short, unsigned char, unsigned char const*)
 .text._ZN9RA8876_t313saveTFTParamsEP7tftSave
                0x0000a4c8       0xbc .pio\build\teensy41\lib6b2\libRa8876LiteTeensy.a(RA8876_t3.cpp.o)
                0x0000a4c8                RA8876_t3::saveTFTParams(tftSave*)
 .text._ZN9RA8876_t316restoreTFTParamsEP7tftSave
                0x0000a584       0xc4 .pio\build\teensy41\lib6b2\libRa8876LiteTeensy.a(RA8876_t3.cpp.o)
                0x0000a584                RA8876_t3::restoreTFTParams(tftSave*)
 .text._ZN9RA8876_t312selectScreenEm
                0x0000a648      0x1c0 .pio\build\teensy41\lib6b2\libRa8876LiteTeensy.a(RA8876_t3.cpp.o)
                0x0000a648                RA8876_t3::selectScreen(unsigned long)
 .text._ZN9RA8876_t310cursorInitEv
                0x0000a808       0x60 .pio\build\teensy41\lib6b2\libRa8876LiteTeensy.a(RA8876_t3.cpp.o)
                0x0000a808                RA8876_t3::cursorInit()
 .text._ZN9RA8876_t310fillScreenEt
                0x0000a868       0xa4 .pio\build\teensy41\lib6b2\libRa8876LiteTeensy.a(RA8876_t3.cpp.o)
                0x0000a868                RA8876_t3::fillScreen(unsigned short)
 .text._ZN9RA8876_t314fillStatusLineEt
                0x0000a90c       0x98 .pio\build\teensy41\lib6b2\libRa8876LiteTeensy.a(RA8876_t3.cpp.o)
                0x0000a90c                RA8876_t3::fillStatusLine(unsigned short)
 .text._ZN9RA8876_t316ra8876InitializeEv.part.0
                0x0000a9a4      0x5dc .pio\build\teensy41\lib6b2\libRa8876LiteTeensy.a(RA8876_t3.cpp.o)
 .text._ZN9RA8876_t311setFontSizeEhb
                0x0000af80      0x120 .pio\build\teensy41\lib6b2\libRa8876LiteTeensy.a(RA8876_t3.cpp.o)
                0x0000af80                RA8876_t3::setFontSize(unsigned char, bool)
 .text._ZN9RA8876_t38fillRectEsssst
                0x0000b0a0      0x16c .pio\build\teensy41\lib6b2\libRa8876LiteTeensy.a(RA8876_t3.cpp.o)
                0x0000b0a0                RA8876_t3::fillRect(short, short, short, short, unsigned short)
 .text._ZN9RA8876_t39writeRectEssssPKt
                0x0000b20c      0x240 .pio\build\teensy41\lib6b2\libRa8876LiteTeensy.a(RA8876_t3.cpp.o)
                0x0000b20c                RA8876_t3::writeRect(short, short, short, short, unsigned short const*)
 .text._ZN9RA8876_t38drawCharEsshtthh
                0x0000b44c      0x548 .pio\build\teensy41\lib6b2\libRa8876LiteTeensy.a(RA8876_t3.cpp.o)
                0x0000b44c                RA8876_t3::drawChar(short, short, unsigned char, unsigned short, unsigned short, unsigned char, unsigned char)
 .text._ZN9RA8876_t312drawFontBitsEbmmllm
                0x0000b994      0x10c .pio\build\teensy41\lib6b2\libRa8876LiteTeensy.a(RA8876_t3.cpp.o)
                0x0000b994                RA8876_t3::drawFontBits(bool, unsigned long, unsigned long, long, long, unsigned long)
 .text._ZN9RA8876_t320gfxFontLastCharPosFGEss
                0x0000baa0       0xa8 .pio\build\teensy41\lib6b2\libRa8876LiteTeensy.a(RA8876_t3.cpp.o)
                0x0000baa0                RA8876_t3::gfxFontLastCharPosFG(short, short)
 .text._ZN9RA8876_t315drawGFXFontCharEj
                0x0000bb48      0x858 .pio\build\teensy41\lib6b2\libRa8876LiteTeensy.a(RA8876_t3.cpp.o)
                0x0000bb48                RA8876_t3::drawGFXFontChar(unsigned int)
 .text._ZN9RA8876_t35PixelEsst
                0x0000c3a0       0x88 .pio\build\teensy41\lib6b2\libRa8876LiteTeensy.a(RA8876_t3.cpp.o)
                0x0000c3a0                RA8876_t3::Pixel(short, short, unsigned short)
 .text._ZN9RA8876_t318fetchbits_unsignedEPKhmm
                0x0000c428       0x4c .pio\build\teensy41\lib6b2\libRa8876LiteTeensy.a(RA8876_t3.cpp.o)
                0x0000c428                RA8876_t3::fetchbits_unsigned(unsigned char const*, unsigned long, unsigned long)
 .text._ZN9RA8876_t312drawFontCharEj
                0x0000c474      0x62c .pio\build\teensy41\lib6b2\libRa8876LiteTeensy.a(RA8876_t3.cpp.o)
                0x0000c474                RA8876_t3::drawFontChar(unsigned int)
 .text._ZN9RA8876_t310charBoundsEcPsS0_S0_S0_S0_S0_
                0x0000caa0      0x2c8 .pio\build\teensy41\lib6b2\libRa8876LiteTeensy.a(RA8876_t3.cpp.o)
                0x0000caa0                RA8876_t3::charBounds(char, short*, short*, short*, short*, short*, short*)
 .text._ZN9RA8876_t313getTextBoundsEPKhtssPsS2_PtS3_
                0x0000cd68       0xb0 .pio\build\teensy41\lib6b2\libRa8876LiteTeensy.a(RA8876_t3.cpp.o)
                0x0000cd68                RA8876_t3::getTextBounds(unsigned char const*, unsigned short, short, short, short*, short*, unsigned short*, unsigned short*)
 .text._ZN9RA8876_t310_fontWriteEPKht.part.0
                0x0000ce18      0x21c .pio\build\teensy41\lib6b2\libRa8876LiteTeensy.a(RA8876_t3.cpp.o)
 .text._ZN9RA8876_t35writeEPKhj.part.0
                0x0000d034      0x3b0 .pio\build\teensy41\lib6b2\libRa8876LiteTeensy.a(RA8876_t3.cpp.o)
 .text._ZN9RA8876_t35writeEPKhj
                0x0000d3e4       0x1c .pio\build\teensy41\lib6b2\libRa8876LiteTeensy.a(RA8876_t3.cpp.o)
                0x0000d3e4                RA8876_t3::write(unsigned char const*, unsigned int)
 .text._ZN9RA8876_t35writeEh
                0x0000d400       0x44 .pio\build\teensy41\lib6b2\libRa8876LiteTeensy.a(RA8876_t3.cpp.o)
                0x0000d400                RA8876_t3::write(unsigned char)
 .text._ZN9RA8876_t313_textPositionEssb
                0x0000d444       0x48 .pio\build\teensy41\lib6b2\libRa8876LiteTeensy.a(RA8876_t3.cpp.o)
                0x0000d444                RA8876_t3::_textPosition(short, short, bool)
 .text._ZN9RA8876_t39setCursorEssb
                0x0000d48c      0x1a4 .pio\build\teensy41\lib6b2\libRa8876LiteTeensy.a(RA8876_t3.cpp.o)
                0x0000d48c                RA8876_t3::setCursor(short, short, bool)
 .text._ZN9RA8876_t312enableCapISREb
                0x0000d630       0x38 .pio\build\teensy41\lib6b2\libRa8876LiteTeensy.a(RA8876_t3.cpp.o)
                0x0000d630                RA8876_t3::enableCapISR(bool)
 .text._ZN9RA8876_t37touchedEb
                0x0000d668       0x4c .pio\build\teensy41\lib6b2\libRa8876LiteTeensy.a(RA8876_t3.cpp.o)
                0x0000d668                RA8876_t3::touched(bool)
 .text._ZN9RA8876_t313setTouchLimitEh
                0x0000d6b4        0xc .pio\build\teensy41\lib6b2\libRa8876LiteTeensy.a(RA8876_t3.cpp.o)
                0x0000d6b4                RA8876_t3::setTouchLimit(unsigned char)
 .text._ZN9RA8876_t314_sendRegFT5206Ehh
                0x0000d6c0       0x44 .pio\build\teensy41\lib6b2\libRa8876LiteTeensy.a(RA8876_t3.cpp.o)
                0x0000d6c0                RA8876_t3::_sendRegFT5206(unsigned char, unsigned char)
 .text._ZN9RA8876_t39useCapINTEhh
                0x0000d704       0xc0 .pio\build\teensy41\lib6b2\libRa8876LiteTeensy.a(RA8876_t3.cpp.o)
                0x0000d704                RA8876_t3::useCapINT(unsigned char, unsigned char)
 .text._ZN9RA8876_t38updateTSEv
                0x0000d7c4       0xc4 .pio\build\teensy41\lib6b2\libRa8876LiteTeensy.a(RA8876_t3.cpp.o)
                0x0000d7c4                RA8876_t3::updateTS()
 .text._ZN9RA8876_t316getTScoordinatesEPA2_t
                0x0000d888      0x14c .pio\build\teensy41\lib6b2\libRa8876LiteTeensy.a(RA8876_t3.cpp.o)
                0x0000d888                RA8876_t3::getTScoordinates(unsigned short (*) [2])
 .text._ZN9RA8876_t310getTouchesEv
                0x0000d9d4        0x8 .pio\build\teensy41\lib6b2\libRa8876LiteTeensy.a(RA8876_t3.cpp.o)
                0x0000d9d4                RA8876_t3::getTouches()
 .text.startup._GLOBAL__sub_I_gImage_busy_im
                0x0000d9dc       0x24 .pio\build\teensy41\lib6b2\libRa8876LiteTeensy.a(RA8876_t3.cpp.o)
 .text._ZN9ExFatFile8dirCacheEhh
                0x0000da00       0x3c .pio\build\teensy41\lib016\libSdFat.a(ExFatFile.cpp.o)
                0x0000da00                ExFatFile::dirCache(unsigned char, unsigned char)
 .text._ZN9ExFatFile5closeEv
                0x0000da3c       0x14 .pio\build\teensy41\lib016\libSdFat.a(ExFatFile.cpp.o)
                0x0000da3c                ExFatFile::close()
 .text._ZN9ExFatFile17getCreateDateTimeEPtS0_
                0x0000da50       0x24 .pio\build\teensy41\lib016\libSdFat.a(ExFatFile.cpp.o)
                0x0000da50                ExFatFile::getCreateDateTime(unsigned short*, unsigned short*)
 .text._ZN9ExFatFile17getModifyDateTimeEPtS0_
                0x0000da74       0x24 .pio\build\teensy41\lib016\libSdFat.a(ExFatFile.cpp.o)
                0x0000da74                ExFatFile::getModifyDateTime(unsigned short*, unsigned short*)
 .text._ZN9ExFatFile8openRootEP11ExFatVolume
                0x0000da98       0x28 .pio\build\teensy41\lib016\libSdFat.a(ExFatFile.cpp.o)
                0x0000da98                ExFatFile::openRoot(ExFatVolume*)
 .text._ZN9ExFatFile13parsePathNameEPKcP8ExName_tPS1_
                0x0000dac0       0x9c .pio\build\teensy41\lib016\libSdFat.a(ExFatFile.cpp.o)
                0x0000dac0                ExFatFile::parsePathName(char const*, ExName_t*, char const**)
 .text._ZN9ExFatFile4readEPvj
                0x0000db5c      0x1a0 .pio\build\teensy41\lib016\libSdFat.a(ExFatFile.cpp.o)
                0x0000db5c                ExFatFile::read(void*, unsigned int)
 .text._ZN9ExFatFile4peekEv
                0x0000dcfc       0x2c .pio\build\teensy41\lib016\libSdFat.a(ExFatFile.cpp.o)
                0x0000dcfc                ExFatFile::peek()
 .text._ZN9ExFatFile7seekSetEy
                0x0000dd28       0xec .pio\build\teensy41\lib016\libSdFat.a(ExFatFile.cpp.o)
                0x0000dd28                ExFatFile::seekSet(unsigned long long)
 .text._ZN9ExFatFile11openPrivateEPS_P8ExName_ti
                0x0000de14      0x398 .pio\build\teensy41\lib016\libSdFat.a(ExFatFile.cpp.o)
                0x0000de14                ExFatFile::openPrivate(ExFatFile*, ExName_t*, int)
 .text._ZN9ExFatFile4openEPS_PKci
                0x0000e1ac       0xf8 .pio\build\teensy41\lib016\libSdFat.a(ExFatFile.cpp.o)
                0x0000e1ac                ExFatFile::open(ExFatFile*, char const*, int)
 .text._ZN9ExFatFile4openEP11ExFatVolumePKci
                0x0000e2a4       0x10 .pio\build\teensy41\lib016\libSdFat.a(ExFatFile.cpp.o)
                0x0000e2a4                ExFatFile::open(ExFatVolume*, char const*, int)
 .text._ZN9ExFatFile8openNextEPS_i
                0x0000e2b4       0x24 .pio\build\teensy41\lib016\libSdFat.a(ExFatFile.cpp.o)
                0x0000e2b4                ExFatFile::openNext(ExFatFile*, int)
 .text._ZN9ExFatFile10addClusterEv
                0x0000e2d8       0x94 .pio\build\teensy41\lib016\libSdFat.a(ExFatFileWrite.cpp.o)
                0x0000e2d8                ExFatFile::addCluster()
 .text._ZN9ExFatFile6removeEv
                0x0000e36c       0xb4 .pio\build\teensy41\lib016\libSdFat.a(ExFatFileWrite.cpp.o)
                0x0000e36c                ExFatFile::remove()
 .text._ZN9ExFatFile5rmdirEv
                0x0000e420       0x60 .pio\build\teensy41\lib016\libSdFat.a(ExFatFileWrite.cpp.o)
                0x0000e420                ExFatFile::rmdir()
 .text._ZN9ExFatFile7syncDirEv
                0x0000e480      0x138 .pio\build\teensy41\lib016\libSdFat.a(ExFatFileWrite.cpp.o)
                0x0000e480                ExFatFile::syncDir()
 .text._ZN9ExFatFile4syncEv
                0x0000e5b8       0x60 .pio\build\teensy41\lib016\libSdFat.a(ExFatFileWrite.cpp.o)
                0x0000e5b8                ExFatFile::sync()
 .text._ZN9ExFatFile13addDirClusterEv
                0x0000e618       0xb0 .pio\build\teensy41\lib016\libSdFat.a(ExFatFileWrite.cpp.o)
                0x0000e618                ExFatFile::addDirCluster()
 .text._ZN9ExFatFile6renameEPS_PKc
                0x0000e6c8       0xa4 .pio\build\teensy41\lib016\libSdFat.a(ExFatFileWrite.cpp.o)
                0x0000e6c8                ExFatFile::rename(ExFatFile*, char const*)
 .text._ZN9ExFatFile5mkdirEPS_P8ExName_t
                0x0000e76c       0x60 .pio\build\teensy41\lib016\libSdFat.a(ExFatFileWrite.cpp.o)
                0x0000e76c                ExFatFile::mkdir(ExFatFile*, ExName_t*)
 .text._ZN9ExFatFile5mkdirEPS_PKcb
                0x0000e7cc       0xd8 .pio\build\teensy41\lib016\libSdFat.a(ExFatFileWrite.cpp.o)
                0x0000e7cc                ExFatFile::mkdir(ExFatFile*, char const*, bool)
 .text._ZN9ExFatFile9timestampEhthhhhh
                0x0000e8a4      0x178 .pio\build\teensy41\lib016\libSdFat.a(ExFatFileWrite.cpp.o)
                0x0000e8a4                ExFatFile::timestamp(unsigned char, unsigned short, unsigned char, unsigned char, unsigned char, unsigned char, unsigned char)
 .text._ZN9ExFatFile8truncateEv
                0x0000ea1c       0xe4 .pio\build\teensy41\lib016\libSdFat.a(ExFatFileWrite.cpp.o)
                0x0000ea1c                ExFatFile::truncate()
 .text._ZN9ExFatFile5writeEPKvj
                0x0000eb00      0x280 .pio\build\teensy41\lib016\libSdFat.a(ExFatFileWrite.cpp.o)
                0x0000eb00                ExFatFile::write(void const*, unsigned int)
 .text._ZN9ExFatFile7cmpNameEPK9DirName_tP8ExName_t
                0x0000ed80       0x4c .pio\build\teensy41\lib016\libSdFat.a(ExFatName.cpp.o)
                0x0000ed80                ExFatFile::cmpName(DirName_t const*, ExName_t*)
 .text._ZN9ExFatFile8getName8EPcj
                0x0000edcc       0xcc .pio\build\teensy41\lib016\libSdFat.a(ExFatName.cpp.o)
                0x0000edcc                ExFatFile::getName8(char*, unsigned int)
 .text._ZN9ExFatFile8hashNameEP8ExName_t
                0x0000ee98       0x6c .pio\build\teensy41\lib016\libSdFat.a(ExFatName.cpp.o)
                0x0000ee98                ExFatFile::hashName(ExName_t*)
 .text._ZN14ExFatPartition10bitmapFindEmm
                0x0000ef04       0xc0 .pio\build\teensy41\lib016\libSdFat.a(ExFatPartition.cpp.o)
                0x0000ef04                ExFatPartition::bitmapFind(unsigned long, unsigned long)
 .text._ZN14ExFatPartition12bitmapModifyEmmb
                0x0000efc4       0xac .pio\build\teensy41\lib016\libSdFat.a(ExFatPartition.cpp.o)
                0x0000efc4                ExFatPartition::bitmapModify(unsigned long, unsigned long, bool)
 .text._ZN14ExFatPartition9chainSizeEm
                0x0000f070       0x4c .pio\build\teensy41\lib016\libSdFat.a(ExFatPartition.cpp.o)
                0x0000f070                ExFatPartition::chainSize(unsigned long)
 .text._ZN14ExFatPartition8dirCacheEP8DirPos_th
                0x0000f0bc       0x38 .pio\build\teensy41\lib016\libSdFat.a(ExFatPartition.cpp.o)
                0x0000f0bc                ExFatPartition::dirCache(DirPos_t*, unsigned char)
 .text._ZN14ExFatPartition7dirSeekEP8DirPos_tm
                0x0000f0f4       0x84 .pio\build\teensy41\lib016\libSdFat.a(ExFatPartition.cpp.o)
                0x0000f0f4                ExFatPartition::dirSeek(DirPos_t*, unsigned long)
 .text._ZN14ExFatPartition6fatGetEmPm
                0x0000f178       0x44 .pio\build\teensy41\lib016\libSdFat.a(ExFatPartition.cpp.o)
                0x0000f178                ExFatPartition::fatGet(unsigned long, unsigned long*)
 .text._ZN14ExFatPartition6fatPutEmm
                0x0000f1bc       0x40 .pio\build\teensy41\lib016\libSdFat.a(ExFatPartition.cpp.o)
                0x0000f1bc                ExFatPartition::fatPut(unsigned long, unsigned long)
 .text._ZN14ExFatPartition9freeChainEm
                0x0000f1fc       0xc0 .pio\build\teensy41\lib016\libSdFat.a(ExFatPartition.cpp.o)
                0x0000f1fc                ExFatPartition::freeChain(unsigned long)
 .text._ZN14ExFatPartition16freeClusterCountEv
                0x0000f2bc       0x6c .pio\build\teensy41\lib016\libSdFat.a(ExFatPartition.cpp.o)
                0x0000f2bc                ExFatPartition::freeClusterCount()
 .text._ZN14ExFatPartition4initEP22FsBlockDeviceInterfaceh
                0x0000f328       0xe0 .pio\build\teensy41\lib016\libSdFat.a(ExFatPartition.cpp.o)
                0x0000f328                ExFatPartition::init(FsBlockDeviceInterface*, unsigned char)
 .text._ZN14ExFatPartition10rootLengthEv
                0x0000f408       0x18 .pio\build\teensy41\lib016\libSdFat.a(ExFatPartition.cpp.o)
                0x0000f408                ExFatPartition::rootLength()
 .text._ZN7FatFile4syncEv.part.0
                0x0000f420       0xb4 .pio\build\teensy41\lib016\libSdFat.a(FatFile.cpp.o)
 .text._ZN7FatFile10addClusterEv
                0x0000f4d4       0x34 .pio\build\teensy41\lib016\libSdFat.a(FatFile.cpp.o)
                0x0000f4d4                FatFile::addCluster()
 .text._ZN7FatFile13addDirClusterEv
                0x0000f508       0x78 .pio\build\teensy41\lib016\libSdFat.a(FatFile.cpp.o)
                0x0000f508                FatFile::addDirCluster()
 .text._ZN7FatFile13cacheDirEntryEh
                0x0000f580       0x20 .pio\build\teensy41\lib016\libSdFat.a(FatFile.cpp.o)
                0x0000f580                FatFile::cacheDirEntry(unsigned char)
 .text._ZN7FatFile5closeEv
                0x0000f5a0       0x20 .pio\build\teensy41\lib016\libSdFat.a(FatFile.cpp.o)
                0x0000f5a0                FatFile::close()
 .text._ZN7FatFile8dirEntryEP8DirFat_t
                0x0000f5c0       0x54 .pio\build\teensy41\lib016\libSdFat.a(FatFile.cpp.o)
                0x0000f5c0                FatFile::dirEntry(DirFat_t*)
 .text._ZN7FatFile17getCreateDateTimeEPtS0_
                0x0000f614       0x20 .pio\build\teensy41\lib016\libSdFat.a(FatFile.cpp.o)
                0x0000f614                FatFile::getCreateDateTime(unsigned short*, unsigned short*)
 .text._ZN7FatFile17getModifyDateTimeEPtS0_
                0x0000f634       0x20 .pio\build\teensy41\lib016\libSdFat.a(FatFile.cpp.o)
                0x0000f634                FatFile::getModifyDateTime(unsigned short*, unsigned short*)
 .text._ZN7FatFile5mkdirEPS_P8FatLfn_t
                0x0000f654      0x16c .pio\build\teensy41\lib016\libSdFat.a(FatFile.cpp.o)
                0x0000f654                FatFile::mkdir(FatFile*, FatLfn_t*)
 .text._ZN7FatFile5mkdirEPS_PKcb
                0x0000f7c0       0xec .pio\build\teensy41\lib016\libSdFat.a(FatFile.cpp.o)
                0x0000f7c0                FatFile::mkdir(FatFile*, char const*, bool)
 .text._ZN7FatFile4openEPS_PKci
                0x0000f8ac      0x104 .pio\build\teensy41\lib016\libSdFat.a(FatFile.cpp.o)
                0x0000f8ac                FatFile::open(FatFile*, char const*, int)
 .text._ZN7FatFile4openEP9FatVolumePKci
                0x0000f9b0       0x10 .pio\build\teensy41\lib016\libSdFat.a(FatFile.cpp.o)
                0x0000f9b0                FatFile::open(FatVolume*, char const*, int)
 .text._ZN7FatFile11openClusterEPS_
                0x0000f9c0       0x5c .pio\build\teensy41\lib016\libSdFat.a(FatFile.cpp.o)
                0x0000f9c0                FatFile::openCluster(FatFile*)
 .text._ZN7FatFile8openRootEP9FatVolume
                0x0000fa1c       0x3c .pio\build\teensy41\lib016\libSdFat.a(FatFile.cpp.o)
                0x0000fa1c                FatFile::openRoot(FatVolume*)
 .text._ZN7FatFile4readEPvj
                0x0000fa58      0x1a8 .pio\build\teensy41\lib016\libSdFat.a(FatFile.cpp.o)
                0x0000fa58                FatFile::read(void*, unsigned int)
 .text._ZN7FatFile4peekEv
                0x0000fc00       0x28 .pio\build\teensy41\lib016\libSdFat.a(FatFile.cpp.o)
                0x0000fc00                FatFile::peek()
 .text._ZN7FatFile12readDirCacheEb
                0x0000fc28       0x44 .pio\build\teensy41\lib016\libSdFat.a(FatFile.cpp.o)
                0x0000fc28                FatFile::readDirCache(bool)
 .text._ZN7FatFile6renameEPS_PKc
                0x0000fc6c      0x1ec .pio\build\teensy41\lib016\libSdFat.a(FatFile.cpp.o)
                0x0000fc6c                FatFile::rename(FatFile*, char const*)
 .text._ZN7FatFile5rmdirEv
                0x0000fe58       0x90 .pio\build\teensy41\lib016\libSdFat.a(FatFile.cpp.o)
                0x0000fe58                FatFile::rmdir()
 .text._ZN7FatFile7seekSetEm
                0x0000fee8       0xb0 .pio\build\teensy41\lib016\libSdFat.a(FatFile.cpp.o)
                0x0000fee8                FatFile::seekSet(unsigned long)
 .text._ZN7FatFile15openCachedEntryEPS_tih
                0x0000ff98       0xe4 .pio\build\teensy41\lib016\libSdFat.a(FatFile.cpp.o)
                0x0000ff98                FatFile::openCachedEntry(FatFile*, unsigned short, int, unsigned char)
 .text._ZN7FatFile8openNextEPS_i
                0x0001007c       0xcc .pio\build\teensy41\lib016\libSdFat.a(FatFile.cpp.o)
                0x0001007c                FatFile::openNext(FatFile*, int)
 .text._ZN7FatFile4syncEv
                0x00010148        0xc .pio\build\teensy41\lib016\libSdFat.a(FatFile.cpp.o)
                0x00010148                FatFile::sync()
 .text._ZN7FatFile9timestampEhthhhhh
                0x00010154       0xd8 .pio\build\teensy41\lib016\libSdFat.a(FatFile.cpp.o)
                0x00010154                FatFile::timestamp(unsigned char, unsigned short, unsigned char, unsigned char, unsigned char, unsigned char, unsigned char)
 .text._ZN7FatFile8truncateEv
                0x0001022c       0x74 .pio\build\teensy41\lib016\libSdFat.a(FatFile.cpp.o)
                0x0001022c                FatFile::truncate()
 .text._ZN7FatFile5writeEPKvj
                0x000102a0      0x1b4 .pio\build\teensy41\lib016\libSdFat.a(FatFile.cpp.o)
                0x000102a0                FatFile::write(void const*, unsigned int)
 .text._ZN7FatFile7cmpNameEtP8FatLfn_th
                0x00010454       0xbc .pio\build\teensy41\lib016\libSdFat.a(FatFileLFN.cpp.o)
                0x00010454                FatFile::cmpName(unsigned short, FatLfn_t*, unsigned char)
 .text._ZN7FatFile9createLFNEtP8FatLfn_th
                0x00010510      0x124 .pio\build\teensy41\lib016\libSdFat.a(FatFileLFN.cpp.o)
                0x00010510                FatFile::createLFN(unsigned short, FatLfn_t*, unsigned char)
 .text._ZN7FatFile7makeSFNEP8FatLfn_t
                0x00010634      0x168 .pio\build\teensy41\lib016\libSdFat.a(FatFileLFN.cpp.o)
                0x00010634                FatFile::makeSFN(FatLfn_t*)
 .text._ZN7FatFile13makeUniqueSfnEP8FatLfn_t
                0x0001079c       0xb4 .pio\build\teensy41\lib016\libSdFat.a(FatFileLFN.cpp.o)
                0x0001079c                FatFile::makeUniqueSfn(FatLfn_t*)
 .text._ZN7FatFile4openEPS_P8FatLfn_ti
                0x00010850      0x298 .pio\build\teensy41\lib016\libSdFat.a(FatFileLFN.cpp.o)
                0x00010850                FatFile::open(FatFile*, FatLfn_t*, int)
 .text._ZN7FatFile13parsePathNameEPKcP8FatLfn_tPS1_
                0x00010ae8       0xd4 .pio\build\teensy41\lib016\libSdFat.a(FatFileLFN.cpp.o)
                0x00010ae8                FatFile::parsePathName(char const*, FatLfn_t*, char const**)
 .text._ZN7FatFile6removeEv
                0x00010bbc      0x110 .pio\build\teensy41\lib016\libSdFat.a(FatFileLFN.cpp.o)
                0x00010bbc                FatFile::remove()
 .text._ZN7FatFile10getLfnCharEP8DirLfn_th
                0x00010ccc       0x2c .pio\build\teensy41\lib016\libSdFat.a(FatName.cpp.o)
                0x00010ccc                FatFile::getLfnChar(DirLfn_t*, unsigned char)
 .text._ZN7FatFile6getSFNEPcj
                0x00010cf8       0x94 .pio\build\teensy41\lib016\libSdFat.a(FatName.cpp.o)
                0x00010cf8                FatFile::getSFN(char*, unsigned int)
 .text._ZN7FatFile8getName8EPcj
                0x00010d8c      0x110 .pio\build\teensy41\lib016\libSdFat.a(FatName.cpp.o)
                0x00010d8c                FatFile::getName8(char*, unsigned int)
 .text._ZN7FatFile7getNameEPcj
                0x00010e9c        0x4 .pio\build\teensy41\lib016\libSdFat.a(FatName.cpp.o)
                0x00010e9c                FatFile::getName(char*, unsigned int)
 .text._ZN22FsBlockDeviceInterface19readSectorsCallbackEmPhjPFvmS0_PvES1_
                0x00010ea0       0x44 .pio\build\teensy41\lib016\libSdFat.a(FatPartition.cpp.o)
                0x00010ea0                FsBlockDeviceInterface::readSectorsCallback(unsigned long, unsigned char*, unsigned int, void (*)(unsigned long, unsigned char*, void*), void*)
 .text._ZN12FatPartition25freeClusterCount_cb_fat16EmPhPv
                0x00010ee4       0x34 .pio\build\teensy41\lib016\libSdFat.a(FatPartition.cpp.o)
                0x00010ee4                FatPartition::freeClusterCount_cb_fat16(unsigned long, unsigned char*, void*)
 .text._ZN12FatPartition25freeClusterCount_cb_fat32EmPhPv
                0x00010f18       0x34 .pio\build\teensy41\lib016\libSdFat.a(FatPartition.cpp.o)
                0x00010f18                FatPartition::freeClusterCount_cb_fat32(unsigned long, unsigned char*, void*)
 .text._ZN12FatPartition6fatGetEmPm.part.0
                0x00010f4c       0xfc .pio\build\teensy41\lib016\libSdFat.a(FatPartition.cpp.o)
 .text._ZN12FatPartition6fatPutEmm.part.0
                0x00011048      0x10c .pio\build\teensy41\lib016\libSdFat.a(FatPartition.cpp.o)
 .text._ZN12FatPartition15allocateClusterEmPm
                0x00011154       0x9c .pio\build\teensy41\lib016\libSdFat.a(FatPartition.cpp.o)
                0x00011154                FatPartition::allocateCluster(unsigned long, unsigned long*)
 .text._ZN12FatPartition6fatGetEmPm
                0x000111f0       0x24 .pio\build\teensy41\lib016\libSdFat.a(FatPartition.cpp.o)
                0x000111f0                FatPartition::fatGet(unsigned long, unsigned long*)
 .text._ZN12FatPartition6fatPutEmm
                0x00011214       0x20 .pio\build\teensy41\lib016\libSdFat.a(FatPartition.cpp.o)
                0x00011214                FatPartition::fatPut(unsigned long, unsigned long)
 .text._ZN12FatPartition9freeChainEm
                0x00011234       0x58 .pio\build\teensy41\lib016\libSdFat.a(FatPartition.cpp.o)
                0x00011234                FatPartition::freeChain(unsigned long)
 .text._ZN12FatPartition16freeClusterCountEv
                0x0001128c      0x1c8 .pio\build\teensy41\lib016\libSdFat.a(FatPartition.cpp.o)
                0x0001128c                FatPartition::freeClusterCount()
 .text._ZN12FatPartition4initEP22FsBlockDeviceInterfaceh
                0x00011454      0x124 .pio\build\teensy41\lib016\libSdFat.a(FatPartition.cpp.o)
                0x00011454                FatPartition::init(FsBlockDeviceInterface*, unsigned char)
 .text._ZN10FsBaseFileC2ERKS_
                0x00011578       0x84 .pio\build\teensy41\lib016\libSdFat.a(FsFile.cpp.o)
                0x00011578                FsBaseFile::FsBaseFile(FsBaseFile const&)
                0x00011578                FsBaseFile::FsBaseFile(FsBaseFile const&)
 .text._ZN10FsBaseFile5closeEv
                0x000115fc       0x28 .pio\build\teensy41\lib016\libSdFat.a(FsFile.cpp.o)
                0x000115fc                FsBaseFile::close()
 .text._ZN10FsBaseFile4openEP8FsVolumePKci
                0x00011624       0xb0 .pio\build\teensy41\lib016\libSdFat.a(FsFile.cpp.o)
                0x00011624                FsBaseFile::open(FsVolume*, char const*, int)
 .text._ZN10FsBaseFile8openNextEPS_i
                0x000116d4       0x74 .pio\build\teensy41\lib016\libSdFat.a(FsFile.cpp.o)
                0x000116d4                FsBaseFile::openNext(FsBaseFile*, int)
 .text._ZnwjPm  0x00011748        0x4 .pio\build\teensy41\lib016\libSdFat.a(FsNew.cpp.o)
                0x00011748                operator new(unsigned int, unsigned long*)
 .text._ZN8FsVolume5beginEP22FsBlockDeviceInterfacebh
                0x0001174c       0xe4 .pio\build\teensy41\lib016\libSdFat.a(FsVolume.cpp.o)
                0x0001174c                FsVolume::begin(FsBlockDeviceInterface*, bool, unsigned char)
 .text._ZN8FsVolume4openEPKci
                0x00011830       0x28 .pio\build\teensy41\lib016\libSdFat.a(FsVolume.cpp.o)
                0x00011830                FsVolume::open(char const*, int)
 .text._ZN7FsCache4syncEv
                0x00011858       0x58 .pio\build\teensy41\lib016\libSdFat.a(FsCache.cpp.o)
                0x00011858                FsCache::sync()
 .text._ZN7FsCache7prepareEmh
                0x000118b0       0x50 .pio\build\teensy41\lib016\libSdFat.a(FsCache.cpp.o)
                0x000118b0                FsCache::prepare(unsigned long, unsigned char)
 .text._ZL12dateTimeMs10PtS_Ph
                0x00011900       0x14 .pio\build\teensy41\lib016\libSdFat.a(FsDateTime.cpp.o)
 .text._ZN10FsDateTime11setCallbackEPFvPtS0_E
                0x00011914       0x18 .pio\build\teensy41\lib016\libSdFat.a(FsDateTime.cpp.o)
                0x00011914                FsDateTime::setCallback(void (*)(unsigned short*, unsigned short*))
 .text._ZN6FsName5get16Ev
                0x0001192c       0x4c .pio\build\teensy41\lib016\libSdFat.a(FsName.cpp.o)
                0x0001192c                FsName::get16()
 .text._ZN5FsUtf6cpToMbEmPcS0_
                0x00011978       0xa4 .pio\build\teensy41\lib016\libSdFat.a(FsUtf.cpp.o)
                0x00011978                FsUtf::cpToMb(unsigned long, char*, char*)
 .text._ZN5FsUtf6mbToCpEPKcS1_Pm
                0x00011a1c       0x98 .pio\build\teensy41\lib016\libSdFat.a(FsUtf.cpp.o)
                0x00011a1c                FsUtf::mbToCp(char const*, char const*, unsigned long*)
 .text._Z8toUpcaset
                0x00011ab4       0xb8 .pio\build\teensy41\lib016\libSdFat.a(upcase.cpp.o)
                0x00011ab4                toUpcase(unsigned short)
 .text._ZN7SDClassD2Ev
                0x00011b6c        0x4 .pio\build\teensy41\libae7\libSD.a(SD.cpp.o)
                0x00011b6c                SDClass::~SDClass()
                0x00011b6c                SDClass::~SDClass()
 .text._ZN7SDClass8dateTimeEPtS0_
                0x00011b70       0x84 .pio\build\teensy41\libae7\libSD.a(SD.cpp.o)
                0x00011b70                SDClass::dateTime(unsigned short*, unsigned short*)
 .text._ZN7SDClass4openEPKch
                0x00011bf4       0xc8 .pio\build\teensy41\libae7\libSD.a(SD.cpp.o)
                0x00011bf4                SDClass::open(char const*, unsigned char)
 .text._ZN7SDClass5rmdirEPKc
                0x00011cbc       0x54 .pio\build\teensy41\libae7\libSD.a(SD.cpp.o)
                0x00011cbc                SDClass::rmdir(char const*)
 .text._ZN7SDClass6renameEPKcS1_
                0x00011d10       0x64 .pio\build\teensy41\libae7\libSD.a(SD.cpp.o)
                0x00011d10                SDClass::rename(char const*, char const*)
 .text._ZN7SDClass6removeEPKc
                0x00011d74       0x54 .pio\build\teensy41\libae7\libSD.a(SD.cpp.o)
                0x00011d74                SDClass::remove(char const*)
 .text._ZN7SDClass5mkdirEPKc
                0x00011dc8       0x3c .pio\build\teensy41\libae7\libSD.a(SD.cpp.o)
                0x00011dc8                SDClass::mkdir(char const*)
 .text._ZN7SDClass6existsEPKc
                0x00011e04       0x38 .pio\build\teensy41\libae7\libSD.a(SD.cpp.o)
                0x00011e04                SDClass::exists(char const*)
 .text._ZN7SDClass8usedSizeEv
                0x00011e3c       0xf0 .pio\build\teensy41\libae7\libSD.a(SD.cpp.o)
                0x00011e3c                SDClass::usedSize()
 .text._ZN7SDClass9totalSizeEv
                0x00011f2c       0x3c .pio\build\teensy41\libae7\libSD.a(SD.cpp.o)
                0x00011f2c                SDClass::totalSize()
 .text._ZN7SDClass6formatEicR5Print
                0x00011f68       0xdc .pio\build\teensy41\libae7\libSD.a(SD.cpp.o)
                0x00011f68                SDClass::format(int, char, Print&)
 .text._ZN7SDClass12mediaPresentEv
                0x00012044      0x110 .pio\build\teensy41\libae7\libSD.a(SD.cpp.o)
                0x00012044                SDClass::mediaPresent()
 .text._ZN7SDClass5beginEh
                0x00012154       0xd4 .pio\build\teensy41\libae7\libSD.a(SD.cpp.o)
                0x00012154                SDClass::begin(unsigned char)
 .text.startup._GLOBAL__sub_I_SD
                0x00012228       0x80 .pio\build\teensy41\libae7\libSD.a(SD.cpp.o)
 .text._Z9breakTimexR12tmElements_t
                0x000122a8      0x170 .pio\build\teensy41\libc21\libTime.a(Time.cpp.o)
                0x000122a8                breakTime(long long, tmElements_t&)
 .text._Z8makeTimeRK12tmElements_t
                0x00012418       0xf0 .pio\build\teensy41\libc21\libTime.a(Time.cpp.o)
                0x00012418                makeTime(tmElements_t const&)
 .text._Z3nowv  0x00012508       0x94 .pio\build\teensy41\libc21\libTime.a(Time.cpp.o)
                0x00012508                now()
 .text._Z4hourv
                0x0001259c       0x30 .pio\build\teensy41\libc21\libTime.a(Time.cpp.o)
                0x0001259c                hour()
 .text._Z6minutev
                0x000125cc       0x30 .pio\build\teensy41\libc21\libTime.a(Time.cpp.o)
                0x000125cc                minute()
 .text._Z6secondv
                0x000125fc       0x30 .pio\build\teensy41\libc21\libTime.a(Time.cpp.o)
                0x000125fc                second()
 .text._Z3dayv  0x0001262c       0x30 .pio\build\teensy41\libc21\libTime.a(Time.cpp.o)
                0x0001262c                day()
 .text._Z5monthv
                0x0001265c       0x30 .pio\build\teensy41\libc21\libTime.a(Time.cpp.o)
                0x0001265c                month()
 .text._Z4yearv
                0x0001268c       0x34 .pio\build\teensy41\libc21\libTime.a(Time.cpp.o)
                0x0001268c                year()
 .text._Z7setTimeiiiiii
                0x000126c0       0x64 .pio\build\teensy41\libc21\libTime.a(Time.cpp.o)
                0x000126c0                setTime(int, int, int, int, int, int)
 .text._Z15setSyncProviderPFxvE
                0x00012724       0x1c .pio\build\teensy41\libc21\libTime.a(Time.cpp.o)
                0x00012724                setSyncProvider(long long (*)())
 .text._ZN20AudioControlSGTL50007disableEv
                0x00012740        0x4 .pio\build\teensy41\libad2\libAudio.a(control_sgtl5000.cpp.o)
                0x00012740                AudioControlSGTL5000::disable()
 .text._ZN20AudioControlSGTL500010inputLevelEf
                0x00012744        0x4 .pio\build\teensy41\libad2\libAudio.a(control_sgtl5000.cpp.o)
                0x00012744                AudioControlSGTL5000::inputLevel(float)
 .text._ZN20AudioControlSGTL50004readEj
                0x00012748       0x84 .pio\build\teensy41\libad2\libAudio.a(control_sgtl5000.cpp.o)
                0x00012748                AudioControlSGTL5000::read(unsigned int)
 .text._ZN20AudioControlSGTL50005writeEjj
                0x000127cc       0x5c .pio\build\teensy41\libad2\libAudio.a(control_sgtl5000.cpp.o)
                0x000127cc                AudioControlSGTL5000::write(unsigned int, unsigned int)
 .text._ZN20AudioControlSGTL50006enableEjm.part.0
                0x00012828      0x184 .pio\build\teensy41\libad2\libAudio.a(control_sgtl5000.cpp.o)
 .text._ZN20AudioControlSGTL50006enableEv
                0x000129ac       0x2c .pio\build\teensy41\libad2\libAudio.a(control_sgtl5000.cpp.o)
                0x000129ac                AudioControlSGTL5000::enable()
 .text._ZN20AudioControlSGTL500011inputSelectEi
                0x000129d8       0x5c .pio\build\teensy41\libad2\libAudio.a(control_sgtl5000.cpp.o)
                0x000129d8                AudioControlSGTL5000::inputSelect(int)
 .text._ZN20AudioControlSGTL500011lineInLevelEhh
                0x00012a34       0x18 .pio\build\teensy41\libad2\libAudio.a(control_sgtl5000.cpp.o)
                0x00012a34                AudioControlSGTL5000::lineInLevel(unsigned char, unsigned char)
 .text._ZN20AudioControlSGTL500013volumeIntegerEj
                0x00012a4c       0x6c .pio\build\teensy41\libad2\libAudio.a(control_sgtl5000.cpp.o)
                0x00012a4c                AudioControlSGTL5000::volumeInteger(unsigned int)
 .text._ZN20AudioControlSGTL50006volumeEf
                0x00012ab8       0x88 .pio\build\teensy41\libad2\libAudio.a(control_sgtl5000.cpp.o)
                0x00012ab8                AudioControlSGTL5000::volume(float)
 .text._ZN20AudioControlSGTL500012lineOutLevelEh
                0x00012b40       0x3c .pio\build\teensy41\libad2\libAudio.a(control_sgtl5000.cpp.o)
                0x00012b40                AudioControlSGTL5000::lineOutLevel(unsigned char)
 .text._ZN19AudioEffectMultiply6updateEv
                0x00012b7c       0x90 .pio\build\teensy41\libad2\libAudio.a(effect_multiply.cpp.o)
                0x00012b7c                AudioEffectMultiply::update()
 .text._ZN14AudioFilterFIR6updateEv
                0x00012c0c       0x5c .pio\build\teensy41\libad2\libAudio.a(filter_fir.cpp.o)
                0x00012c0c                AudioFilterFIR::update()
 .text._ZN13AudioInputI2S3isrEv
                0x00012c68       0xc4 .pio\build\teensy41\libad2\libAudio.a(input_i2s.cpp.o)
                0x00012c68                AudioInputI2S::isr()
 .text._ZN13AudioInputI2S6updateEv
                0x00012d2c       0x9c .pio\build\teensy41\libad2\libAudio.a(input_i2s.cpp.o)
                0x00012d2c                AudioInputI2S::update()
 .text._ZN10DMAChannelD2Ev
                0x00012dc8        0xc .pio\build\teensy41\libad2\libAudio.a(input_i2s.cpp.o)
                0x00012dc8                DMAChannel::~DMAChannel()
                0x00012dc8                DMAChannel::~DMAChannel()
 .text._ZN13AudioInputI2S5beginEv
                0x00012dd4       0xcc .pio\build\teensy41\libad2\libAudio.a(input_i2s.cpp.o)
                0x00012dd4                AudioInputI2S::begin()
 .text.startup._GLOBAL__sub_I__ZN13AudioInputI2S10block_leftE
                0x00012ea0       0x18 .pio\build\teensy41\libad2\libAudio.a(input_i2s.cpp.o)
 .text._ZN14AudioAmplifier6updateEv
                0x00012eb8       0x80 .pio\build\teensy41\libad2\libAudio.a(mixer.cpp.o)
                0x00012eb8                AudioAmplifier::update()
 .text._ZN11AudioMixer46updateEv
                0x00012f38       0xf0 .pio\build\teensy41\libad2\libAudio.a(mixer.cpp.o)
                0x00012f38                AudioMixer4::update()
 .text._ZN14AudioOutputI2S3isrEv
                0x00013028      0x144 .pio\build\teensy41\libad2\libAudio.a(output_i2s.cpp.o)
                0x00013028                AudioOutputI2S::isr()
 .text._ZN14AudioOutputI2S6updateEv
                0x0001316c       0x98 .pio\build\teensy41\libad2\libAudio.a(output_i2s.cpp.o)
                0x0001316c                AudioOutputI2S::update()
 .text._ZN14AudioOutputI2S10config_i2sEb
                0x00013204       0xdc .pio\build\teensy41\libad2\libAudio.a(output_i2s.cpp.o)
                0x00013204                AudioOutputI2S::config_i2s(bool)
 .text._ZN14AudioOutputI2S5beginEv
                0x000132e0       0xdc .pio\build\teensy41\libad2\libAudio.a(output_i2s.cpp.o)
                0x000132e0                AudioOutputI2S::begin()
 .text.startup._GLOBAL__sub_I__ZN14AudioOutputI2S14block_left_1stE
                0x000133bc       0x18 .pio\build\teensy41\libad2\libAudio.a(output_i2s.cpp.o)
 .text._ZN16AudioRecordQueue6updateEv
                0x000133d4       0x40 .pio\build\teensy41\libad2\libAudio.a(record_queue.cpp.o)
                0x000133d4                AudioRecordQueue::update()
 .text._ZN16AudioRecordQueue9availableEv